<?xml version="1.0" encoding="ISO-8859-1" ?>
<link_info>
   <banner>TI ARM Linker PC v20.2.7.LTS</banner>
   <copyright>Copyright (c) 1996-2018 Texas Instruments Incorporated</copyright>
   <link_time>0x663d43da</link_time>
   <link_errors>0x0</link_errors>
   <output_file>Power_Window_Controls.out</output_file>
   <entry_point>
      <name>_c_int00_noargs</name>
      <address>0x4df1</address>
   </entry_point>
   <input_file_list>
      <input_file id="fl-2">
         <path>.\</path>
         <kind>object</kind>
         <file>main.obj</file>
         <name>main.obj</name>
      </input_file>
      <input_file id="fl-3">
         <path>.\</path>
         <kind>object</kind>
         <file>tm4c123gh6pm_startup_ccs.obj</file>
         <name>tm4c123gh6pm_startup_ccs.obj</name>
      </input_file>
      <input_file id="fl-4">
         <path>.\FreeRTOS\Source\</path>
         <kind>object</kind>
         <file>event_groups.obj</file>
         <name>event_groups.obj</name>
      </input_file>
      <input_file id="fl-5">
         <path>.\FreeRTOS\Source\</path>
         <kind>object</kind>
         <file>list.obj</file>
         <name>list.obj</name>
      </input_file>
      <input_file id="fl-6">
         <path>.\FreeRTOS\Source\</path>
         <kind>object</kind>
         <file>queue.obj</file>
         <name>queue.obj</name>
      </input_file>
      <input_file id="fl-7">
         <path>.\FreeRTOS\Source\</path>
         <kind>object</kind>
         <file>tasks.obj</file>
         <name>tasks.obj</name>
      </input_file>
      <input_file id="fl-8">
         <path>.\FreeRTOS\Source\</path>
         <kind>object</kind>
         <file>timers.obj</file>
         <name>timers.obj</name>
      </input_file>
      <input_file id="fl-9">
         <path>.\FreeRTOS\Source\portable\CCS\ARM_CM4F\</path>
         <kind>object</kind>
         <file>port.obj</file>
         <name>port.obj</name>
      </input_file>
      <input_file id="fl-a">
         <path>.\FreeRTOS\Source\portable\CCS\ARM_CM4F\</path>
         <kind>object</kind>
         <file>portasm.obj</file>
         <name>portasm.obj</name>
      </input_file>
      <input_file id="fl-b">
         <path>.\FreeRTOS\Source\portable\MemMang\</path>
         <kind>object</kind>
         <file>heap_1.obj</file>
         <name>heap_1.obj</name>
      </input_file>
      <input_file id="fl-c">
         <path>.\HAL\Motors\</path>
         <kind>object</kind>
         <file>motors.obj</file>
         <name>motors.obj</name>
      </input_file>
      <input_file id="fl-d">
         <path>.\HAL\Window_Controls\</path>
         <kind>object</kind>
         <file>window_control.obj</file>
         <name>window_control.obj</name>
      </input_file>
      <input_file id="fl-e">
         <path>.\MCAL\GPIO\</path>
         <kind>object</kind>
         <file>gpio.obj</file>
         <name>gpio.obj</name>
      </input_file>
      <input_file id="fl-f">
         <path>.\MCAL\GPTM\</path>
         <kind>object</kind>
         <file>GPTM.obj</file>
         <name>GPTM.obj</name>
      </input_file>
      <input_file id="fl-10">
         <path>.\MCAL\UART\</path>
         <kind>object</kind>
         <file>uart0.obj</file>
         <name>uart0.obj</name>
      </input_file>
      <input_file id="fl-14">
         <kind>object</kind>
         <file>&lt;internal&gt;</file>
         <name>&lt;internal&gt;</name>
      </input_file>
      <input_file id="fl-ca">
         <path>D:\ASU\4-Senior1\ti\ccs1270\ccs\tools\compiler\ti-cgt-arm_20.2.7.LTS\lib\</path>
         <kind>archive</kind>
         <file>rtsv7M4_T_le_v4SPD16_eabi.lib</file>
         <name>memcpy_t2.asm.obj</name>
      </input_file>
      <input_file id="fl-cb">
         <path>D:\ASU\4-Senior1\ti\ccs1270\ccs\tools\compiler\ti-cgt-arm_20.2.7.LTS\lib\</path>
         <kind>archive</kind>
         <file>rtsv7M4_T_le_v4SPD16_eabi.lib</file>
         <name>memset_t2.asm.obj</name>
      </input_file>
      <input_file id="fl-cc">
         <path>D:\ASU\4-Senior1\ti\ccs1270\ccs\tools\compiler\ti-cgt-arm_20.2.7.LTS\lib\</path>
         <kind>archive</kind>
         <file>rtsv7M4_T_le_v4SPD16_eabi.lib</file>
         <name>ll_div_t2.asm.obj</name>
      </input_file>
      <input_file id="fl-cd">
         <path>D:\ASU\4-Senior1\ti\ccs1270\ccs\tools\compiler\ti-cgt-arm_20.2.7.LTS\lib\</path>
         <kind>archive</kind>
         <file>rtsv7M4_T_le_v4SPD16_eabi.lib</file>
         <name>ull_div_t2.asm.obj</name>
      </input_file>
      <input_file id="fl-ce">
         <path>D:\ASU\4-Senior1\ti\ccs1270\ccs\tools\compiler\ti-cgt-arm_20.2.7.LTS\lib\</path>
         <kind>archive</kind>
         <file>rtsv7M4_T_le_v4SPD16_eabi.lib</file>
         <name>copy_zero_init.c.obj</name>
      </input_file>
      <input_file id="fl-cf">
         <path>D:\ASU\4-Senior1\ti\ccs1270\ccs\tools\compiler\ti-cgt-arm_20.2.7.LTS\lib\</path>
         <kind>archive</kind>
         <file>rtsv7M4_T_le_v4SPD16_eabi.lib</file>
         <name>copy_decompress_none.c.obj</name>
      </input_file>
      <input_file id="fl-d0">
         <path>D:\ASU\4-Senior1\ti\ccs1270\ccs\tools\compiler\ti-cgt-arm_20.2.7.LTS\lib\</path>
         <kind>archive</kind>
         <file>rtsv7M4_T_le_v4SPD16_eabi.lib</file>
         <name>copy_decompress_lzss.c.obj</name>
      </input_file>
      <input_file id="fl-d1">
         <path>D:\ASU\4-Senior1\ti\ccs1270\ccs\tools\compiler\ti-cgt-arm_20.2.7.LTS\lib\</path>
         <kind>archive</kind>
         <file>rtsv7M4_T_le_v4SPD16_eabi.lib</file>
         <name>boot_cortex_m.c.obj</name>
      </input_file>
      <input_file id="fl-d2">
         <path>D:\ASU\4-Senior1\ti\ccs1270\ccs\tools\compiler\ti-cgt-arm_20.2.7.LTS\lib\</path>
         <kind>archive</kind>
         <file>rtsv7M4_T_le_v4SPD16_eabi.lib</file>
         <name>div0.asm.obj</name>
      </input_file>
      <input_file id="fl-d3">
         <path>D:\ASU\4-Senior1\ti\ccs1270\ccs\tools\compiler\ti-cgt-arm_20.2.7.LTS\lib\</path>
         <kind>archive</kind>
         <file>rtsv7M4_T_le_v4SPD16_eabi.lib</file>
         <name>autoinit.c.obj</name>
      </input_file>
      <input_file id="fl-d4">
         <path>D:\ASU\4-Senior1\ti\ccs1270\ccs\tools\compiler\ti-cgt-arm_20.2.7.LTS\lib\</path>
         <kind>archive</kind>
         <file>rtsv7M4_T_le_v4SPD16_eabi.lib</file>
         <name>pre_init.c.obj</name>
      </input_file>
      <input_file id="fl-d5">
         <path>D:\ASU\4-Senior1\ti\ccs1270\ccs\tools\compiler\ti-cgt-arm_20.2.7.LTS\lib\</path>
         <kind>archive</kind>
         <file>rtsv7M4_T_le_v4SPD16_eabi.lib</file>
         <name>cpy_tbl.c.obj</name>
      </input_file>
      <input_file id="fl-d6">
         <path>D:\ASU\4-Senior1\ti\ccs1270\ccs\tools\compiler\ti-cgt-arm_20.2.7.LTS\lib\</path>
         <kind>archive</kind>
         <file>rtsv7M4_T_le_v4SPD16_eabi.lib</file>
         <name>exit.c.obj</name>
      </input_file>
      <input_file id="fl-d7">
         <path>D:\ASU\4-Senior1\ti\ccs1270\ccs\tools\compiler\ti-cgt-arm_20.2.7.LTS\lib\</path>
         <kind>archive</kind>
         <file>rtsv7M4_T_le_v4SPD16_eabi.lib</file>
         <name>_lock.c.obj</name>
      </input_file>
      <input_file id="fl-d8">
         <path>D:\ASU\4-Senior1\ti\ccs1270\ccs\tools\compiler\ti-cgt-arm_20.2.7.LTS\lib\</path>
         <kind>archive</kind>
         <file>rtsv7M4_T_le_v4SPD16_eabi.lib</file>
         <name>args_main.c.obj</name>
      </input_file>
   </input_file_list>
   <object_component_list>
      <object_component id="oc-12">
         <name>.intvecs</name>
         <load_address>0x0</load_address>
         <run_address>0x0</run_address>
         <size>0x26c</size>
         <input_file_ref idref="fl-3"/>
      </object_component>
      <object_component id="oc-85">
         <name>.text</name>
         <load_address>0x26c</load_address>
         <run_address>0x26c</run_address>
         <size>0x200c</size>
         <input_file_ref idref="fl-7"/>
      </object_component>
      <object_component id="oc-b2">
         <name>.text</name>
         <load_address>0x2278</load_address>
         <run_address>0x2278</run_address>
         <size>0xf1a</size>
         <input_file_ref idref="fl-6"/>
      </object_component>
      <object_component id="oc-38">
         <name>.text</name>
         <load_address>0x3194</load_address>
         <run_address>0x3194</run_address>
         <size>0xc18</size>
         <input_file_ref idref="fl-2"/>
      </object_component>
      <object_component id="oc-a6">
         <name>.text</name>
         <load_address>0x3dac</load_address>
         <run_address>0x3dac</run_address>
         <size>0x534</size>
         <input_file_ref idref="fl-e"/>
      </object_component>
      <object_component id="oc-a0">
         <name>.text</name>
         <load_address>0x42e0</load_address>
         <run_address>0x42e0</run_address>
         <size>0x2cc</size>
         <input_file_ref idref="fl-d"/>
      </object_component>
      <object_component id="oc-32">
         <name>.text</name>
         <load_address>0x45ac</load_address>
         <run_address>0x45ac</run_address>
         <size>0x2b4</size>
         <input_file_ref idref="fl-9"/>
      </object_component>
      <object_component id="oc-110">
         <name>.text</name>
         <load_address>0x4860</load_address>
         <run_address>0x4860</run_address>
         <size>0x12a</size>
         <input_file_ref idref="fl-5"/>
      </object_component>
      <object_component id="oc-ac">
         <name>.text</name>
         <load_address>0x498c</load_address>
         <run_address>0x498c</run_address>
         <size>0xf4</size>
         <input_file_ref idref="fl-c"/>
      </object_component>
      <object_component id="oc-2d">
         <name>.text</name>
         <load_address>0x4a80</load_address>
         <run_address>0x4a80</run_address>
         <size>0xda</size>
         <input_file_ref idref="fl-a"/>
      </object_component>
      <object_component id="oc-10a">
         <name>.text</name>
         <load_address>0x4b5c</load_address>
         <run_address>0x4b5c</run_address>
         <size>0xd0</size>
         <input_file_ref idref="fl-b"/>
      </object_component>
      <object_component id="oc-4c">
         <name>.text</name>
         <load_address>0x4c2c</load_address>
         <run_address>0x4c2c</run_address>
         <size>0x9c</size>
         <input_file_ref idref="fl-ca"/>
      </object_component>
      <object_component id="oc-e8">
         <name>.text</name>
         <load_address>0x4cc8</load_address>
         <run_address>0x4cc8</run_address>
         <size>0x7a</size>
         <input_file_ref idref="fl-cb"/>
      </object_component>
      <object_component id="oc-15">
         <name>.text:decompress:lzss:__TI_decompress_lzss</name>
         <load_address>0x4d42</load_address>
         <run_address>0x4d42</run_address>
         <size>0x68</size>
         <input_file_ref idref="fl-d0"/>
      </object_component>
      <object_component id="oc-18f">
         <name>.text:__TI_auto_init_nobinit_nopinit:__TI_auto_init_nobinit_nopinit</name>
         <load_address>0x4dac</load_address>
         <run_address>0x4dac</run_address>
         <size>0x44</size>
         <input_file_ref idref="fl-d3"/>
      </object_component>
      <object_component id="oc-6a">
         <name>.text:_c_int00_noargs:_c_int00_noargs</name>
         <load_address>0x4df0</load_address>
         <run_address>0x4df0</run_address>
         <size>0x34</size>
         <input_file_ref idref="fl-d1"/>
      </object_component>
      <object_component id="oc-1b">
         <name>.text:decompress:none:__TI_decompress_none</name>
         <load_address>0x4e24</load_address>
         <run_address>0x4e24</run_address>
         <size>0xe</size>
         <input_file_ref idref="fl-cf"/>
      </object_component>
      <object_component id="oc-5e">
         <name>.text:decompress:ZI:__TI_zero_init</name>
         <load_address>0x4e32</load_address>
         <run_address>0x4e32</run_address>
         <size>0xc</size>
         <input_file_ref idref="fl-ce"/>
      </object_component>
      <object_component id="oc-27">
         <name>.text</name>
         <load_address>0x4e3e</load_address>
         <run_address>0x4e3e</run_address>
         <size>0xc</size>
         <input_file_ref idref="fl-3"/>
      </object_component>
      <object_component id="oc-ee">
         <name>.text:_system_pre_init</name>
         <load_address>0x4e4a</load_address>
         <run_address>0x4e4a</run_address>
         <size>0x4</size>
         <input_file_ref idref="fl-d4"/>
      </object_component>
      <object_component id="oc-183">
         <name>.text:abort:abort</name>
         <load_address>0x4e4e</load_address>
         <run_address>0x4e4e</run_address>
         <size>0x4</size>
         <input_file_ref idref="fl-d6"/>
      </object_component>
      <object_component id="oc-82">
         <name>.const</name>
         <load_address>0x4e54</load_address>
         <run_address>0x4e54</run_address>
         <size>0x8</size>
         <input_file_ref idref="fl-9"/>
      </object_component>
      <object_component id="oc-122">
         <name>.const</name>
         <load_address>0x4e5c</load_address>
         <run_address>0x4e5c</run_address>
         <size>0x4</size>
         <input_file_ref idref="fl-7"/>
      </object_component>
      <object_component id="oc-28c">
         <name>.cinit..data.load</name>
         <load_address>0x4e60</load_address>
         <run_address>0x4e60</run_address>
         <size>0x12</size>
      </object_component>
      <object_component id="oc-28a">
         <name>__TI_handler_table</name>
         <load_address>0x4e74</load_address>
         <run_address>0x4e74</run_address>
         <size>0xc</size>
      </object_component>
      <object_component id="oc-28d">
         <name>.cinit..bss.load</name>
         <load_address>0x4e80</load_address>
         <run_address>0x4e80</run_address>
         <size>0x8</size>
      </object_component>
      <object_component id="oc-28b">
         <name>__TI_cinit_table</name>
         <load_address>0x4e88</load_address>
         <run_address>0x4e88</run_address>
         <size>0x10</size>
      </object_component>
      <object_component id="oc-7f">
         <name>.data</name>
         <load_address>0x20001f70</load_address>
         <run_address>0x20001f70</run_address>
         <size>0x34</size>
         <input_file_ref idref="fl-7"/>
      </object_component>
      <object_component id="oc-8c">
         <name>.data</name>
         <load_address>0x20001fa4</load_address>
         <run_address>0x20001fa4</run_address>
         <size>0xc</size>
         <input_file_ref idref="fl-9"/>
      </object_component>
      <object_component id="oc-1d7">
         <name>.data</name>
         <load_address>0x20001fb0</load_address>
         <run_address>0x20001fb0</run_address>
         <size>0x8</size>
         <input_file_ref idref="fl-b"/>
      </object_component>
      <object_component id="oc-116">
         <name>.bss:pxReadyTasksLists</name>
         <uninitialized>true</uninitialized>
         <run_address>0x20001c70</run_address>
         <size>0x64</size>
         <input_file_ref idref="fl-7"/>
      </object_component>
      <object_component id="oc-128">
         <name>.bss:xDelayedTaskList1</name>
         <uninitialized>true</uninitialized>
         <run_address>0x20001cd4</run_address>
         <size>0x14</size>
         <input_file_ref idref="fl-7"/>
      </object_component>
      <object_component id="oc-12b">
         <name>.bss:xDelayedTaskList2</name>
         <uninitialized>true</uninitialized>
         <run_address>0x20001ce8</run_address>
         <size>0x14</size>
         <input_file_ref idref="fl-7"/>
      </object_component>
      <object_component id="oc-125">
         <name>.bss</name>
         <uninitialized>true</uninitialized>
         <run_address>0x20001d38</run_address>
         <size>0x8</size>
         <input_file_ref idref="fl-7"/>
      </object_component>
      <object_component id="oc-11f">
         <name>.bss:xPendingReadyList</name>
         <uninitialized>true</uninitialized>
         <run_address>0x20001cfc</run_address>
         <size>0x14</size>
         <input_file_ref idref="fl-7"/>
      </object_component>
      <object_component id="oc-119">
         <name>.bss:xTasksWaitingTermination</name>
         <uninitialized>true</uninitialized>
         <run_address>0x20001d24</run_address>
         <size>0x14</size>
         <input_file_ref idref="fl-7"/>
      </object_component>
      <object_component id="oc-11c">
         <name>.bss:xSuspendedTaskList</name>
         <uninitialized>true</uninitialized>
         <run_address>0x20001d10</run_address>
         <size>0x14</size>
         <input_file_ref idref="fl-7"/>
      </object_component>
      <object_component id="oc-1da">
         <name>.bss:ucHeap</name>
         <uninitialized>true</uninitialized>
         <run_address>0x20000000</run_address>
         <size>0x1c70</size>
         <input_file_ref idref="fl-b"/>
      </object_component>
      <object_component id="oc-bd">
         <name>.common:qLimitUpFlag</name>
         <uninitialized>true</uninitialized>
         <run_address>0x20001d54</run_address>
         <size>0x4</size>
      </object_component>
      <object_component id="oc-be">
         <name>.common:qLimitDownFlag</name>
         <uninitialized>true</uninitialized>
         <run_address>0x20001d50</run_address>
         <size>0x4</size>
      </object_component>
      <object_component id="oc-bf">
         <name>.common:qJamFlag</name>
         <uninitialized>true</uninitialized>
         <run_address>0x20001d4c</run_address>
         <size>0x4</size>
      </object_component>
      <object_component id="oc-c0">
         <name>.common:qLockFlag</name>
         <uninitialized>true</uninitialized>
         <run_address>0x20001d58</run_address>
         <size>0x4</size>
      </object_component>
      <object_component id="oc-c1">
         <name>.common:qDriverFlag</name>
         <uninitialized>true</uninitialized>
         <run_address>0x20001d44</run_address>
         <size>0x4</size>
      </object_component>
      <object_component id="oc-b8">
         <name>.common:qDriverModeFlag</name>
         <uninitialized>true</uninitialized>
         <run_address>0x20001d48</run_address>
         <size>0x4</size>
      </object_component>
      <object_component id="oc-c2">
         <name>.common:sPassengerUp</name>
         <uninitialized>true</uninitialized>
         <run_address>0x20001d6c</run_address>
         <size>0x4</size>
      </object_component>
      <object_component id="oc-bb">
         <name>.common:sPassengerDown</name>
         <uninitialized>true</uninitialized>
         <run_address>0x20001d68</run_address>
         <size>0x4</size>
      </object_component>
      <object_component id="oc-bc">
         <name>.common:sDriverUp</name>
         <uninitialized>true</uninitialized>
         <run_address>0x20001d60</run_address>
         <size>0x4</size>
      </object_component>
      <object_component id="oc-c3">
         <name>.common:sDriverDown</name>
         <uninitialized>true</uninitialized>
         <run_address>0x20001d5c</run_address>
         <size>0x4</size>
      </object_component>
      <object_component id="oc-c4">
         <name>.common:sJam</name>
         <uninitialized>true</uninitialized>
         <run_address>0x20001d64</run_address>
         <size>0x4</size>
      </object_component>
      <object_component id="oc-c5">
         <name>.common:mutex</name>
         <uninitialized>true</uninitialized>
         <run_address>0x20001d40</run_address>
         <size>0x4</size>
      </object_component>
      <object_component id="oc-24">
         <name>.stack</name>
         <uninitialized>true</uninitialized>
         <run_address>0x20001d70</run_address>
         <size>0x4</size>
         <input_file_ref idref="fl-d1"/>
      </object_component>
      <object_component id="oc-28f">
         <name>.stack</name>
         <uninitialized>true</uninitialized>
         <run_address>0x20001d70</run_address>
         <size>0x0</size>
      </object_component>
      <object_component id="oc-b9">
         <name>.debug_info</name>
         <load_address>0x0</load_address>
         <run_address>0x0</run_address>
         <size>0xbf7</size>
         <input_file_ref idref="fl-2"/>
      </object_component>
      <object_component id="oc-3a">
         <name>.debug_info</name>
         <load_address>0xbf7</load_address>
         <run_address>0xbf7</run_address>
         <size>0x180a</size>
         <input_file_ref idref="fl-2"/>
      </object_component>
      <object_component id="oc-138">
         <name>.debug_info</name>
         <load_address>0x2401</load_address>
         <run_address>0x2401</run_address>
         <size>0x315</size>
         <input_file_ref idref="fl-2"/>
      </object_component>
      <object_component id="oc-ce">
         <name>.debug_info</name>
         <load_address>0x2716</load_address>
         <run_address>0x2716</run_address>
         <size>0x26b</size>
         <input_file_ref idref="fl-2"/>
      </object_component>
      <object_component id="oc-156">
         <name>.debug_info</name>
         <load_address>0x2981</load_address>
         <run_address>0x2981</run_address>
         <size>0xc2</size>
         <input_file_ref idref="fl-2"/>
      </object_component>
      <object_component id="oc-142">
         <name>.debug_info</name>
         <load_address>0x2a43</load_address>
         <run_address>0x2a43</run_address>
         <size>0x3e3</size>
         <input_file_ref idref="fl-2"/>
      </object_component>
      <object_component id="oc-169">
         <name>.debug_info</name>
         <load_address>0x2e26</load_address>
         <run_address>0x2e26</run_address>
         <size>0x4f</size>
         <input_file_ref idref="fl-2"/>
      </object_component>
      <object_component id="oc-16e">
         <name>.debug_info</name>
         <load_address>0x2e75</load_address>
         <run_address>0x2e75</run_address>
         <size>0x2c</size>
         <input_file_ref idref="fl-2"/>
      </object_component>
      <object_component id="oc-47">
         <name>.debug_info</name>
         <load_address>0x2ea1</load_address>
         <run_address>0x2ea1</run_address>
         <size>0x84</size>
         <input_file_ref idref="fl-2"/>
      </object_component>
      <object_component id="oc-91">
         <name>.debug_info</name>
         <load_address>0x2f25</load_address>
         <run_address>0x2f25</run_address>
         <size>0x2c</size>
         <input_file_ref idref="fl-2"/>
      </object_component>
      <object_component id="oc-147">
         <name>.debug_info</name>
         <load_address>0x2f51</load_address>
         <run_address>0x2f51</run_address>
         <size>0x2a4</size>
         <input_file_ref idref="fl-2"/>
      </object_component>
      <object_component id="oc-9b">
         <name>.debug_info</name>
         <load_address>0x31f5</load_address>
         <run_address>0x31f5</run_address>
         <size>0xbb</size>
         <input_file_ref idref="fl-2"/>
      </object_component>
      <object_component id="oc-c7">
         <name>.debug_info</name>
         <load_address>0x32b0</load_address>
         <run_address>0x32b0</run_address>
         <size>0x234</size>
         <input_file_ref idref="fl-2"/>
      </object_component>
      <object_component id="oc-133">
         <name>.debug_info</name>
         <load_address>0x34e4</load_address>
         <run_address>0x34e4</run_address>
         <size>0x53</size>
         <input_file_ref idref="fl-2"/>
      </object_component>
      <object_component id="oc-96">
         <name>.debug_info</name>
         <load_address>0x3537</load_address>
         <run_address>0x3537</run_address>
         <size>0x53</size>
         <input_file_ref idref="fl-2"/>
      </object_component>
      <object_component id="oc-13d">
         <name>.debug_info</name>
         <load_address>0x358a</load_address>
         <run_address>0x358a</run_address>
         <size>0x14c</size>
         <input_file_ref idref="fl-2"/>
      </object_component>
      <object_component id="oc-40">
         <name>.debug_info</name>
         <load_address>0x36d6</load_address>
         <run_address>0x36d6</run_address>
         <size>0x3ed</size>
         <input_file_ref idref="fl-3"/>
      </object_component>
      <object_component id="oc-13">
         <name>.debug_info</name>
         <load_address>0x3ac3</load_address>
         <run_address>0x3ac3</run_address>
         <size>0x124</size>
         <input_file_ref idref="fl-3"/>
      </object_component>
      <object_component id="oc-28">
         <name>.debug_info</name>
         <load_address>0x3be7</load_address>
         <run_address>0x3be7</run_address>
         <size>0x2a0</size>
         <input_file_ref idref="fl-3"/>
      </object_component>
      <object_component id="oc-1fc">
         <name>.debug_info</name>
         <load_address>0x3e87</load_address>
         <run_address>0x3e87</run_address>
         <size>0x686</size>
         <input_file_ref idref="fl-4"/>
      </object_component>
      <object_component id="oc-162">
         <name>.debug_info</name>
         <load_address>0x450d</load_address>
         <run_address>0x450d</run_address>
         <size>0x110</size>
         <input_file_ref idref="fl-4"/>
      </object_component>
      <object_component id="oc-1d2">
         <name>.debug_info</name>
         <load_address>0x461d</load_address>
         <run_address>0x461d</run_address>
         <size>0x3e3</size>
         <input_file_ref idref="fl-4"/>
      </object_component>
      <object_component id="oc-227">
         <name>.debug_info</name>
         <load_address>0x4a00</load_address>
         <run_address>0x4a00</run_address>
         <size>0x62</size>
         <input_file_ref idref="fl-4"/>
      </object_component>
      <object_component id="oc-22c">
         <name>.debug_info</name>
         <load_address>0x4a62</load_address>
         <run_address>0x4a62</run_address>
         <size>0x39</size>
         <input_file_ref idref="fl-4"/>
      </object_component>
      <object_component id="oc-1c3">
         <name>.debug_info</name>
         <load_address>0x4a9b</load_address>
         <run_address>0x4a9b</run_address>
         <size>0x4f</size>
         <input_file_ref idref="fl-4"/>
      </object_component>
      <object_component id="oc-1e0">
         <name>.debug_info</name>
         <load_address>0x4aea</load_address>
         <run_address>0x4aea</run_address>
         <size>0x3bd</size>
         <input_file_ref idref="fl-5"/>
      </object_component>
      <object_component id="oc-113">
         <name>.debug_info</name>
         <load_address>0x4ea7</load_address>
         <run_address>0x4ea7</run_address>
         <size>0x52d</size>
         <input_file_ref idref="fl-5"/>
      </object_component>
      <object_component id="oc-161">
         <name>.debug_info</name>
         <load_address>0x53d4</load_address>
         <run_address>0x53d4</run_address>
         <size>0x88f</size>
         <input_file_ref idref="fl-6"/>
      </object_component>
      <object_component id="oc-b4">
         <name>.debug_info</name>
         <load_address>0x5c63</load_address>
         <run_address>0x5c63</run_address>
         <size>0x2fd8</size>
         <input_file_ref idref="fl-6"/>
      </object_component>
      <object_component id="oc-1f7">
         <name>.debug_info</name>
         <load_address>0x8c3b</load_address>
         <run_address>0x8c3b</run_address>
         <size>0x1c7</size>
         <input_file_ref idref="fl-6"/>
      </object_component>
      <object_component id="oc-15c">
         <name>.debug_info</name>
         <load_address>0x8e02</load_address>
         <run_address>0x8e02</run_address>
         <size>0x46</size>
         <input_file_ref idref="fl-6"/>
      </object_component>
      <object_component id="oc-1c8">
         <name>.debug_info</name>
         <load_address>0x8e48</load_address>
         <run_address>0x8e48</run_address>
         <size>0x35</size>
         <input_file_ref idref="fl-6"/>
      </object_component>
      <object_component id="oc-102">
         <name>.debug_info</name>
         <load_address>0x8e7d</load_address>
         <run_address>0x8e7d</run_address>
         <size>0x7e3</size>
         <input_file_ref idref="fl-7"/>
      </object_component>
      <object_component id="oc-80">
         <name>.debug_info</name>
         <load_address>0x9660</load_address>
         <run_address>0x9660</run_address>
         <size>0x382</size>
         <input_file_ref idref="fl-7"/>
      </object_component>
      <object_component id="oc-117">
         <name>.debug_info</name>
         <load_address>0x99e2</load_address>
         <run_address>0x99e2</run_address>
         <size>0x12b</size>
         <input_file_ref idref="fl-7"/>
      </object_component>
      <object_component id="oc-129">
         <name>.debug_info</name>
         <load_address>0x9b0d</load_address>
         <run_address>0x9b0d</run_address>
         <size>0x12b</size>
         <input_file_ref idref="fl-7"/>
      </object_component>
      <object_component id="oc-12c">
         <name>.debug_info</name>
         <load_address>0x9c38</load_address>
         <run_address>0x9c38</run_address>
         <size>0x12b</size>
         <input_file_ref idref="fl-7"/>
      </object_component>
      <object_component id="oc-126">
         <name>.debug_info</name>
         <load_address>0x9d63</load_address>
         <run_address>0x9d63</run_address>
         <size>0x16e</size>
         <input_file_ref idref="fl-7"/>
      </object_component>
      <object_component id="oc-120">
         <name>.debug_info</name>
         <load_address>0x9ed1</load_address>
         <run_address>0x9ed1</run_address>
         <size>0x12b</size>
         <input_file_ref idref="fl-7"/>
      </object_component>
      <object_component id="oc-11a">
         <name>.debug_info</name>
         <load_address>0x9ffc</load_address>
         <run_address>0x9ffc</run_address>
         <size>0x139</size>
         <input_file_ref idref="fl-7"/>
      </object_component>
      <object_component id="oc-11d">
         <name>.debug_info</name>
         <load_address>0xa135</load_address>
         <run_address>0xa135</run_address>
         <size>0x12d</size>
         <input_file_ref idref="fl-7"/>
      </object_component>
      <object_component id="oc-123">
         <name>.debug_info</name>
         <load_address>0xa262</load_address>
         <run_address>0xa262</run_address>
         <size>0x12c</size>
         <input_file_ref idref="fl-7"/>
      </object_component>
      <object_component id="oc-87">
         <name>.debug_info</name>
         <load_address>0xa38e</load_address>
         <run_address>0xa38e</run_address>
         <size>0x4526</size>
         <input_file_ref idref="fl-7"/>
      </object_component>
      <object_component id="oc-103">
         <name>.debug_info</name>
         <load_address>0xe8b4</load_address>
         <run_address>0xe8b4</run_address>
         <size>0x30c</size>
         <input_file_ref idref="fl-7"/>
      </object_component>
      <object_component id="oc-1cd">
         <name>.debug_info</name>
         <load_address>0xebc0</load_address>
         <run_address>0xebc0</run_address>
         <size>0x11b</size>
         <input_file_ref idref="fl-7"/>
      </object_component>
      <object_component id="oc-90">
         <name>.debug_info</name>
         <load_address>0xecdb</load_address>
         <run_address>0xecdb</run_address>
         <size>0x4a4</size>
         <input_file_ref idref="fl-9"/>
      </object_component>
      <object_component id="oc-83">
         <name>.debug_info</name>
         <load_address>0xf17f</load_address>
         <run_address>0xf17f</run_address>
         <size>0x1a0</size>
         <input_file_ref idref="fl-9"/>
      </object_component>
      <object_component id="oc-8d">
         <name>.debug_info</name>
         <load_address>0xf31f</load_address>
         <run_address>0xf31f</run_address>
         <size>0x1ab</size>
         <input_file_ref idref="fl-9"/>
      </object_component>
      <object_component id="oc-33">
         <name>.debug_info</name>
         <load_address>0xf4ca</load_address>
         <run_address>0xf4ca</run_address>
         <size>0x937</size>
         <input_file_ref idref="fl-9"/>
      </object_component>
      <object_component id="oc-2f">
         <name>.debug_info</name>
         <load_address>0xfe01</load_address>
         <run_address>0xfe01</run_address>
         <size>0x28d</size>
         <input_file_ref idref="fl-a"/>
      </object_component>
      <object_component id="oc-1de">
         <name>.debug_info</name>
         <load_address>0x1008e</load_address>
         <run_address>0x1008e</run_address>
         <size>0x456</size>
         <input_file_ref idref="fl-b"/>
      </object_component>
      <object_component id="oc-1db">
         <name>.debug_info</name>
         <load_address>0x104e4</load_address>
         <run_address>0x104e4</run_address>
         <size>0x126</size>
         <input_file_ref idref="fl-b"/>
      </object_component>
      <object_component id="oc-1d8">
         <name>.debug_info</name>
         <load_address>0x1060a</load_address>
         <run_address>0x1060a</run_address>
         <size>0x134</size>
         <input_file_ref idref="fl-b"/>
      </object_component>
      <object_component id="oc-10b">
         <name>.debug_info</name>
         <load_address>0x1073e</load_address>
         <run_address>0x1073e</run_address>
         <size>0x444</size>
         <input_file_ref idref="fl-b"/>
      </object_component>
      <object_component id="oc-af">
         <name>.debug_info</name>
         <load_address>0x10b82</load_address>
         <run_address>0x10b82</run_address>
         <size>0x60b</size>
         <input_file_ref idref="fl-c"/>
      </object_component>
      <object_component id="oc-14d">
         <name>.debug_info</name>
         <load_address>0x1118d</load_address>
         <run_address>0x1118d</run_address>
         <size>0x387</size>
         <input_file_ref idref="fl-d"/>
      </object_component>
      <object_component id="oc-a4">
         <name>.debug_info</name>
         <load_address>0x11514</load_address>
         <run_address>0x11514</run_address>
         <size>0x512</size>
         <input_file_ref idref="fl-d"/>
      </object_component>
      <object_component id="oc-14e">
         <name>.debug_info</name>
         <load_address>0x11a26</load_address>
         <run_address>0x11a26</run_address>
         <size>0x55</size>
         <input_file_ref idref="fl-d"/>
      </object_component>
      <object_component id="oc-154">
         <name>.debug_info</name>
         <load_address>0x11a7b</load_address>
         <run_address>0x11a7b</run_address>
         <size>0x33b</size>
         <input_file_ref idref="fl-e"/>
      </object_component>
      <object_component id="oc-aa">
         <name>.debug_info</name>
         <load_address>0x11db6</load_address>
         <run_address>0x11db6</run_address>
         <size>0xbe3</size>
         <input_file_ref idref="fl-e"/>
      </object_component>
      <object_component id="oc-4e">
         <name>.debug_info</name>
         <load_address>0x12999</load_address>
         <run_address>0x12999</run_address>
         <size>0x119</size>
         <input_file_ref idref="fl-ca"/>
      </object_component>
      <object_component id="oc-e9">
         <name>.debug_info</name>
         <load_address>0x12ab2</load_address>
         <run_address>0x12ab2</run_address>
         <size>0x147</size>
         <input_file_ref idref="fl-cb"/>
      </object_component>
      <object_component id="oc-e7">
         <name>.debug_info</name>
         <load_address>0x12bf9</load_address>
         <run_address>0x12bf9</run_address>
         <size>0x2d4</size>
         <input_file_ref idref="fl-ce"/>
      </object_component>
      <object_component id="oc-62">
         <name>.debug_info</name>
         <load_address>0x12ecd</load_address>
         <run_address>0x12ecd</run_address>
         <size>0x1b5</size>
         <input_file_ref idref="fl-ce"/>
      </object_component>
      <object_component id="oc-e2">
         <name>.debug_info</name>
         <load_address>0x13082</load_address>
         <run_address>0x13082</run_address>
         <size>0x46</size>
         <input_file_ref idref="fl-ce"/>
      </object_component>
      <object_component id="oc-17a">
         <name>.debug_info</name>
         <load_address>0x130c8</load_address>
         <run_address>0x130c8</run_address>
         <size>0x2c</size>
         <input_file_ref idref="fl-ce"/>
      </object_component>
      <object_component id="oc-57">
         <name>.debug_info</name>
         <load_address>0x130f4</load_address>
         <run_address>0x130f4</run_address>
         <size>0x2a8</size>
         <input_file_ref idref="fl-cf"/>
      </object_component>
      <object_component id="oc-1f">
         <name>.debug_info</name>
         <load_address>0x1339c</load_address>
         <run_address>0x1339c</run_address>
         <size>0x1ea</size>
         <input_file_ref idref="fl-cf"/>
      </object_component>
      <object_component id="oc-52">
         <name>.debug_info</name>
         <load_address>0x13586</load_address>
         <run_address>0x13586</run_address>
         <size>0x46</size>
         <input_file_ref idref="fl-cf"/>
      </object_component>
      <object_component id="oc-da">
         <name>.debug_info</name>
         <load_address>0x135cc</load_address>
         <run_address>0x135cc</run_address>
         <size>0x2c</size>
         <input_file_ref idref="fl-cf"/>
      </object_component>
      <object_component id="oc-d8">
         <name>.debug_info</name>
         <load_address>0x135f8</load_address>
         <run_address>0x135f8</run_address>
         <size>0x29e</size>
         <input_file_ref idref="fl-d0"/>
      </object_component>
      <object_component id="oc-18">
         <name>.debug_info</name>
         <load_address>0x13896</load_address>
         <run_address>0x13896</run_address>
         <size>0x250</size>
         <input_file_ref idref="fl-d0"/>
      </object_component>
      <object_component id="oc-42">
         <name>.debug_info</name>
         <load_address>0x13ae6</load_address>
         <run_address>0x13ae6</run_address>
         <size>0x60</size>
         <input_file_ref idref="fl-d0"/>
      </object_component>
      <object_component id="oc-173">
         <name>.debug_info</name>
         <load_address>0x13b46</load_address>
         <run_address>0x13b46</run_address>
         <size>0x46</size>
         <input_file_ref idref="fl-d0"/>
      </object_component>
      <object_component id="oc-d3">
         <name>.debug_info</name>
         <load_address>0x13b8c</load_address>
         <run_address>0x13b8c</run_address>
         <size>0x39</size>
         <input_file_ref idref="fl-d0"/>
      </object_component>
      <object_component id="oc-25">
         <name>.debug_info</name>
         <load_address>0x13bc5</load_address>
         <run_address>0x13bc5</run_address>
         <size>0x10b</size>
         <input_file_ref idref="fl-d1"/>
      </object_component>
      <object_component id="oc-6e">
         <name>.debug_info</name>
         <load_address>0x13cd0</load_address>
         <run_address>0x13cd0</run_address>
         <size>0x1a9</size>
         <input_file_ref idref="fl-d1"/>
      </object_component>
      <object_component id="oc-208">
         <name>.debug_info</name>
         <load_address>0x13e79</load_address>
         <run_address>0x13e79</run_address>
         <size>0x4b3</size>
         <input_file_ref idref="fl-d3"/>
      </object_component>
      <object_component id="oc-192">
         <name>.debug_info</name>
         <load_address>0x1432c</load_address>
         <run_address>0x1432c</run_address>
         <size>0x1a6</size>
         <input_file_ref idref="fl-d3"/>
      </object_component>
      <object_component id="oc-241">
         <name>.debug_info</name>
         <load_address>0x144d2</load_address>
         <run_address>0x144d2</run_address>
         <size>0x39</size>
         <input_file_ref idref="fl-d3"/>
      </object_component>
      <object_component id="oc-255">
         <name>.debug_info</name>
         <load_address>0x1450b</load_address>
         <run_address>0x1450b</run_address>
         <size>0x39</size>
         <input_file_ref idref="fl-d3"/>
      </object_component>
      <object_component id="oc-246">
         <name>.debug_info</name>
         <load_address>0x14544</load_address>
         <run_address>0x14544</run_address>
         <size>0x39</size>
         <input_file_ref idref="fl-d3"/>
      </object_component>
      <object_component id="oc-24b">
         <name>.debug_info</name>
         <load_address>0x1457d</load_address>
         <run_address>0x1457d</run_address>
         <size>0xcd</size>
         <input_file_ref idref="fl-d3"/>
      </object_component>
      <object_component id="oc-ef">
         <name>.debug_info</name>
         <load_address>0x1464a</load_address>
         <run_address>0x1464a</run_address>
         <size>0x153</size>
         <input_file_ref idref="fl-d4"/>
      </object_component>
      <object_component id="oc-184">
         <name>.debug_info</name>
         <load_address>0x1479d</load_address>
         <run_address>0x1479d</run_address>
         <size>0x122</size>
         <input_file_ref idref="fl-d6"/>
      </object_component>
      <object_component id="oc-290">
         <name>.debug_info</name>
         <load_address>0x148bf</load_address>
         <run_address>0x148bf</run_address>
         <size>0xd7</size>
      </object_component>
      <object_component id="oc-168">
         <name>.debug_line</name>
         <load_address>0x0</load_address>
         <run_address>0x0</run_address>
         <size>0x2b4</size>
         <input_file_ref idref="fl-2"/>
      </object_component>
      <object_component id="oc-39">
         <name>.debug_line</name>
         <load_address>0x2b4</load_address>
         <run_address>0x2b4</run_address>
         <size>0x448</size>
         <input_file_ref idref="fl-2"/>
      </object_component>
      <object_component id="oc-13b">
         <name>.debug_line</name>
         <load_address>0x6fc</load_address>
         <run_address>0x6fc</run_address>
         <size>0xa5</size>
         <input_file_ref idref="fl-2"/>
      </object_component>
      <object_component id="oc-d1">
         <name>.debug_line</name>
         <load_address>0x7a1</load_address>
         <run_address>0x7a1</run_address>
         <size>0x7d</size>
         <input_file_ref idref="fl-2"/>
      </object_component>
      <object_component id="oc-159">
         <name>.debug_line</name>
         <load_address>0x81e</load_address>
         <run_address>0x81e</run_address>
         <size>0x97</size>
         <input_file_ref idref="fl-2"/>
      </object_component>
      <object_component id="oc-145">
         <name>.debug_line</name>
         <load_address>0x8b5</load_address>
         <run_address>0x8b5</run_address>
         <size>0xa9</size>
         <input_file_ref idref="fl-2"/>
      </object_component>
      <object_component id="oc-16c">
         <name>.debug_line</name>
         <load_address>0x95e</load_address>
         <run_address>0x95e</run_address>
         <size>0xa6</size>
         <input_file_ref idref="fl-2"/>
      </object_component>
      <object_component id="oc-171">
         <name>.debug_line</name>
         <load_address>0xa04</load_address>
         <run_address>0xa04</run_address>
         <size>0xa7</size>
         <input_file_ref idref="fl-2"/>
      </object_component>
      <object_component id="oc-4a">
         <name>.debug_line</name>
         <load_address>0xaab</load_address>
         <run_address>0xaab</run_address>
         <size>0x20</size>
         <input_file_ref idref="fl-2"/>
      </object_component>
      <object_component id="oc-94">
         <name>.debug_line</name>
         <load_address>0xacb</load_address>
         <run_address>0xacb</run_address>
         <size>0xa9</size>
         <input_file_ref idref="fl-2"/>
      </object_component>
      <object_component id="oc-14a">
         <name>.debug_line</name>
         <load_address>0xb74</load_address>
         <run_address>0xb74</run_address>
         <size>0x81</size>
         <input_file_ref idref="fl-2"/>
      </object_component>
      <object_component id="oc-9e">
         <name>.debug_line</name>
         <load_address>0xbf5</load_address>
         <run_address>0xbf5</run_address>
         <size>0x7e</size>
         <input_file_ref idref="fl-2"/>
      </object_component>
      <object_component id="oc-ca">
         <name>.debug_line</name>
         <load_address>0xc73</load_address>
         <run_address>0xc73</run_address>
         <size>0x99</size>
         <input_file_ref idref="fl-2"/>
      </object_component>
      <object_component id="oc-136">
         <name>.debug_line</name>
         <load_address>0xd0c</load_address>
         <run_address>0xd0c</run_address>
         <size>0x79</size>
         <input_file_ref idref="fl-2"/>
      </object_component>
      <object_component id="oc-99">
         <name>.debug_line</name>
         <load_address>0xd85</load_address>
         <run_address>0xd85</run_address>
         <size>0xb8</size>
         <input_file_ref idref="fl-2"/>
      </object_component>
      <object_component id="oc-140">
         <name>.debug_line</name>
         <load_address>0xe3d</load_address>
         <run_address>0xe3d</run_address>
         <size>0xa5</size>
         <input_file_ref idref="fl-2"/>
      </object_component>
      <object_component id="oc-cd">
         <name>.debug_line</name>
         <load_address>0xee2</load_address>
         <run_address>0xee2</run_address>
         <size>0x41</size>
         <input_file_ref idref="fl-3"/>
      </object_component>
      <object_component id="oc-3f">
         <name>.debug_line</name>
         <load_address>0xf23</load_address>
         <run_address>0xf23</run_address>
         <size>0x41</size>
         <input_file_ref idref="fl-3"/>
      </object_component>
      <object_component id="oc-2b">
         <name>.debug_line</name>
         <load_address>0xf64</load_address>
         <run_address>0xf64</run_address>
         <size>0xa1</size>
         <input_file_ref idref="fl-3"/>
      </object_component>
      <object_component id="oc-226">
         <name>.debug_line</name>
         <load_address>0x1005</load_address>
         <run_address>0x1005</run_address>
         <size>0x24b</size>
         <input_file_ref idref="fl-4"/>
      </object_component>
      <object_component id="oc-165">
         <name>.debug_line</name>
         <load_address>0x1250</load_address>
         <run_address>0x1250</run_address>
         <size>0x79</size>
         <input_file_ref idref="fl-4"/>
      </object_component>
      <object_component id="oc-1d5">
         <name>.debug_line</name>
         <load_address>0x12c9</load_address>
         <run_address>0x12c9</run_address>
         <size>0xa9</size>
         <input_file_ref idref="fl-4"/>
      </object_component>
      <object_component id="oc-22a">
         <name>.debug_line</name>
         <load_address>0x1372</load_address>
         <run_address>0x1372</run_address>
         <size>0x45</size>
         <input_file_ref idref="fl-4"/>
      </object_component>
      <object_component id="oc-22f">
         <name>.debug_line</name>
         <load_address>0x13b7</load_address>
         <run_address>0x13b7</run_address>
         <size>0xad</size>
         <input_file_ref idref="fl-4"/>
      </object_component>
      <object_component id="oc-1c6">
         <name>.debug_line</name>
         <load_address>0x1464</load_address>
         <run_address>0x1464</run_address>
         <size>0xa7</size>
         <input_file_ref idref="fl-4"/>
      </object_component>
      <object_component id="oc-224">
         <name>.debug_line</name>
         <load_address>0x150b</load_address>
         <run_address>0x150b</run_address>
         <size>0x20</size>
         <input_file_ref idref="fl-5"/>
      </object_component>
      <object_component id="oc-112">
         <name>.debug_line</name>
         <load_address>0x152b</load_address>
         <run_address>0x152b</run_address>
         <size>0xf0</size>
         <input_file_ref idref="fl-5"/>
      </object_component>
      <object_component id="oc-1f6">
         <name>.debug_line</name>
         <load_address>0x161b</load_address>
         <run_address>0x161b</run_address>
         <size>0x24b</size>
         <input_file_ref idref="fl-6"/>
      </object_component>
      <object_component id="oc-b7">
         <name>.debug_line</name>
         <load_address>0x1866</load_address>
         <run_address>0x1866</run_address>
         <size>0x73c</size>
         <input_file_ref idref="fl-6"/>
      </object_component>
      <object_component id="oc-1fa">
         <name>.debug_line</name>
         <load_address>0x1fa2</load_address>
         <run_address>0x1fa2</run_address>
         <size>0x3e</size>
         <input_file_ref idref="fl-6"/>
      </object_component>
      <object_component id="oc-15f">
         <name>.debug_line</name>
         <load_address>0x1fe0</load_address>
         <run_address>0x1fe0</run_address>
         <size>0xa6</size>
         <input_file_ref idref="fl-6"/>
      </object_component>
      <object_component id="oc-1cb">
         <name>.debug_line</name>
         <load_address>0x2086</load_address>
         <run_address>0x2086</run_address>
         <size>0x82</size>
         <input_file_ref idref="fl-6"/>
      </object_component>
      <object_component id="oc-1c2">
         <name>.debug_line</name>
         <load_address>0x2108</load_address>
         <run_address>0x2108</run_address>
         <size>0x21f</size>
         <input_file_ref idref="fl-7"/>
      </object_component>
      <object_component id="oc-101">
         <name>.debug_line</name>
         <load_address>0x2327</load_address>
         <run_address>0x2327</run_address>
         <size>0x3e</size>
         <input_file_ref idref="fl-7"/>
      </object_component>
      <object_component id="oc-1e2">
         <name>.debug_line</name>
         <load_address>0x2365</load_address>
         <run_address>0x2365</run_address>
         <size>0x3e</size>
         <input_file_ref idref="fl-7"/>
      </object_component>
      <object_component id="oc-1ee">
         <name>.debug_line</name>
         <load_address>0x23a3</load_address>
         <run_address>0x23a3</run_address>
         <size>0x3e</size>
         <input_file_ref idref="fl-7"/>
      </object_component>
      <object_component id="oc-1f0">
         <name>.debug_line</name>
         <load_address>0x23e1</load_address>
         <run_address>0x23e1</run_address>
         <size>0x3e</size>
         <input_file_ref idref="fl-7"/>
      </object_component>
      <object_component id="oc-1ec">
         <name>.debug_line</name>
         <load_address>0x241f</load_address>
         <run_address>0x241f</run_address>
         <size>0x3e</size>
         <input_file_ref idref="fl-7"/>
      </object_component>
      <object_component id="oc-1e8">
         <name>.debug_line</name>
         <load_address>0x245d</load_address>
         <run_address>0x245d</run_address>
         <size>0x3e</size>
         <input_file_ref idref="fl-7"/>
      </object_component>
      <object_component id="oc-1e4">
         <name>.debug_line</name>
         <load_address>0x249b</load_address>
         <run_address>0x249b</run_address>
         <size>0x3e</size>
         <input_file_ref idref="fl-7"/>
      </object_component>
      <object_component id="oc-1e6">
         <name>.debug_line</name>
         <load_address>0x24d9</load_address>
         <run_address>0x24d9</run_address>
         <size>0x3e</size>
         <input_file_ref idref="fl-7"/>
      </object_component>
      <object_component id="oc-1ea">
         <name>.debug_line</name>
         <load_address>0x2517</load_address>
         <run_address>0x2517</run_address>
         <size>0x3e</size>
         <input_file_ref idref="fl-7"/>
      </object_component>
      <object_component id="oc-8a">
         <name>.debug_line</name>
         <load_address>0x2555</load_address>
         <run_address>0x2555</run_address>
         <size>0xb3c</size>
         <input_file_ref idref="fl-7"/>
      </object_component>
      <object_component id="oc-106">
         <name>.debug_line</name>
         <load_address>0x3091</load_address>
         <run_address>0x3091</run_address>
         <size>0xa5</size>
         <input_file_ref idref="fl-7"/>
      </object_component>
      <object_component id="oc-1d0">
         <name>.debug_line</name>
         <load_address>0x3136</load_address>
         <run_address>0x3136</run_address>
         <size>0x3e</size>
         <input_file_ref idref="fl-7"/>
      </object_component>
      <object_component id="oc-132">
         <name>.debug_line</name>
         <load_address>0x3174</load_address>
         <run_address>0x3174</run_address>
         <size>0xd8</size>
         <input_file_ref idref="fl-9"/>
      </object_component>
      <object_component id="oc-109">
         <name>.debug_line</name>
         <load_address>0x324c</load_address>
         <run_address>0x324c</run_address>
         <size>0x53</size>
         <input_file_ref idref="fl-9"/>
      </object_component>
      <object_component id="oc-130">
         <name>.debug_line</name>
         <load_address>0x329f</load_address>
         <run_address>0x329f</run_address>
         <size>0x53</size>
         <input_file_ref idref="fl-9"/>
      </object_component>
      <object_component id="oc-37">
         <name>.debug_line</name>
         <load_address>0x32f2</load_address>
         <run_address>0x32f2</run_address>
         <size>0x192</size>
         <input_file_ref idref="fl-9"/>
      </object_component>
      <object_component id="oc-31">
         <name>.debug_line</name>
         <load_address>0x3484</load_address>
         <run_address>0x3484</run_address>
         <size>0xe8</size>
         <input_file_ref idref="fl-a"/>
      </object_component>
      <object_component id="oc-222">
         <name>.debug_line</name>
         <load_address>0x356c</load_address>
         <run_address>0x356c</run_address>
         <size>0xa5</size>
         <input_file_ref idref="fl-b"/>
      </object_component>
      <object_component id="oc-220">
         <name>.debug_line</name>
         <load_address>0x3611</load_address>
         <run_address>0x3611</run_address>
         <size>0x50</size>
         <input_file_ref idref="fl-b"/>
      </object_component>
      <object_component id="oc-21e">
         <name>.debug_line</name>
         <load_address>0x3661</load_address>
         <run_address>0x3661</run_address>
         <size>0x50</size>
         <input_file_ref idref="fl-b"/>
      </object_component>
      <object_component id="oc-10e">
         <name>.debug_line</name>
         <load_address>0x36b1</load_address>
         <run_address>0x36b1</run_address>
         <size>0xd5</size>
         <input_file_ref idref="fl-b"/>
      </object_component>
      <object_component id="oc-ad">
         <name>.debug_line</name>
         <load_address>0x3786</load_address>
         <run_address>0x3786</run_address>
         <size>0xfa</size>
         <input_file_ref idref="fl-c"/>
      </object_component>
      <object_component id="oc-1f2">
         <name>.debug_line</name>
         <load_address>0x3880</load_address>
         <run_address>0x3880</run_address>
         <size>0x97</size>
         <input_file_ref idref="fl-d"/>
      </object_component>
      <object_component id="oc-a2">
         <name>.debug_line</name>
         <load_address>0x3917</load_address>
         <run_address>0x3917</run_address>
         <size>0x12f</size>
         <input_file_ref idref="fl-d"/>
      </object_component>
      <object_component id="oc-151">
         <name>.debug_line</name>
         <load_address>0x3a46</load_address>
         <run_address>0x3a46</run_address>
         <size>0x4b</size>
         <input_file_ref idref="fl-d"/>
      </object_component>
      <object_component id="oc-1f4">
         <name>.debug_line</name>
         <load_address>0x3a91</load_address>
         <run_address>0x3a91</run_address>
         <size>0x20</size>
         <input_file_ref idref="fl-e"/>
      </object_component>
      <object_component id="oc-a8">
         <name>.debug_line</name>
         <load_address>0x3ab1</load_address>
         <run_address>0x3ab1</run_address>
         <size>0x37f</size>
         <input_file_ref idref="fl-e"/>
      </object_component>
      <object_component id="oc-4d">
         <name>.debug_line</name>
         <load_address>0x3e30</load_address>
         <run_address>0x3e30</run_address>
         <size>0x88</size>
         <input_file_ref idref="fl-ca"/>
      </object_component>
      <object_component id="oc-ec">
         <name>.debug_line</name>
         <load_address>0x3eb8</load_address>
         <run_address>0x3eb8</run_address>
         <size>0x79</size>
         <input_file_ref idref="fl-cb"/>
      </object_component>
      <object_component id="oc-180">
         <name>.debug_line</name>
         <load_address>0x3f31</load_address>
         <run_address>0x3f31</run_address>
         <size>0x92</size>
         <input_file_ref idref="fl-ce"/>
      </object_component>
      <object_component id="oc-60">
         <name>.debug_line</name>
         <load_address>0x3fc3</load_address>
         <run_address>0x3fc3</run_address>
         <size>0x53</size>
         <input_file_ref idref="fl-ce"/>
      </object_component>
      <object_component id="oc-e5">
         <name>.debug_line</name>
         <load_address>0x4016</load_address>
         <run_address>0x4016</run_address>
         <size>0x34</size>
         <input_file_ref idref="fl-ce"/>
      </object_component>
      <object_component id="oc-17d">
         <name>.debug_line</name>
         <load_address>0x404a</load_address>
         <run_address>0x404a</run_address>
         <size>0x92</size>
         <input_file_ref idref="fl-ce"/>
      </object_component>
      <object_component id="oc-e0">
         <name>.debug_line</name>
         <load_address>0x40dc</load_address>
         <run_address>0x40dc</run_address>
         <size>0x20</size>
         <input_file_ref idref="fl-cf"/>
      </object_component>
      <object_component id="oc-1e">
         <name>.debug_line</name>
         <load_address>0x40fc</load_address>
         <run_address>0x40fc</run_address>
         <size>0x55</size>
         <input_file_ref idref="fl-cf"/>
      </object_component>
      <object_component id="oc-55">
         <name>.debug_line</name>
         <load_address>0x4151</load_address>
         <run_address>0x4151</run_address>
         <size>0x3a</size>
         <input_file_ref idref="fl-cf"/>
      </object_component>
      <object_component id="oc-dd">
         <name>.debug_line</name>
         <load_address>0x418b</load_address>
         <run_address>0x418b</run_address>
         <size>0x92</size>
         <input_file_ref idref="fl-cf"/>
      </object_component>
      <object_component id="oc-179">
         <name>.debug_line</name>
         <load_address>0x421d</load_address>
         <run_address>0x421d</run_address>
         <size>0x20</size>
         <input_file_ref idref="fl-d0"/>
      </object_component>
      <object_component id="oc-16">
         <name>.debug_line</name>
         <load_address>0x423d</load_address>
         <run_address>0x423d</run_address>
         <size>0xa9</size>
         <input_file_ref idref="fl-d0"/>
      </object_component>
      <object_component id="oc-45">
         <name>.debug_line</name>
         <load_address>0x42e6</load_address>
         <run_address>0x42e6</run_address>
         <size>0x3a</size>
         <input_file_ref idref="fl-d0"/>
      </object_component>
      <object_component id="oc-176">
         <name>.debug_line</name>
         <load_address>0x4320</load_address>
         <run_address>0x4320</run_address>
         <size>0x9a</size>
         <input_file_ref idref="fl-d0"/>
      </object_component>
      <object_component id="oc-d6">
         <name>.debug_line</name>
         <load_address>0x43ba</load_address>
         <run_address>0x43ba</run_address>
         <size>0x96</size>
         <input_file_ref idref="fl-d0"/>
      </object_component>
      <object_component id="oc-7d">
         <name>.debug_line</name>
         <load_address>0x4450</load_address>
         <run_address>0x4450</run_address>
         <size>0x33</size>
         <input_file_ref idref="fl-d1"/>
      </object_component>
      <object_component id="oc-6d">
         <name>.debug_line</name>
         <load_address>0x4483</load_address>
         <run_address>0x4483</run_address>
         <size>0x45</size>
         <input_file_ref idref="fl-d1"/>
      </object_component>
      <object_component id="oc-240">
         <name>.debug_line</name>
         <load_address>0x44c8</load_address>
         <run_address>0x44c8</run_address>
         <size>0xbf</size>
         <input_file_ref idref="fl-d3"/>
      </object_component>
      <object_component id="oc-190">
         <name>.debug_line</name>
         <load_address>0x4587</load_address>
         <run_address>0x4587</run_address>
         <size>0x6f</size>
         <input_file_ref idref="fl-d3"/>
      </object_component>
      <object_component id="oc-244">
         <name>.debug_line</name>
         <load_address>0x45f6</load_address>
         <run_address>0x45f6</run_address>
         <size>0x2e</size>
         <input_file_ref idref="fl-d3"/>
      </object_component>
      <object_component id="oc-258">
         <name>.debug_line</name>
         <load_address>0x4624</load_address>
         <run_address>0x4624</run_address>
         <size>0x9a</size>
         <input_file_ref idref="fl-d3"/>
      </object_component>
      <object_component id="oc-249">
         <name>.debug_line</name>
         <load_address>0x46be</load_address>
         <run_address>0x46be</run_address>
         <size>0x97</size>
         <input_file_ref idref="fl-d3"/>
      </object_component>
      <object_component id="oc-24e">
         <name>.debug_line</name>
         <load_address>0x4755</load_address>
         <run_address>0x4755</run_address>
         <size>0x93</size>
         <input_file_ref idref="fl-d3"/>
      </object_component>
      <object_component id="oc-f2">
         <name>.debug_line</name>
         <load_address>0x47e8</load_address>
         <run_address>0x47e8</run_address>
         <size>0x40</size>
         <input_file_ref idref="fl-d4"/>
      </object_component>
      <object_component id="oc-187">
         <name>.debug_line</name>
         <load_address>0x4828</load_address>
         <run_address>0x4828</run_address>
         <size>0x3c</size>
         <input_file_ref idref="fl-d6"/>
      </object_component>
      <object_component id="oc-3d">
         <name>.debug_frame</name>
         <load_address>0x0</load_address>
         <run_address>0x0</run_address>
         <size>0x1c8</size>
         <input_file_ref idref="fl-2"/>
      </object_component>
      <object_component id="oc-2c">
         <name>.debug_frame</name>
         <load_address>0x1c8</load_address>
         <run_address>0x1c8</run_address>
         <size>0x90</size>
         <input_file_ref idref="fl-3"/>
      </object_component>
      <object_component id="oc-111">
         <name>.debug_frame</name>
         <load_address>0x258</load_address>
         <run_address>0x258</run_address>
         <size>0xb8</size>
         <input_file_ref idref="fl-5"/>
      </object_component>
      <object_component id="oc-b3">
         <name>.debug_frame</name>
         <load_address>0x310</load_address>
         <run_address>0x310</run_address>
         <size>0x314</size>
         <input_file_ref idref="fl-6"/>
      </object_component>
      <object_component id="oc-89">
         <name>.debug_frame</name>
         <load_address>0x624</load_address>
         <run_address>0x624</run_address>
         <size>0x56c</size>
         <input_file_ref idref="fl-7"/>
      </object_component>
      <object_component id="oc-36">
         <name>.debug_frame</name>
         <load_address>0xb90</load_address>
         <run_address>0xb90</run_address>
         <size>0x110</size>
         <input_file_ref idref="fl-9"/>
      </object_component>
      <object_component id="oc-10f">
         <name>.debug_frame</name>
         <load_address>0xca0</load_address>
         <run_address>0xca0</run_address>
         <size>0xa0</size>
         <input_file_ref idref="fl-b"/>
      </object_component>
      <object_component id="oc-b1">
         <name>.debug_frame</name>
         <load_address>0xd40</load_address>
         <run_address>0xd40</run_address>
         <size>0xec</size>
         <input_file_ref idref="fl-c"/>
      </object_component>
      <object_component id="oc-a3">
         <name>.debug_frame</name>
         <load_address>0xe2c</load_address>
         <run_address>0xe2c</run_address>
         <size>0xb8</size>
         <input_file_ref idref="fl-d"/>
      </object_component>
      <object_component id="oc-a9">
         <name>.debug_frame</name>
         <load_address>0xee4</load_address>
         <run_address>0xee4</run_address>
         <size>0x200</size>
         <input_file_ref idref="fl-e"/>
      </object_component>
      <object_component id="oc-5f">
         <name>.debug_frame</name>
         <load_address>0x10e4</load_address>
         <run_address>0x10e4</run_address>
         <size>0x54</size>
         <input_file_ref idref="fl-ce"/>
      </object_component>
      <object_component id="oc-1d">
         <name>.debug_frame</name>
         <load_address>0x1138</load_address>
         <run_address>0x1138</run_address>
         <size>0x54</size>
         <input_file_ref idref="fl-cf"/>
      </object_component>
      <object_component id="oc-17">
         <name>.debug_frame</name>
         <load_address>0x118c</load_address>
         <run_address>0x118c</run_address>
         <size>0x60</size>
         <input_file_ref idref="fl-d0"/>
      </object_component>
      <object_component id="oc-6c">
         <name>.debug_frame</name>
         <load_address>0x11ec</load_address>
         <run_address>0x11ec</run_address>
         <size>0x50</size>
         <input_file_ref idref="fl-d1"/>
      </object_component>
      <object_component id="oc-191">
         <name>.debug_frame</name>
         <load_address>0x123c</load_address>
         <run_address>0x123c</run_address>
         <size>0x5c</size>
         <input_file_ref idref="fl-d3"/>
      </object_component>
      <object_component id="oc-f3">
         <name>.debug_frame</name>
         <load_address>0x1298</load_address>
         <run_address>0x1298</run_address>
         <size>0x54</size>
         <input_file_ref idref="fl-d4"/>
      </object_component>
      <object_component id="oc-188">
         <name>.debug_frame</name>
         <load_address>0x12ec</load_address>
         <run_address>0x12ec</run_address>
         <size>0x54</size>
         <input_file_ref idref="fl-d6"/>
      </object_component>
      <object_component id="oc-167">
         <name>.debug_abbrev</name>
         <load_address>0x0</load_address>
         <run_address>0x0</run_address>
         <size>0x10c</size>
         <input_file_ref idref="fl-2"/>
      </object_component>
      <object_component id="oc-c6">
         <name>.debug_abbrev</name>
         <load_address>0x10c</load_address>
         <run_address>0x10c</run_address>
         <size>0x139</size>
         <input_file_ref idref="fl-2"/>
      </object_component>
      <object_component id="oc-13a">
         <name>.debug_abbrev</name>
         <load_address>0x245</load_address>
         <run_address>0x245</run_address>
         <size>0x9f</size>
         <input_file_ref idref="fl-2"/>
      </object_component>
      <object_component id="oc-d0">
         <name>.debug_abbrev</name>
         <load_address>0x2e4</load_address>
         <run_address>0x2e4</run_address>
         <size>0x69</size>
         <input_file_ref idref="fl-2"/>
      </object_component>
      <object_component id="oc-158">
         <name>.debug_abbrev</name>
         <load_address>0x34d</load_address>
         <run_address>0x34d</run_address>
         <size>0x49</size>
         <input_file_ref idref="fl-2"/>
      </object_component>
      <object_component id="oc-144">
         <name>.debug_abbrev</name>
         <load_address>0x396</load_address>
         <run_address>0x396</run_address>
         <size>0x70</size>
         <input_file_ref idref="fl-2"/>
      </object_component>
      <object_component id="oc-16b">
         <name>.debug_abbrev</name>
         <load_address>0x406</load_address>
         <run_address>0x406</run_address>
         <size>0x33</size>
         <input_file_ref idref="fl-2"/>
      </object_component>
      <object_component id="oc-170">
         <name>.debug_abbrev</name>
         <load_address>0x439</load_address>
         <run_address>0x439</run_address>
         <size>0x24</size>
         <input_file_ref idref="fl-2"/>
      </object_component>
      <object_component id="oc-49">
         <name>.debug_abbrev</name>
         <load_address>0x45d</load_address>
         <run_address>0x45d</run_address>
         <size>0x1f</size>
         <input_file_ref idref="fl-2"/>
      </object_component>
      <object_component id="oc-93">
         <name>.debug_abbrev</name>
         <load_address>0x47c</load_address>
         <run_address>0x47c</run_address>
         <size>0x24</size>
         <input_file_ref idref="fl-2"/>
      </object_component>
      <object_component id="oc-149">
         <name>.debug_abbrev</name>
         <load_address>0x4a0</load_address>
         <run_address>0x4a0</run_address>
         <size>0x5c</size>
         <input_file_ref idref="fl-2"/>
      </object_component>
      <object_component id="oc-9d">
         <name>.debug_abbrev</name>
         <load_address>0x4fc</load_address>
         <run_address>0x4fc</run_address>
         <size>0x24</size>
         <input_file_ref idref="fl-2"/>
      </object_component>
      <object_component id="oc-c9">
         <name>.debug_abbrev</name>
         <load_address>0x520</load_address>
         <run_address>0x520</run_address>
         <size>0x35</size>
         <input_file_ref idref="fl-2"/>
      </object_component>
      <object_component id="oc-135">
         <name>.debug_abbrev</name>
         <load_address>0x555</load_address>
         <run_address>0x555</run_address>
         <size>0x24</size>
         <input_file_ref idref="fl-2"/>
      </object_component>
      <object_component id="oc-98">
         <name>.debug_abbrev</name>
         <load_address>0x579</load_address>
         <run_address>0x579</run_address>
         <size>0x24</size>
         <input_file_ref idref="fl-2"/>
      </object_component>
      <object_component id="oc-13f">
         <name>.debug_abbrev</name>
         <load_address>0x59d</load_address>
         <run_address>0x59d</run_address>
         <size>0x61</size>
         <input_file_ref idref="fl-2"/>
      </object_component>
      <object_component id="oc-cc">
         <name>.debug_abbrev</name>
         <load_address>0x5fe</load_address>
         <run_address>0x5fe</run_address>
         <size>0x7c</size>
         <input_file_ref idref="fl-3"/>
      </object_component>
      <object_component id="oc-3e">
         <name>.debug_abbrev</name>
         <load_address>0x67a</load_address>
         <run_address>0x67a</run_address>
         <size>0x29</size>
         <input_file_ref idref="fl-3"/>
      </object_component>
      <object_component id="oc-7e">
         <name>.debug_abbrev</name>
         <load_address>0x6a3</load_address>
         <run_address>0x6a3</run_address>
         <size>0x79</size>
         <input_file_ref idref="fl-3"/>
      </object_component>
      <object_component id="oc-225">
         <name>.debug_abbrev</name>
         <load_address>0x71c</load_address>
         <run_address>0x71c</run_address>
         <size>0x111</size>
         <input_file_ref idref="fl-4"/>
      </object_component>
      <object_component id="oc-164">
         <name>.debug_abbrev</name>
         <load_address>0x82d</load_address>
         <run_address>0x82d</run_address>
         <size>0x5a</size>
         <input_file_ref idref="fl-4"/>
      </object_component>
      <object_component id="oc-1d4">
         <name>.debug_abbrev</name>
         <load_address>0x887</load_address>
         <run_address>0x887</run_address>
         <size>0x70</size>
         <input_file_ref idref="fl-4"/>
      </object_component>
      <object_component id="oc-229">
         <name>.debug_abbrev</name>
         <load_address>0x8f7</load_address>
         <run_address>0x8f7</run_address>
         <size>0x4b</size>
         <input_file_ref idref="fl-4"/>
      </object_component>
      <object_component id="oc-22e">
         <name>.debug_abbrev</name>
         <load_address>0x942</load_address>
         <run_address>0x942</run_address>
         <size>0x24</size>
         <input_file_ref idref="fl-4"/>
      </object_component>
      <object_component id="oc-1c5">
         <name>.debug_abbrev</name>
         <load_address>0x966</load_address>
         <run_address>0x966</run_address>
         <size>0x33</size>
         <input_file_ref idref="fl-4"/>
      </object_component>
      <object_component id="oc-223">
         <name>.debug_abbrev</name>
         <load_address>0x999</load_address>
         <run_address>0x999</run_address>
         <size>0x88</size>
         <input_file_ref idref="fl-5"/>
      </object_component>
      <object_component id="oc-1df">
         <name>.debug_abbrev</name>
         <load_address>0xa21</load_address>
         <run_address>0xa21</run_address>
         <size>0x9b</size>
         <input_file_ref idref="fl-5"/>
      </object_component>
      <object_component id="oc-1f5">
         <name>.debug_abbrev</name>
         <load_address>0xabc</load_address>
         <run_address>0xabc</run_address>
         <size>0x129</size>
         <input_file_ref idref="fl-6"/>
      </object_component>
      <object_component id="oc-15b">
         <name>.debug_abbrev</name>
         <load_address>0xbe5</load_address>
         <run_address>0xbe5</run_address>
         <size>0x10c</size>
         <input_file_ref idref="fl-6"/>
      </object_component>
      <object_component id="oc-1f9">
         <name>.debug_abbrev</name>
         <load_address>0xcf1</load_address>
         <run_address>0xcf1</run_address>
         <size>0x70</size>
         <input_file_ref idref="fl-6"/>
      </object_component>
      <object_component id="oc-15e">
         <name>.debug_abbrev</name>
         <load_address>0xd61</load_address>
         <run_address>0xd61</run_address>
         <size>0x24</size>
         <input_file_ref idref="fl-6"/>
      </object_component>
      <object_component id="oc-1ca">
         <name>.debug_abbrev</name>
         <load_address>0xd85</load_address>
         <run_address>0xd85</run_address>
         <size>0x33</size>
         <input_file_ref idref="fl-6"/>
      </object_component>
      <object_component id="oc-1c1">
         <name>.debug_abbrev</name>
         <load_address>0xdb8</load_address>
         <run_address>0xdb8</run_address>
         <size>0x11c</size>
         <input_file_ref idref="fl-7"/>
      </object_component>
      <object_component id="oc-100">
         <name>.debug_abbrev</name>
         <load_address>0xed4</load_address>
         <run_address>0xed4</run_address>
         <size>0x3d</size>
         <input_file_ref idref="fl-7"/>
      </object_component>
      <object_component id="oc-1e1">
         <name>.debug_abbrev</name>
         <load_address>0xf11</load_address>
         <run_address>0xf11</run_address>
         <size>0x27</size>
         <input_file_ref idref="fl-7"/>
      </object_component>
      <object_component id="oc-1ed">
         <name>.debug_abbrev</name>
         <load_address>0xf38</load_address>
         <run_address>0xf38</run_address>
         <size>0x27</size>
         <input_file_ref idref="fl-7"/>
      </object_component>
      <object_component id="oc-1ef">
         <name>.debug_abbrev</name>
         <load_address>0xf5f</load_address>
         <run_address>0xf5f</run_address>
         <size>0x27</size>
         <input_file_ref idref="fl-7"/>
      </object_component>
      <object_component id="oc-1eb">
         <name>.debug_abbrev</name>
         <load_address>0xf86</load_address>
         <run_address>0xf86</run_address>
         <size>0x27</size>
         <input_file_ref idref="fl-7"/>
      </object_component>
      <object_component id="oc-1e7">
         <name>.debug_abbrev</name>
         <load_address>0xfad</load_address>
         <run_address>0xfad</run_address>
         <size>0x27</size>
         <input_file_ref idref="fl-7"/>
      </object_component>
      <object_component id="oc-1e3">
         <name>.debug_abbrev</name>
         <load_address>0xfd4</load_address>
         <run_address>0xfd4</run_address>
         <size>0x27</size>
         <input_file_ref idref="fl-7"/>
      </object_component>
      <object_component id="oc-1e5">
         <name>.debug_abbrev</name>
         <load_address>0xffb</load_address>
         <run_address>0xffb</run_address>
         <size>0x27</size>
         <input_file_ref idref="fl-7"/>
      </object_component>
      <object_component id="oc-1e9">
         <name>.debug_abbrev</name>
         <load_address>0x1022</load_address>
         <run_address>0x1022</run_address>
         <size>0x29</size>
         <input_file_ref idref="fl-7"/>
      </object_component>
      <object_component id="oc-12e">
         <name>.debug_abbrev</name>
         <load_address>0x104b</load_address>
         <run_address>0x104b</run_address>
         <size>0x10c</size>
         <input_file_ref idref="fl-7"/>
      </object_component>
      <object_component id="oc-105">
         <name>.debug_abbrev</name>
         <load_address>0x1157</load_address>
         <run_address>0x1157</run_address>
         <size>0x90</size>
         <input_file_ref idref="fl-7"/>
      </object_component>
      <object_component id="oc-1cf">
         <name>.debug_abbrev</name>
         <load_address>0x11e7</load_address>
         <run_address>0x11e7</run_address>
         <size>0x4b</size>
         <input_file_ref idref="fl-7"/>
      </object_component>
      <object_component id="oc-131">
         <name>.debug_abbrev</name>
         <load_address>0x1232</load_address>
         <run_address>0x1232</run_address>
         <size>0xb2</size>
         <input_file_ref idref="fl-9"/>
      </object_component>
      <object_component id="oc-108">
         <name>.debug_abbrev</name>
         <load_address>0x12e4</load_address>
         <run_address>0x12e4</run_address>
         <size>0x3d</size>
         <input_file_ref idref="fl-9"/>
      </object_component>
      <object_component id="oc-12f">
         <name>.debug_abbrev</name>
         <load_address>0x1321</load_address>
         <run_address>0x1321</run_address>
         <size>0x27</size>
         <input_file_ref idref="fl-9"/>
      </object_component>
      <object_component id="oc-8f">
         <name>.debug_abbrev</name>
         <load_address>0x1348</load_address>
         <run_address>0x1348</run_address>
         <size>0x10c</size>
         <input_file_ref idref="fl-9"/>
      </object_component>
[...]
         <value>0x2279</value>
         <object_component_ref idref="oc-b2"/>
      </symbol>
      <symbol id="sm-29c">
         <name>xQueueReceiveFromISR</name>
         <value>0x2cb1</value>
         <object_component_ref idref="oc-b2"/>
      </symbol>
      <symbol id="sm-29d">
         <name>uxQueueSpacesAvailable</name>
         <value>0x2e93</value>
         <object_component_ref idref="oc-b2"/>
      </symbol>
      <symbol id="sm-29e">
         <name>xQueueSemaphoreTake</name>
         <value>0x29cb</value>
         <object_component_ref idref="oc-b2"/>
      </symbol>
      <symbol id="sm-29f">
         <name>xQueueGiveFromISR</name>
         <value>0x2755</value>
         <object_component_ref idref="oc-b2"/>
      </symbol>
      <symbol id="sm-2a0">
         <name>uxQueueMessagesWaitingFromISR</name>
         <value>0x2ec7</value>
         <object_component_ref idref="oc-b2"/>
      </symbol>
      <symbol id="sm-2a1">
         <name>vQueueDelete</name>
         <value>0x2ef1</value>
         <object_component_ref idref="oc-b2"/>
      </symbol>
      <symbol id="sm-2a2">
         <name>xQueuePeek</name>
         <value>0x2b59</value>
         <object_component_ref idref="oc-b2"/>
      </symbol>
      <symbol id="sm-2a3">
         <name>xQueueReceive</name>
         <value>0x2879</value>
         <object_component_ref idref="oc-b2"/>
      </symbol>
      <symbol id="sm-4ff">
         <name>vTaskDelay</name>
         <value>0x685</value>
         <object_component_ref idref="oc-85"/>
      </symbol>
      <symbol id="sm-500">
         <name>vTaskSuspendAll</name>
         <value>0xaaf</value>
         <object_component_ref idref="oc-85"/>
      </symbol>
      <symbol id="sm-501">
         <name>vTaskPlaceOnEventList</name>
         <value>0xfad</value>
         <object_component_ref idref="oc-85"/>
      </symbol>
      <symbol id="sm-502">
         <name>pcTaskGetName</name>
         <value>0xc97</value>
         <object_component_ref idref="oc-85"/>
      </symbol>
      <symbol id="sm-503">
         <name>xTaskCheckForTimeOut</name>
         <value>0x1395</value>
         <object_component_ref idref="oc-85"/>
      </symbol>
      <symbol id="sm-504">
         <name>vTaskGenericNotifyGiveFromISR</name>
         <value>0x1f21</value>
         <object_component_ref idref="oc-85"/>
      </symbol>
      <symbol id="sm-505">
         <name>vTaskRemoveFromUnorderedEventList</name>
         <value>0x11fd</value>
         <object_component_ref idref="oc-85"/>
      </symbol>
      <symbol id="sm-506">
         <name>xTaskPriorityDisinherit</name>
         <value>0x169d</value>
         <object_component_ref idref="oc-85"/>
      </symbol>
      <symbol id="sm-507">
         <name>vTaskStartScheduler</name>
         <value>0xa29</value>
         <object_component_ref idref="oc-85"/>
      </symbol>
      <symbol id="sm-508">
         <name>vTaskInternalSetTimeOutState</name>
         <value>0x136d</value>
         <object_component_ref idref="oc-85"/>
      </symbol>
      <symbol id="sm-509">
         <name>pvTaskIncrementMutexHeldCount</name>
         <value>0x191f</value>
         <object_component_ref idref="oc-85"/>
      </symbol>
      <symbol id="sm-50a">
         <name>xTaskGenericNotifyStateClear</name>
         <value>0x20d1</value>
         <object_component_ref idref="oc-85"/>
      </symbol>
      <symbol id="sm-50b">
         <name>xTaskGenericNotify</name>
         <value>0x1ae1</value>
         <object_component_ref idref="oc-85"/>
      </symbol>
      <symbol id="sm-50c">
         <name>vTaskPriorityDisinheritAfterTimeout</name>
         <value>0x17b1</value>
         <object_component_ref idref="oc-85"/>
      </symbol>
      <symbol id="sm-50d">
         <name>xTaskCreate</name>
         <value>0x26d</value>
         <object_component_ref idref="oc-85"/>
      </symbol>
      <symbol id="sm-50e">
         <name>xTaskDelayUntil</name>
         <value>0x593</value>
         <object_component_ref idref="oc-85"/>
      </symbol>
      <symbol id="sm-50f">
         <name>vTaskEndScheduler</name>
         <value>0xa93</value>
         <object_component_ref idref="oc-85"/>
      </symbol>
      <symbol id="sm-510">
         <name>vTaskMissedYield</name>
         <value>0x1441</value>
         <object_component_ref idref="oc-85"/>
      </symbol>
      <symbol id="sm-511">
         <name>uxTaskGetNumberOfTasks</name>
         <value>0xc91</value>
         <object_component_ref idref="oc-85"/>
      </symbol>
      <symbol id="sm-512">
         <name>xTaskCatchUpTicks</name>
         <value>0xce5</value>
         <object_component_ref idref="oc-85"/>
      </symbol>
      <symbol id="sm-513">
         <name>xTaskGenericNotifyFromISR</name>
         <value>0x1ccd</value>
         <object_component_ref idref="oc-85"/>
      </symbol>
      <symbol id="sm-514">
         <name>xTaskResumeAll</name>
         <value>0xac1</value>
         <object_component_ref idref="oc-85"/>
      </symbol>
      <symbol id="sm-515">
         <name>xTaskGetTickCount</name>
         <value>0xc69</value>
         <object_component_ref idref="oc-85"/>
      </symbol>
      <symbol id="sm-516">
         <name>ulTaskGenericNotifyTake</name>
         <value>0x1937</value>
         <object_component_ref idref="oc-85"/>
      </symbol>
      <symbol id="sm-517">
         <name>vTaskDelete</name>
         <value>0x4bf</value>
         <object_component_ref idref="oc-85"/>
      </symbol>
      <symbol id="sm-518">
         <name>ulTaskGenericNotifyValueClear</name>
         <value>0x2139</value>
         <object_component_ref idref="oc-85"/>
      </symbol>
      <symbol id="sm-519">
         <name>xTaskGenericNotifyWait</name>
         <value>0x19f5</value>
         <object_component_ref idref="oc-85"/>
      </symbol>
      <symbol id="sm-51a">
         <name>pxCurrentTCB</name>
         <value>0x20001f70</value>
         <object_component_ref idref="oc-7f"/>
      </symbol>
      <symbol id="sm-51b">
         <name>vTaskSuspend</name>
         <value>0x6e9</value>
         <object_component_ref idref="oc-85"/>
      </symbol>
      <symbol id="sm-51c">
         <name>xTaskGetTickCountFromISR</name>
         <value>0xc79</value>
         <object_component_ref idref="oc-85"/>
      </symbol>
      <symbol id="sm-51d">
         <name>vTaskResume</name>
         <value>0x849</value>
         <object_component_ref idref="oc-85"/>
      </symbol>
      <symbol id="sm-51e">
         <name>uxTopUsedPriority</name>
         <value>0x4e5c</value>
         <object_component_ref idref="oc-122"/>
      </symbol>
      <symbol id="sm-51f">
         <name>vTaskSetTimeOutState</name>
         <value>0x133b</value>
         <object_component_ref idref="oc-85"/>
      </symbol>
      <symbol id="sm-520">
         <name>xTaskIncrementTick</name>
         <value>0xd4d</value>
         <object_component_ref idref="oc-85"/>
      </symbol>
      <symbol id="sm-521">
         <name>vTaskSwitchContext</name>
         <value>0xf23</value>
         <object_component_ref idref="oc-85"/>
      </symbol>
      <symbol id="sm-522">
         <name>uxTaskResetEventItemValue</name>
         <value>0x18fd</value>
         <object_component_ref idref="oc-85"/>
      </symbol>
      <symbol id="sm-523">
         <name>xTaskResumeFromISR</name>
         <value>0x921</value>
         <object_component_ref idref="oc-85"/>
      </symbol>
      <symbol id="sm-524">
         <name>xTaskGetCurrentTaskHandle</name>
         <value>0x154d</value>
         <object_component_ref idref="oc-85"/>
      </symbol>
      <symbol id="sm-525">
         <name>vTaskPlaceOnUnorderedEventList</name>
         <value>0xff1</value>
         <object_component_ref idref="oc-85"/>
      </symbol>
      <symbol id="sm-526">
         <name>xTaskRemoveFromEventList</name>
         <value>0x109d</value>
         <object_component_ref idref="oc-85"/>
      </symbol>
      <symbol id="sm-527">
         <name>xTaskPriorityInherit</name>
         <value>0x1565</value>
         <object_component_ref idref="oc-85"/>
      </symbol>
      <symbol id="sm-579">
         <name>ulMaxSyscallInterruptPriority</name>
         <value>0x4e54</value>
         <object_component_ref idref="oc-82"/>
      </symbol>
      <symbol id="sm-57a">
         <name>vPortSetupTimerInterrupt</name>
         <value>0x47a9</value>
         <object_component_ref idref="oc-32"/>
      </symbol>
      <symbol id="sm-57b">
         <name>vPortEndScheduler</name>
         <value>0x46f1</value>
         <object_component_ref idref="oc-32"/>
      </symbol>
      <symbol id="sm-57c">
         <name>xPortSysTickHandler</name>
         <value>0x4783</value>
         <object_component_ref idref="oc-32"/>
      </symbol>
      <symbol id="sm-57d">
         <name>vPortValidateInterruptPriority</name>
         <value>0x47c3</value>
         <object_component_ref idref="oc-32"/>
      </symbol>
      <symbol id="sm-57e">
         <name>pxPortInitialiseStack</name>
         <value>0x45ad</value>
         <object_component_ref idref="oc-32"/>
      </symbol>
      <symbol id="sm-57f">
         <name>vPortExitCritical</name>
         <value>0x4757</value>
         <object_component_ref idref="oc-32"/>
      </symbol>
      <symbol id="sm-580">
         <name>xPortStartScheduler</name>
         <value>0x4639</value>
         <object_component_ref idref="oc-32"/>
      </symbol>
      <symbol id="sm-581">
         <name>vPortEnterCritical</name>
         <value>0x4715</value>
         <object_component_ref idref="oc-32"/>
      </symbol>
      <symbol id="sm-590">
         <name>vPortStartFirstTask</name>
         <value>0x4b29</value>
         <object_component_ref idref="oc-2d"/>
      </symbol>
      <symbol id="sm-591">
         <name>ulPortGetIPSR</name>
         <value>0x4a91</value>
         <object_component_ref idref="oc-2d"/>
      </symbol>
      <symbol id="sm-592">
         <name>vPortEnableVFP</name>
         <value>0x4b4d</value>
         <object_component_ref idref="oc-2d"/>
      </symbol>
      <symbol id="sm-593">
         <name>xPortPendSVHandler</name>
         <value>0x4aa9</value>
         <object_component_ref idref="oc-2d"/>
      </symbol>
      <symbol id="sm-594">
         <name>vPortSVCHandler</name>
         <value>0x4b09</value>
         <object_component_ref idref="oc-2d"/>
      </symbol>
      <symbol id="sm-5be">
         <name>vPortInitialiseBlocks</name>
         <value>0x4c0d</value>
         <object_component_ref idref="oc-10a"/>
      </symbol>
      <symbol id="sm-5bf">
         <name>xPortGetFreeHeapSize</name>
         <value>0x4c15</value>
         <object_component_ref idref="oc-10a"/>
      </symbol>
      <symbol id="sm-5c0">
         <name>pvPortMalloc</name>
         <value>0x4b5d</value>
         <object_component_ref idref="oc-10a"/>
      </symbol>
      <symbol id="sm-5c1">
         <name>vPortFree</name>
         <value>0x4be9</value>
         <object_component_ref idref="oc-10a"/>
      </symbol>
      <symbol id="sm-5d3">
         <name>HAL_TurnOnMotorACCLK_WISE</name>
         <value>0x4a05</value>
         <object_component_ref idref="oc-ac"/>
      </symbol>
      <symbol id="sm-5d4">
         <name>HAL_MotorsInit</name>
         <value>0x498d</value>
         <object_component_ref idref="oc-ac"/>
      </symbol>
      <symbol id="sm-5d5">
         <name>HAL_TurnOnMotorBCLK_WISE</name>
         <value>0x4a35</value>
         <object_component_ref idref="oc-ac"/>
      </symbol>
      <symbol id="sm-5d6">
         <name>HAL_TurnOnMotorBCCLK_WISE</name>
         <value>0x4a4d</value>
         <object_component_ref idref="oc-ac"/>
      </symbol>
      <symbol id="sm-5d7">
         <name>HAL_TurnOnMotorACLK_WISE</name>
         <value>0x49ed</value>
         <object_component_ref idref="oc-ac"/>
      </symbol>
      <symbol id="sm-5d8">
         <name>HAL_TurnOffMotorA</name>
         <value>0x4a1d</value>
         <object_component_ref idref="oc-ac"/>
      </symbol>
      <symbol id="sm-5d9">
         <name>HAL_TurnOffMotorB</name>
         <value>0x4a65</value>
         <object_component_ref idref="oc-ac"/>
      </symbol>
      <symbol id="sm-61e">
         <name>HAL_Jam_Lock_Switches_Init</name>
         <value>0x4421</value>
         <object_component_ref idref="oc-a0"/>
      </symbol>
      <symbol id="sm-61f">
         <name>HAL_Limit_Switches_Init</name>
         <value>0x439d</value>
         <object_component_ref idref="oc-a0"/>
      </symbol>
      <symbol id="sm-620">
         <name>HAL_Window_Switches_Init</name>
         <value>0x44a5</value>
         <object_component_ref idref="oc-a0"/>
      </symbol>
      <symbol id="sm-621">
         <name>read_SWT</name>
         <value>0x436f</value>
         <object_component_ref idref="oc-a0"/>
      </symbol>
      <symbol id="sm-622">
         <name>read_swt</name>
         <value>0x42e1</value>
         <object_component_ref idref="oc-a0"/>
      </symbol>
      <symbol id="sm-676">
         <name>MCAL_GPIO_WritePin</name>
         <value>0x403f</value>
         <object_component_ref idref="oc-a6"/>
      </symbol>
      <symbol id="sm-677">
         <name>GPIO_SW1GetState</name>
         <value>0x41e5</value>
         <object_component_ref idref="oc-a6"/>
      </symbol>
      <symbol id="sm-678">
         <name>GPIO_GreenLedOn</name>
         <value>0x4171</value>
         <object_component_ref idref="oc-a6"/>
      </symbol>
      <symbol id="sm-679">
         <name>GPIO_BlueLedToggle</name>
         <value>0x41cd</value>
         <object_component_ref idref="oc-a6"/>
      </symbol>
      <symbol id="sm-67a">
         <name>MCAL_GPIO_WritePort</name>
         <value>0x407b</value>
         <object_component_ref idref="oc-a6"/>
      </symbol>
      <symbol id="sm-67b">
         <name>GPIO_SW2GetState</name>
         <value>0x41ef</value>
         <object_component_ref idref="oc-a6"/>
      </symbol>
      <symbol id="sm-67c">
         <name>GPIO_SW2EdgeTriggeredInterruptInit</name>
         <value>0x4247</value>
         <object_component_ref idref="oc-a6"/>
      </symbol>
      <symbol id="sm-67d">
         <name>MCAL_GPIO_ReadPin</name>
         <value>0x40bd</value>
         <object_component_ref idref="oc-a6"/>
      </symbol>
      <symbol id="sm-67e">
         <name>MCAL_GPIO_Pin_Init</name>
         <value>0x3dd1</value>
         <object_component_ref idref="oc-a6"/>
      </symbol>
      <symbol id="sm-67f">
         <name>GPIO_BuiltinButtonsLedsInit</name>
         <value>0x40e5</value>
         <object_component_ref idref="oc-a6"/>
      </symbol>
      <symbol id="sm-680">
         <name>GPIO_TurnOffAll</name>
         <value>0x41a1</value>
         <object_component_ref idref="oc-a6"/>
      </symbol>
      <symbol id="sm-681">
         <name>MCAL_GPIO_Init</name>
         <value>0x3dad</value>
         <object_component_ref idref="oc-a6"/>
      </symbol>
      <symbol id="sm-682">
         <name>GPIO_RedLedToggle</name>
         <value>0x41c1</value>
         <object_component_ref idref="oc-a6"/>
      </symbol>
      <symbol id="sm-683">
         <name>MCAL_GPIO_TogglePin</name>
         <value>0x4093</value>
         <object_component_ref idref="oc-a6"/>
      </symbol>
      <symbol id="sm-684">
         <name>GPIO_BlueLedOff</name>
         <value>0x4189</value>
         <object_component_ref idref="oc-a6"/>
      </symbol>
      <symbol id="sm-685">
         <name>GPIO_SW1EdgeTriggeredInterruptInit</name>
         <value>0x41f9</value>
         <object_component_ref idref="oc-a6"/>
      </symbol>
      <symbol id="sm-686">
         <name>GPIO_GreenLedOff</name>
         <value>0x4195</value>
         <object_component_ref idref="oc-a6"/>
      </symbol>
      <symbol id="sm-687">
         <name>GPIO_GreenLedToggle</name>
         <value>0x41d9</value>
         <object_component_ref idref="oc-a6"/>
      </symbol>
      <symbol id="sm-688">
         <name>GPIO_RedLedOff</name>
         <value>0x417d</value>
         <object_component_ref idref="oc-a6"/>
      </symbol>
      <symbol id="sm-689">
         <name>GPIO_BlueLedOn</name>
         <value>0x4165</value>
         <object_component_ref idref="oc-a6"/>
      </symbol>
      <symbol id="sm-68a">
         <name>GPIO_RedLedOn</name>
         <value>0x4159</value>
         <object_component_ref idref="oc-a6"/>
      </symbol>
      <symbol id="sm-6a7">
         <name>memcpy</name>
         <value>0x4c2d</value>
         <object_component_ref idref="oc-4c"/>
      </symbol>
      <symbol id="sm-6a8">
         <name>__aeabi_memcpy</name>
         <value>0x4c2d</value>
         <object_component_ref idref="oc-4c"/>
      </symbol>
      <symbol id="sm-6a9">
         <name>__aeabi_memcpy8</name>
         <value>0x4c2d</value>
         <object_component_ref idref="oc-4c"/>
      </symbol>
      <symbol id="sm-6aa">
         <name>__aeabi_memcpy4</name>
         <value>0x4c2d</value>
         <object_component_ref idref="oc-4c"/>
      </symbol>
      <symbol id="sm-6b9">
         <name>__aeabi_memset</name>
         <value>0x4ccb</value>
         <object_component_ref idref="oc-e8"/>
      </symbol>
      <symbol id="sm-6ba">
         <name>memset</name>
         <value>0x4cd1</value>
         <object_component_ref idref="oc-e8"/>
      </symbol>
      <symbol id="sm-6bb">
         <name>__aeabi_memset8</name>
         <value>0x4ccb</value>
         <object_component_ref idref="oc-e8"/>
      </symbol>
      <symbol id="sm-6bc">
         <name>__aeabi_memset4</name>
         <value>0x4ccb</value>
         <object_component_ref idref="oc-e8"/>
      </symbol>
      <symbol id="sm-6bd">
         <name>__aeabi_memclr8</name>
         <value>0x4cc9</value>
         <object_component_ref idref="oc-e8"/>
      </symbol>
      <symbol id="sm-6be">
         <name>__aeabi_memclr4</name>
         <value>0x4cc9</value>
         <object_component_ref idref="oc-e8"/>
      </symbol>
      <symbol id="sm-6bf">
         <name>__aeabi_memclr</name>
         <value>0x4cc9</value>
         <object_component_ref idref="oc-e8"/>
      </symbol>
      <symbol id="sm-6d8">
         <name>__TI_zero_init</name>
         <value>0x4e33</value>
         <object_component_ref idref="oc-5e"/>
      </symbol>
      <symbol id="sm-6ef">
         <name>__TI_decompress_none</name>
         <value>0x4e25</value>
         <object_component_ref idref="oc-1b"/>
      </symbol>
      <symbol id="sm-712">
         <name>__TI_decompress_lzss</name>
         <value>0x4d43</value>
         <object_component_ref idref="oc-15"/>
      </symbol>
      <symbol id="sm-725">
         <name>__stack</name>
         <value>0x20001d70</value>
         <object_component_ref idref="oc-24"/>
      </symbol>
      <symbol id="sm-726">
         <name>_c_int00_noargs</name>
         <value>0x4df1</value>
         <object_component_ref idref="oc-6a"/>
      </symbol>
      <symbol id="sm-74f">
         <name>__TI_auto_init_nobinit_nopinit</name>
         <value>0x4dad</value>
         <object_component_ref idref="oc-18f"/>
      </symbol>
      <symbol id="sm-759">
         <name>_system_pre_init</name>
         <value>0x4e4b</value>
         <object_component_ref idref="oc-ee"/>
      </symbol>
      <symbol id="sm-765">
         <name>C$$EXIT</name>
         <value>0x4e4f</value>
         <object_component_ref idref="oc-183"/>
      </symbol>
      <symbol id="sm-766">
         <name>abort</name>
         <value>0x4e4f</value>
         <object_component_ref idref="oc-183"/>
      </symbol>
      <symbol id="sm-769">
         <name>__TI_static_base__</name>
         <value>0x0</value>
      </symbol>
      <symbol id="sm-76c">
         <name>__mpu_init</name>
         <value>0x0</value>
      </symbol>
      <symbol id="sm-76d">
         <name>_system_post_cinit</name>
         <value>0x0</value>
      </symbol>
   </symbol_table>
   <title>Link successful</title>
</link_info>
