<?xml version="1.0" encoding="ISO-8859-1" ?>
<link_info>
   <banner>TI ARM Linker PC v20.2.7.LTS</banner>
   <copyright>Copyright (c) 1996-2018 Texas Instruments Incorporated</copyright>
   <link_time>0x663e51d6</link_time>
   <link_errors>0x0</link_errors>
   <output_file>Power_Window_Controls.out</output_file>
   <entry_point>
      <name>_c_int00_noargs</name>
      <address>0x4de5</address>
   </entry_point>
   <input_file_list>
      <input_file id="fl-2">
         <path>.\</path>
         <kind>object</kind>
         <file>main.obj</file>
         <name>main.obj</name>
      </input_file>
      <input_file id="fl-3">
         <path>.\</path>
         <kind>object</kind>
         <file>tm4c123gh6pm_startup_ccs.obj</file>
         <name>tm4c123gh6pm_startup_ccs.obj</name>
      </input_file>
      <input_file id="fl-4">
         <path>.\FreeRTOS\Source\</path>
         <kind>object</kind>
         <file>event_groups.obj</file>
         <name>event_groups.obj</name>
      </input_file>
      <input_file id="fl-5">
         <path>.\FreeRTOS\Source\</path>
         <kind>object</kind>
         <file>list.obj</file>
         <name>list.obj</name>
      </input_file>
      <input_file id="fl-6">
         <path>.\FreeRTOS\Source\</path>
         <kind>object</kind>
         <file>queue.obj</file>
         <name>queue.obj</name>
      </input_file>
      <input_file id="fl-7">
         <path>.\FreeRTOS\Source\</path>
         <kind>object</kind>
         <file>tasks.obj</file>
         <name>tasks.obj</name>
      </input_file>
      <input_file id="fl-8">
         <path>.\FreeRTOS\Source\</path>
         <kind>object</kind>
         <file>timers.obj</file>
         <name>timers.obj</name>
      </input_file>
      <input_file id="fl-9">
         <path>.\FreeRTOS\Source\portable\CCS\ARM_CM4F\</path>
         <kind>object</kind>
         <file>port.obj</file>
         <name>port.obj</name>
      </input_file>
      <input_file id="fl-a">
         <path>.\FreeRTOS\Source\portable\CCS\ARM_CM4F\</path>
         <kind>object</kind>
         <file>portasm.obj</file>
         <name>portasm.obj</name>
      </input_file>
      <input_file id="fl-b">
         <path>.\FreeRTOS\Source\portable\MemMang\</path>
         <kind>object</kind>
         <file>heap_1.obj</file>
         <name>heap_1.obj</name>
      </input_file>
      <input_file id="fl-c">
         <path>.\HAL\Motors\</path>
         <kind>object</kind>
         <file>motors.obj</file>
         <name>motors.obj</name>
      </input_file>
      <input_file id="fl-d">
         <path>.\HAL\Window_Controls\</path>
         <kind>object</kind>
         <file>window_control.obj</file>
         <name>window_control.obj</name>
      </input_file>
      <input_file id="fl-e">
         <path>.\MCAL\GPIO\</path>
         <kind>object</kind>
         <file>gpio.obj</file>
         <name>gpio.obj</name>
      </input_file>
      <input_file id="fl-f">
         <path>.\MCAL\GPTM\</path>
         <kind>object</kind>
         <file>GPTM.obj</file>
         <name>GPTM.obj</name>
      </input_file>
      <input_file id="fl-10">
         <path>.\MCAL\UART\</path>
         <kind>object</kind>
         <file>uart0.obj</file>
         <name>uart0.obj</name>
      </input_file>
      <input_file id="fl-14">
         <kind>object</kind>
         <file>&lt;internal&gt;</file>
         <name>&lt;internal&gt;</name>
      </input_file>
      <input_file id="fl-ca">
         <path>D:\ASU\4-Senior1\ti\ccs1270\ccs\tools\compiler\ti-cgt-arm_20.2.7.LTS\lib\</path>
         <kind>archive</kind>
         <file>rtsv7M4_T_le_v4SPD16_eabi.lib</file>
         <name>memcpy_t2.asm.obj</name>
      </input_file>
      <input_file id="fl-cb">
         <path>D:\ASU\4-Senior1\ti\ccs1270\ccs\tools\compiler\ti-cgt-arm_20.2.7.LTS\lib\</path>
         <kind>archive</kind>
         <file>rtsv7M4_T_le_v4SPD16_eabi.lib</file>
         <name>memset_t2.asm.obj</name>
      </input_file>
      <input_file id="fl-cc">
         <path>D:\ASU\4-Senior1\ti\ccs1270\ccs\tools\compiler\ti-cgt-arm_20.2.7.LTS\lib\</path>
         <kind>archive</kind>
         <file>rtsv7M4_T_le_v4SPD16_eabi.lib</file>
         <name>ll_div_t2.asm.obj</name>
      </input_file>
      <input_file id="fl-cd">
         <path>D:\ASU\4-Senior1\ti\ccs1270\ccs\tools\compiler\ti-cgt-arm_20.2.7.LTS\lib\</path>
         <kind>archive</kind>
         <file>rtsv7M4_T_le_v4SPD16_eabi.lib</file>
         <name>ull_div_t2.asm.obj</name>
      </input_file>
      <input_file id="fl-ce">
         <path>D:\ASU\4-Senior1\ti\ccs1270\ccs\tools\compiler\ti-cgt-arm_20.2.7.LTS\lib\</path>
         <kind>archive</kind>
         <file>rtsv7M4_T_le_v4SPD16_eabi.lib</file>
         <name>copy_zero_init.c.obj</name>
      </input_file>
      <input_file id="fl-cf">
         <path>D:\ASU\4-Senior1\ti\ccs1270\ccs\tools\compiler\ti-cgt-arm_20.2.7.LTS\lib\</path>
         <kind>archive</kind>
         <file>rtsv7M4_T_le_v4SPD16_eabi.lib</file>
         <name>copy_decompress_none.c.obj</name>
      </input_file>
      <input_file id="fl-d0">
         <path>D:\ASU\4-Senior1\ti\ccs1270\ccs\tools\compiler\ti-cgt-arm_20.2.7.LTS\lib\</path>
         <kind>archive</kind>
         <file>rtsv7M4_T_le_v4SPD16_eabi.lib</file>
         <name>copy_decompress_lzss.c.obj</name>
      </input_file>
      <input_file id="fl-d1">
         <path>D:\ASU\4-Senior1\ti\ccs1270\ccs\tools\compiler\ti-cgt-arm_20.2.7.LTS\lib\</path>
         <kind>archive</kind>
         <file>rtsv7M4_T_le_v4SPD16_eabi.lib</file>
         <name>boot_cortex_m.c.obj</name>
      </input_file>
      <input_file id="fl-d2">
         <path>D:\ASU\4-Senior1\ti\ccs1270\ccs\tools\compiler\ti-cgt-arm_20.2.7.LTS\lib\</path>
         <kind>archive</kind>
         <file>rtsv7M4_T_le_v4SPD16_eabi.lib</file>
         <name>div0.asm.obj</name>
      </input_file>
      <input_file id="fl-d3">
         <path>D:\ASU\4-Senior1\ti\ccs1270\ccs\tools\compiler\ti-cgt-arm_20.2.7.LTS\lib\</path>
         <kind>archive</kind>
         <file>rtsv7M4_T_le_v4SPD16_eabi.lib</file>
         <name>autoinit.c.obj</name>
      </input_file>
      <input_file id="fl-d4">
         <path>D:\ASU\4-Senior1\ti\ccs1270\ccs\tools\compiler\ti-cgt-arm_20.2.7.LTS\lib\</path>
         <kind>archive</kind>
         <file>rtsv7M4_T_le_v4SPD16_eabi.lib</file>
         <name>pre_init.c.obj</name>
      </input_file>
      <input_file id="fl-d5">
         <path>D:\ASU\4-Senior1\ti\ccs1270\ccs\tools\compiler\ti-cgt-arm_20.2.7.LTS\lib\</path>
         <kind>archive</kind>
         <file>rtsv7M4_T_le_v4SPD16_eabi.lib</file>
         <name>cpy_tbl.c.obj</name>
      </input_file>
      <input_file id="fl-d6">
         <path>D:\ASU\4-Senior1\ti\ccs1270\ccs\tools\compiler\ti-cgt-arm_20.2.7.LTS\lib\</path>
         <kind>archive</kind>
         <file>rtsv7M4_T_le_v4SPD16_eabi.lib</file>
         <name>exit.c.obj</name>
      </input_file>
      <input_file id="fl-d7">
         <path>D:\ASU\4-Senior1\ti\ccs1270\ccs\tools\compiler\ti-cgt-arm_20.2.7.LTS\lib\</path>
         <kind>archive</kind>
         <file>rtsv7M4_T_le_v4SPD16_eabi.lib</file>
         <name>_lock.c.obj</name>
      </input_file>
      <input_file id="fl-d8">
         <path>D:\ASU\4-Senior1\ti\ccs1270\ccs\tools\compiler\ti-cgt-arm_20.2.7.LTS\lib\</path>
         <kind>archive</kind>
         <file>rtsv7M4_T_le_v4SPD16_eabi.lib</file>
         <name>args_main.c.obj</name>
      </input_file>
   </input_file_list>
   <object_component_list>
      <object_component id="oc-12">
         <name>.intvecs</name>
         <load_address>0x0</load_address>
         <run_address>0x0</run_address>
         <size>0x26c</size>
         <input_file_ref idref="fl-3"/>
      </object_component>
      <object_component id="oc-85">
         <name>.text</name>
         <load_address>0x26c</load_address>
         <run_address>0x26c</run_address>
         <size>0x200c</size>
         <input_file_ref idref="fl-7"/>
      </object_component>
      <object_component id="oc-b2">
         <name>.text</name>
         <load_address>0x2278</load_address>
         <run_address>0x2278</run_address>
         <size>0xf1a</size>
         <input_file_ref idref="fl-6"/>
      </object_component>
      <object_component id="oc-38">
         <name>.text</name>
         <load_address>0x3194</load_address>
         <run_address>0x3194</run_address>
         <size>0xc0c</size>
         <input_file_ref idref="fl-2"/>
      </object_component>
      <object_component id="oc-a6">
         <name>.text</name>
         <load_address>0x3da0</load_address>
         <run_address>0x3da0</run_address>
         <size>0x534</size>
         <input_file_ref idref="fl-e"/>
      </object_component>
      <object_component id="oc-a0">
         <name>.text</name>
         <load_address>0x42d4</load_address>
         <run_address>0x42d4</run_address>
         <size>0x2cc</size>
         <input_file_ref idref="fl-d"/>
      </object_component>
      <object_component id="oc-32">
         <name>.text</name>
         <load_address>0x45a0</load_address>
         <run_address>0x45a0</run_address>
         <size>0x2b4</size>
         <input_file_ref idref="fl-9"/>
      </object_component>
      <object_component id="oc-110">
         <name>.text</name>
         <load_address>0x4854</load_address>
         <run_address>0x4854</run_address>
         <size>0x12a</size>
         <input_file_ref idref="fl-5"/>
      </object_component>
      <object_component id="oc-ac">
         <name>.text</name>
         <load_address>0x4980</load_address>
         <run_address>0x4980</run_address>
         <size>0xf4</size>
         <input_file_ref idref="fl-c"/>
      </object_component>
      <object_component id="oc-2d">
         <name>.text</name>
         <load_address>0x4a74</load_address>
         <run_address>0x4a74</run_address>
         <size>0xda</size>
         <input_file_ref idref="fl-a"/>
      </object_component>
      <object_component id="oc-10a">
         <name>.text</name>
         <load_address>0x4b50</load_address>
         <run_address>0x4b50</run_address>
         <size>0xd0</size>
         <input_file_ref idref="fl-b"/>
      </object_component>
      <object_component id="oc-4c">
         <name>.text</name>
         <load_address>0x4c20</load_address>
         <run_address>0x4c20</run_address>
         <size>0x9c</size>
         <input_file_ref idref="fl-ca"/>
      </object_component>
      <object_component id="oc-e8">
         <name>.text</name>
         <load_address>0x4cbc</load_address>
         <run_address>0x4cbc</run_address>
         <size>0x7a</size>
         <input_file_ref idref="fl-cb"/>
      </object_component>
      <object_component id="oc-15">
         <name>.text:decompress:lzss:__TI_decompress_lzss</name>
         <load_address>0x4d36</load_address>
         <run_address>0x4d36</run_address>
         <size>0x68</size>
         <input_file_ref idref="fl-d0"/>
      </object_component>
      <object_component id="oc-18f">
         <name>.text:__TI_auto_init_nobinit_nopinit:__TI_auto_init_nobinit_nopinit</name>
         <load_address>0x4da0</load_address>
         <run_address>0x4da0</run_address>
         <size>0x44</size>
         <input_file_ref idref="fl-d3"/>
      </object_component>
      <object_component id="oc-6a">
         <name>.text:_c_int00_noargs:_c_int00_noargs</name>
         <load_address>0x4de4</load_address>
         <run_address>0x4de4</run_address>
         <size>0x34</size>
         <input_file_ref idref="fl-d1"/>
      </object_component>
      <object_component id="oc-1b">
         <name>.text:decompress:none:__TI_decompress_none</name>
         <load_address>0x4e18</load_address>
         <run_address>0x4e18</run_address>
         <size>0xe</size>
         <input_file_ref idref="fl-cf"/>
      </object_component>
      <object_component id="oc-5e">
         <name>.text:decompress:ZI:__TI_zero_init</name>
         <load_address>0x4e26</load_address>
         <run_address>0x4e26</run_address>
         <size>0xc</size>
         <input_file_ref idref="fl-ce"/>
      </object_component>
      <object_component id="oc-27">
         <name>.text</name>
         <load_address>0x4e32</load_address>
         <run_address>0x4e32</run_address>
         <size>0xc</size>
         <input_file_ref idref="fl-3"/>
      </object_component>
      <object_component id="oc-ee">
         <name>.text:_system_pre_init</name>
         <load_address>0x4e3e</load_address>
         <run_address>0x4e3e</run_address>
         <size>0x4</size>
         <input_file_ref idref="fl-d4"/>
      </object_component>
      <object_component id="oc-183">
         <name>.text:abort:abort</name>
         <load_address>0x4e42</load_address>
         <run_address>0x4e42</run_address>
         <size>0x4</size>
         <input_file_ref idref="fl-d6"/>
      </object_component>
      <object_component id="oc-82">
         <name>.const</name>
         <load_address>0x4e48</load_address>
         <run_address>0x4e48</run_address>
         <size>0x8</size>
         <input_file_ref idref="fl-9"/>
      </object_component>
      <object_component id="oc-122">
         <name>.const</name>
         <load_address>0x4e50</load_address>
         <run_address>0x4e50</run_address>
         <size>0x4</size>
         <input_file_ref idref="fl-7"/>
      </object_component>
      <object_component id="oc-28c">
         <name>.cinit..data.load</name>
         <load_address>0x4e58</load_address>
         <run_address>0x4e58</run_address>
         <size>0x12</size>
      </object_component>
      <object_component id="oc-28a">
         <name>__TI_handler_table</name>
         <load_address>0x4e6c</load_address>
         <run_address>0x4e6c</run_address>
         <size>0xc</size>
      </object_component>
      <object_component id="oc-28d">
         <name>.cinit..bss.load</name>
         <load_address>0x4e78</load_address>
         <run_address>0x4e78</run_address>
         <size>0x8</size>
      </object_component>
      <object_component id="oc-28b">
         <name>__TI_cinit_table</name>
         <load_address>0x4e80</load_address>
         <run_address>0x4e80</run_address>
         <size>0x10</size>
      </object_component>
      <object_component id="oc-7f">
         <name>.data</name>
         <load_address>0x20001f70</load_address>
         <run_address>0x20001f70</run_address>
         <size>0x34</size>
         <input_file_ref idref="fl-7"/>
      </object_component>
      <object_component id="oc-8c">
         <name>.data</name>
         <load_address>0x20001fa4</load_address>
         <run_address>0x20001fa4</run_address>
         <size>0xc</size>
         <input_file_ref idref="fl-9"/>
      </object_component>
      <object_component id="oc-1d7">
         <name>.data</name>
         <load_address>0x20001fb0</load_address>
         <run_address>0x20001fb0</run_address>
         <size>0x8</size>
         <input_file_ref idref="fl-b"/>
      </object_component>
      <object_component id="oc-116">
         <name>.bss:pxReadyTasksLists</name>
         <uninitialized>true</uninitialized>
         <run_address>0x20001c70</run_address>
         <size>0x64</size>
         <input_file_ref idref="fl-7"/>
      </object_component>
      <object_component id="oc-128">
         <name>.bss:xDelayedTaskList1</name>
         <uninitialized>true</uninitialized>
         <run_address>0x20001cd4</run_address>
         <size>0x14</size>
         <input_file_ref idref="fl-7"/>
      </object_component>
      <object_component id="oc-12b">
         <name>.bss:xDelayedTaskList2</name>
         <uninitialized>true</uninitialized>
         <run_address>0x20001ce8</run_address>
         <size>0x14</size>
         <input_file_ref idref="fl-7"/>
      </object_component>
      <object_component id="oc-125">
         <name>.bss</name>
         <uninitialized>true</uninitialized>
         <run_address>0x20001d38</run_address>
         <size>0x8</size>
         <input_file_ref idref="fl-7"/>
      </object_component>
      <object_component id="oc-11f">
         <name>.bss:xPendingReadyList</name>
         <uninitialized>true</uninitialized>
         <run_address>0x20001cfc</run_address>
         <size>0x14</size>
         <input_file_ref idref="fl-7"/>
      </object_component>
      <object_component id="oc-119">
         <name>.bss:xTasksWaitingTermination</name>
         <uninitialized>true</uninitialized>
         <run_address>0x20001d24</run_address>
         <size>0x14</size>
         <input_file_ref idref="fl-7"/>
      </object_component>
      <object_component id="oc-11c">
         <name>.bss:xSuspendedTaskList</name>
         <uninitialized>true</uninitialized>
         <run_address>0x20001d10</run_address>
         <size>0x14</size>
         <input_file_ref idref="fl-7"/>
      </object_component>
      <object_component id="oc-1da">
         <name>.bss:ucHeap</name>
         <uninitialized>true</uninitialized>
         <run_address>0x20000000</run_address>
         <size>0x1c70</size>
         <input_file_ref idref="fl-b"/>
      </object_component>
      <object_component id="oc-bd">
         <name>.common:qLimitUpFlag</name>
         <uninitialized>true</uninitialized>
         <run_address>0x20001d54</run_address>
         <size>0x4</size>
      </object_component>
      <object_component id="oc-be">
         <name>.common:qLimitDownFlag</name>
         <uninitialized>true</uninitialized>
         <run_address>0x20001d50</run_address>
         <size>0x4</size>
      </object_component>
      <object_component id="oc-bf">
         <name>.common:qJamFlag</name>
         <uninitialized>true</uninitialized>
         <run_address>0x20001d4c</run_address>
         <size>0x4</size>
      </object_component>
      <object_component id="oc-c0">
         <name>.common:qLockFlag</name>
         <uninitialized>true</uninitialized>
         <run_address>0x20001d58</run_address>
         <size>0x4</size>
      </object_component>
      <object_component id="oc-c1">
         <name>.common:qDriverFlag</name>
         <uninitialized>true</uninitialized>
         <run_address>0x20001d44</run_address>
         <size>0x4</size>
      </object_component>
      <object_component id="oc-b8">
         <name>.common:qDriverModeFlag</name>
         <uninitialized>true</uninitialized>
         <run_address>0x20001d48</run_address>
         <size>0x4</size>
      </object_component>
      <object_component id="oc-c2">
         <name>.common:sPassengerUp</name>
         <uninitialized>true</uninitialized>
         <run_address>0x20001d6c</run_address>
         <size>0x4</size>
      </object_component>
      <object_component id="oc-bb">
         <name>.common:sPassengerDown</name>
         <uninitialized>true</uninitialized>
         <run_address>0x20001d68</run_address>
         <size>0x4</size>
      </object_component>
      <object_component id="oc-bc">
         <name>.common:sDriverUp</name>
         <uninitialized>true</uninitialized>
         <run_address>0x20001d60</run_address>
         <size>0x4</size>
      </object_component>
      <object_component id="oc-c3">
         <name>.common:sDriverDown</name>
         <uninitialized>true</uninitialized>
         <run_address>0x20001d5c</run_address>
         <size>0x4</size>
      </object_component>
      <object_component id="oc-c4">
         <name>.common:sJam</name>
         <uninitialized>true</uninitialized>
         <run_address>0x20001d64</run_address>
         <size>0x4</size>
      </object_component>
      <object_component id="oc-c5">
         <name>.common:mutex</name>
         <uninitialized>true</uninitialized>
         <run_address>0x20001d40</run_address>
         <size>0x4</size>
      </object_component>
      <object_component id="oc-24">
         <name>.stack</name>
         <uninitialized>true</uninitialized>
         <run_address>0x20001d70</run_address>
         <size>0x4</size>
         <input_file_ref idref="fl-d1"/>
      </object_component>
      <object_component id="oc-28f">
         <name>.stack</name>
         <uninitialized>true</uninitialized>
         <run_address>0x20001d70</run_address>
         <size>0x0</size>
      </object_component>
      <object_component id="oc-b9">
         <name>.debug_info</name>
         <load_address>0x0</load_address>
         <run_address>0x0</run_address>
         <size>0xb9a</size>
         <input_file_ref idref="fl-2"/>
      </object_component>
      <object_component id="oc-3a">
         <name>.debug_info</name>
         <load_address>0xb9a</load_address>
         <run_address>0xb9a</run_address>
         <size>0x17fe</size>
         <input_file_ref idref="fl-2"/>
      </object_component>
      <object_component id="oc-138">
         <name>.debug_info</name>
         <load_address>0x2398</load_address>
         <run_address>0x2398</run_address>
         <size>0x315</size>
         <input_file_ref idref="fl-2"/>
      </object_component>
      <object_component id="oc-ce">
         <name>.debug_info</name>
         <load_address>0x26ad</load_address>
         <run_address>0x26ad</run_address>
         <size>0x26b</size>
         <input_file_ref idref="fl-2"/>
      </object_component>
      <object_component id="oc-156">
         <name>.debug_info</name>
         <load_address>0x2918</load_address>
         <run_address>0x2918</run_address>
         <size>0xc2</size>
         <input_file_ref idref="fl-2"/>
      </object_component>
      <object_component id="oc-142">
         <name>.debug_info</name>
         <load_address>0x29da</load_address>
         <run_address>0x29da</run_address>
         <size>0x3e3</size>
         <input_file_ref idref="fl-2"/>
      </object_component>
      <object_component id="oc-169">
         <name>.debug_info</name>
         <load_address>0x2dbd</load_address>
         <run_address>0x2dbd</run_address>
         <size>0x4f</size>
         <input_file_ref idref="fl-2"/>
      </object_component>
      <object_component id="oc-16e">
         <name>.debug_info</name>
         <load_address>0x2e0c</load_address>
         <run_address>0x2e0c</run_address>
         <size>0x2c</size>
         <input_file_ref idref="fl-2"/>
      </object_component>
      <object_component id="oc-47">
         <name>.debug_info</name>
         <load_address>0x2e38</load_address>
         <run_address>0x2e38</run_address>
         <size>0x84</size>
         <input_file_ref idref="fl-2"/>
      </object_component>
      <object_component id="oc-91">
         <name>.debug_info</name>
         <load_address>0x2ebc</load_address>
         <run_address>0x2ebc</run_address>
         <size>0x2c</size>
         <input_file_ref idref="fl-2"/>
      </object_component>
      <object_component id="oc-147">
         <name>.debug_info</name>
         <load_address>0x2ee8</load_address>
         <run_address>0x2ee8</run_address>
         <size>0x2a4</size>
         <input_file_ref idref="fl-2"/>
      </object_component>
      <object_component id="oc-9b">
         <name>.debug_info</name>
         <load_address>0x318c</load_address>
         <run_address>0x318c</run_address>
         <size>0xbb</size>
         <input_file_ref idref="fl-2"/>
      </object_component>
      <object_component id="oc-c7">
         <name>.debug_info</name>
         <load_address>0x3247</load_address>
         <run_address>0x3247</run_address>
         <size>0x234</size>
         <input_file_ref idref="fl-2"/>
      </object_component>
      <object_component id="oc-133">
         <name>.debug_info</name>
         <load_address>0x347b</load_address>
         <run_address>0x347b</run_address>
         <size>0x53</size>
         <input_file_ref idref="fl-2"/>
      </object_component>
      <object_component id="oc-96">
         <name>.debug_info</name>
         <load_address>0x34ce</load_address>
         <run_address>0x34ce</run_address>
         <size>0x53</size>
         <input_file_ref idref="fl-2"/>
      </object_component>
      <object_component id="oc-13d">
         <name>.debug_info</name>
         <load_address>0x3521</load_address>
         <run_address>0x3521</run_address>
         <size>0x14c</size>
         <input_file_ref idref="fl-2"/>
      </object_component>
      <object_component id="oc-40">
         <name>.debug_info</name>
         <load_address>0x366d</load_address>
         <run_address>0x366d</run_address>
         <size>0x3ed</size>
         <input_file_ref idref="fl-3"/>
      </object_component>
      <object_component id="oc-13">
         <name>.debug_info</name>
         <load_address>0x3a5a</load_address>
         <run_address>0x3a5a</run_address>
         <size>0x124</size>
         <input_file_ref idref="fl-3"/>
      </object_component>
      <object_component id="oc-28">
         <name>.debug_info</name>
         <load_address>0x3b7e</load_address>
         <run_address>0x3b7e</run_address>
         <size>0x2a0</size>
         <input_file_ref idref="fl-3"/>
      </object_component>
      <object_component id="oc-1fc">
         <name>.debug_info</name>
         <load_address>0x3e1e</load_address>
         <run_address>0x3e1e</run_address>
         <size>0x686</size>
         <input_file_ref idref="fl-4"/>
      </object_component>
      <object_component id="oc-162">
         <name>.debug_info</name>
         <load_address>0x44a4</load_address>
         <run_address>0x44a4</run_address>
         <size>0x110</size>
         <input_file_ref idref="fl-4"/>
      </object_component>
      <object_component id="oc-1d2">
         <name>.debug_info</name>
         <load_address>0x45b4</load_address>
         <run_address>0x45b4</run_address>
         <size>0x3e3</size>
         <input_file_ref idref="fl-4"/>
      </object_component>
      <object_component id="oc-227">
         <name>.debug_info</name>
         <load_address>0x4997</load_address>
         <run_address>0x4997</run_address>
         <size>0x62</size>
         <input_file_ref idref="fl-4"/>
      </object_component>
      <object_component id="oc-22c">
         <name>.debug_info</name>
         <load_address>0x49f9</load_address>
         <run_address>0x49f9</run_address>
         <size>0x39</size>
         <input_file_ref idref="fl-4"/>
      </object_component>
      <object_component id="oc-1c3">
         <name>.debug_info</name>
         <load_address>0x4a32</load_address>
         <run_address>0x4a32</run_address>
         <size>0x4f</size>
         <input_file_ref idref="fl-4"/>
      </object_component>
      <object_component id="oc-1e0">
         <name>.debug_info</name>
         <load_address>0x4a81</load_address>
         <run_address>0x4a81</run_address>
         <size>0x3bd</size>
         <input_file_ref idref="fl-5"/>
      </object_component>
      <object_component id="oc-113">
         <name>.debug_info</name>
         <load_address>0x4e3e</load_address>
         <run_address>0x4e3e</run_address>
         <size>0x52d</size>
         <input_file_ref idref="fl-5"/>
      </object_component>
      <object_component id="oc-161">
         <name>.debug_info</name>
         <load_address>0x536b</load_address>
         <run_address>0x536b</run_address>
         <size>0x88f</size>
         <input_file_ref idref="fl-6"/>
      </object_component>
      <object_component id="oc-b4">
         <name>.debug_info</name>
         <load_address>0x5bfa</load_address>
         <run_address>0x5bfa</run_address>
         <size>0x2fd8</size>
         <input_file_ref idref="fl-6"/>
      </object_component>
      <object_component id="oc-1f7">
         <name>.debug_info</name>
         <load_address>0x8bd2</load_address>
         <run_address>0x8bd2</run_address>
         <size>0x1c7</size>
         <input_file_ref idref="fl-6"/>
      </object_component>
      <object_component id="oc-15c">
         <name>.debug_info</name>
         <load_address>0x8d99</load_address>
         <run_address>0x8d99</run_address>
         <size>0x46</size>
         <input_file_ref idref="fl-6"/>
      </object_component>
      <object_component id="oc-1c8">
         <name>.debug_info</name>
         <load_address>0x8ddf</load_address>
         <run_address>0x8ddf</run_address>
         <size>0x35</size>
         <input_file_ref idref="fl-6"/>
      </object_component>
      <object_component id="oc-102">
         <name>.debug_info</name>
         <load_address>0x8e14</load_address>
         <run_address>0x8e14</run_address>
         <size>0x7e3</size>
         <input_file_ref idref="fl-7"/>
      </object_component>
      <object_component id="oc-80">
         <name>.debug_info</name>
         <load_address>0x95f7</load_address>
         <run_address>0x95f7</run_address>
         <size>0x382</size>
         <input_file_ref idref="fl-7"/>
      </object_component>
      <object_component id="oc-117">
         <name>.debug_info</name>
         <load_address>0x9979</load_address>
         <run_address>0x9979</run_address>
         <size>0x12b</size>
         <input_file_ref idref="fl-7"/>
      </object_component>
      <object_component id="oc-129">
         <name>.debug_info</name>
         <load_address>0x9aa4</load_address>
         <run_address>0x9aa4</run_address>
         <size>0x12b</size>
         <input_file_ref idref="fl-7"/>
      </object_component>
      <object_component id="oc-12c">
         <name>.debug_info</name>
         <load_address>0x9bcf</load_address>
         <run_address>0x9bcf</run_address>
         <size>0x12b</size>
         <input_file_ref idref="fl-7"/>
      </object_component>
      <object_component id="oc-126">
         <name>.debug_info</name>
         <load_address>0x9cfa</load_address>
         <run_address>0x9cfa</run_address>
         <size>0x16e</size>
         <input_file_ref idref="fl-7"/>
      </object_component>
      <object_component id="oc-120">
         <name>.debug_info</name>
         <load_address>0x9e68</load_address>
         <run_address>0x9e68</run_address>
         <size>0x12b</size>
         <input_file_ref idref="fl-7"/>
      </object_component>
      <object_component id="oc-11a">
         <name>.debug_info</name>
         <load_address>0x9f93</load_address>
         <run_address>0x9f93</run_address>
         <size>0x139</size>
         <input_file_ref idref="fl-7"/>
      </object_component>
      <object_component id="oc-11d">
         <name>.debug_info</name>
         <load_address>0xa0cc</load_address>
         <run_address>0xa0cc</run_address>
         <size>0x12d</size>
         <input_file_ref idref="fl-7"/>
      </object_component>
      <object_component id="oc-123">
         <name>.debug_info</name>
         <load_address>0xa1f9</load_address>
         <run_address>0xa1f9</run_address>
         <size>0x12c</size>
         <input_file_ref idref="fl-7"/>
      </object_component>
      <object_component id="oc-87">
         <name>.debug_info</name>
         <load_address>0xa325</load_address>
         <run_address>0xa325</run_address>
         <size>0x4526</size>
         <input_file_ref idref="fl-7"/>
      </object_component>
      <object_component id="oc-103">
         <name>.debug_info</name>
         <load_address>0xe84b</load_address>
         <run_address>0xe84b</run_address>
         <size>0x30c</size>
         <input_file_ref idref="fl-7"/>
      </object_component>
      <object_component id="oc-1cd">
         <name>.debug_info</name>
         <load_address>0xeb57</load_address>
         <run_address>0xeb57</run_address>
         <size>0x11b</size>
         <input_file_ref idref="fl-7"/>
      </object_component>
      <object_component id="oc-90">
         <name>.debug_info</name>
         <load_address>0xec72</load_address>
         <run_address>0xec72</run_address>
         <size>0x4a4</size>
         <input_file_ref idref="fl-9"/>
      </object_component>
      <object_component id="oc-83">
         <name>.debug_info</name>
         <load_address>0xf116</load_address>
         <run_address>0xf116</run_address>
         <size>0x1a0</size>
         <input_file_ref idref="fl-9"/>
      </object_component>
      <object_component id="oc-8d">
         <name>.debug_info</name>
         <load_address>0xf2b6</load_address>
         <run_address>0xf2b6</run_address>
         <size>0x1ab</size>
         <input_file_ref idref="fl-9"/>
      </object_component>
      <object_component id="oc-34">
         <name>.debug_info</name>
         <load_address>0xf461</load_address>
         <run_address>0xf461</run_address>
         <size>0x937</size>
         <input_file_ref idref="fl-9"/>
      </object_component>
      <object_component id="oc-30">
         <name>.debug_info</name>
         <load_address>0xfd98</load_address>
         <run_address>0xfd98</run_address>
         <size>0x28d</size>
         <input_file_ref idref="fl-a"/>
      </object_component>
      <object_component id="oc-1de">
         <name>.debug_info</name>
         <load_address>0x10025</load_address>
         <run_address>0x10025</run_address>
         <size>0x456</size>
         <input_file_ref idref="fl-b"/>
      </object_component>
      <object_component id="oc-1db">
         <name>.debug_info</name>
         <load_address>0x1047b</load_address>
         <run_address>0x1047b</run_address>
         <size>0x126</size>
         <input_file_ref idref="fl-b"/>
      </object_component>
      <object_component id="oc-1d8">
         <name>.debug_info</name>
         <load_address>0x105a1</load_address>
         <run_address>0x105a1</run_address>
         <size>0x134</size>
         <input_file_ref idref="fl-b"/>
      </object_component>
      <object_component id="oc-10c">
         <name>.debug_info</name>
         <load_address>0x106d5</load_address>
         <run_address>0x106d5</run_address>
         <size>0x444</size>
         <input_file_ref idref="fl-b"/>
      </object_component>
      <object_component id="oc-ad">
         <name>.debug_info</name>
         <load_address>0x10b19</load_address>
         <run_address>0x10b19</run_address>
         <size>0x60b</size>
         <input_file_ref idref="fl-c"/>
      </object_component>
      <object_component id="oc-14d">
         <name>.debug_info</name>
         <load_address>0x11124</load_address>
         <run_address>0x11124</run_address>
         <size>0x387</size>
         <input_file_ref idref="fl-d"/>
      </object_component>
      <object_component id="oc-a2">
         <name>.debug_info</name>
         <load_address>0x114ab</load_address>
         <run_address>0x114ab</run_address>
         <size>0x512</size>
         <input_file_ref idref="fl-d"/>
      </object_component>
      <object_component id="oc-14e">
         <name>.debug_info</name>
         <load_address>0x119bd</load_address>
         <run_address>0x119bd</run_address>
         <size>0x55</size>
         <input_file_ref idref="fl-d"/>
      </object_component>
      <object_component id="oc-154">
         <name>.debug_info</name>
         <load_address>0x11a12</load_address>
         <run_address>0x11a12</run_address>
         <size>0x33b</size>
         <input_file_ref idref="fl-e"/>
      </object_component>
      <object_component id="oc-a8">
         <name>.debug_info</name>
         <load_address>0x11d4d</load_address>
         <run_address>0x11d4d</run_address>
         <size>0xbe3</size>
         <input_file_ref idref="fl-e"/>
      </object_component>
      <object_component id="oc-4d">
         <name>.debug_info</name>
         <load_address>0x12930</load_address>
         <run_address>0x12930</run_address>
         <size>0x119</size>
         <input_file_ref idref="fl-ca"/>
      </object_component>
      <object_component id="oc-e9">
         <name>.debug_info</name>
         <load_address>0x12a49</load_address>
         <run_address>0x12a49</run_address>
         <size>0x147</size>
         <input_file_ref idref="fl-cb"/>
      </object_component>
      <object_component id="oc-e7">
         <name>.debug_info</name>
         <load_address>0x12b90</load_address>
         <run_address>0x12b90</run_address>
         <size>0x2d4</size>
         <input_file_ref idref="fl-ce"/>
      </object_component>
      <object_component id="oc-62">
         <name>.debug_info</name>
         <load_address>0x12e64</load_address>
         <run_address>0x12e64</run_address>
         <size>0x1b5</size>
         <input_file_ref idref="fl-ce"/>
      </object_component>
      <object_component id="oc-e2">
         <name>.debug_info</name>
         <load_address>0x13019</load_address>
         <run_address>0x13019</run_address>
         <size>0x46</size>
         <input_file_ref idref="fl-ce"/>
      </object_component>
      <object_component id="oc-17a">
         <name>.debug_info</name>
         <load_address>0x1305f</load_address>
         <run_address>0x1305f</run_address>
         <size>0x2c</size>
         <input_file_ref idref="fl-ce"/>
      </object_component>
      <object_component id="oc-57">
         <name>.debug_info</name>
         <load_address>0x1308b</load_address>
         <run_address>0x1308b</run_address>
         <size>0x2a8</size>
         <input_file_ref idref="fl-cf"/>
      </object_component>
      <object_component id="oc-1d">
         <name>.debug_info</name>
         <load_address>0x13333</load_address>
         <run_address>0x13333</run_address>
         <size>0x1ea</size>
         <input_file_ref idref="fl-cf"/>
      </object_component>
      <object_component id="oc-52">
         <name>.debug_info</name>
         <load_address>0x1351d</load_address>
         <run_address>0x1351d</run_address>
         <size>0x46</size>
         <input_file_ref idref="fl-cf"/>
      </object_component>
      <object_component id="oc-da">
         <name>.debug_info</name>
         <load_address>0x13563</load_address>
         <run_address>0x13563</run_address>
         <size>0x2c</size>
         <input_file_ref idref="fl-cf"/>
      </object_component>
      <object_component id="oc-d8">
         <name>.debug_info</name>
         <load_address>0x1358f</load_address>
         <run_address>0x1358f</run_address>
         <size>0x29e</size>
         <input_file_ref idref="fl-d0"/>
      </object_component>
      <object_component id="oc-16">
         <name>.debug_info</name>
         <load_address>0x1382d</load_address>
         <run_address>0x1382d</run_address>
         <size>0x250</size>
         <input_file_ref idref="fl-d0"/>
      </object_component>
      <object_component id="oc-42">
         <name>.debug_info</name>
         <load_address>0x13a7d</load_address>
         <run_address>0x13a7d</run_address>
         <size>0x60</size>
         <input_file_ref idref="fl-d0"/>
      </object_component>
      <object_component id="oc-173">
         <name>.debug_info</name>
         <load_address>0x13add</load_address>
         <run_address>0x13add</run_address>
         <size>0x46</size>
         <input_file_ref idref="fl-d0"/>
      </object_component>
      <object_component id="oc-d3">
         <name>.debug_info</name>
         <load_address>0x13b23</load_address>
         <run_address>0x13b23</run_address>
         <size>0x39</size>
         <input_file_ref idref="fl-d0"/>
      </object_component>
      <object_component id="oc-25">
         <name>.debug_info</name>
         <load_address>0x13b5c</load_address>
         <run_address>0x13b5c</run_address>
         <size>0x10b</size>
         <input_file_ref idref="fl-d1"/>
      </object_component>
      <object_component id="oc-6d">
         <name>.debug_info</name>
         <load_address>0x13c67</load_address>
         <run_address>0x13c67</run_address>
         <size>0x1a9</size>
         <input_file_ref idref="fl-d1"/>
      </object_component>
      <object_component id="oc-208">
         <name>.debug_info</name>
         <load_address>0x13e10</load_address>
         <run_address>0x13e10</run_address>
         <size>0x4b3</size>
         <input_file_ref idref="fl-d3"/>
      </object_component>
      <object_component id="oc-192">
         <name>.debug_info</name>
         <load_address>0x142c3</load_address>
         <run_address>0x142c3</run_address>
         <size>0x1a6</size>
         <input_file_ref idref="fl-d3"/>
      </object_component>
      <object_component id="oc-241">
         <name>.debug_info</name>
         <load_address>0x14469</load_address>
         <run_address>0x14469</run_address>
         <size>0x39</size>
         <input_file_ref idref="fl-d3"/>
      </object_component>
      <object_component id="oc-255">
         <name>.debug_info</name>
         <load_address>0x144a2</load_address>
         <run_address>0x144a2</run_address>
         <size>0x39</size>
         <input_file_ref idref="fl-d3"/>
      </object_component>
      <object_component id="oc-246">
         <name>.debug_info</name>
         <load_address>0x144db</load_address>
         <run_address>0x144db</run_address>
         <size>0x39</size>
         <input_file_ref idref="fl-d3"/>
      </object_component>
      <object_component id="oc-24b">
         <name>.debug_info</name>
         <load_address>0x14514</load_address>
         <run_address>0x14514</run_address>
         <size>0xcd</size>
         <input_file_ref idref="fl-d3"/>
      </object_component>
      <object_component id="oc-f0">
         <name>.debug_info</name>
         <load_address>0x145e1</load_address>
         <run_address>0x145e1</run_address>
         <size>0x153</size>
         <input_file_ref idref="fl-d4"/>
      </object_component>
      <object_component id="oc-186">
         <name>.debug_info</name>
         <load_address>0x14734</load_address>
         <run_address>0x14734</run_address>
         <size>0x122</size>
         <input_file_ref idref="fl-d6"/>
      </object_component>
      <object_component id="oc-290">
         <name>.debug_info</name>
         <load_address>0x14856</load_address>
         <run_address>0x14856</run_address>
         <size>0xd7</size>
      </object_component>
      <object_component id="oc-168">
         <name>.debug_line</name>
         <load_address>0x0</load_address>
         <run_address>0x0</run_address>
         <size>0x2b4</size>
         <input_file_ref idref="fl-2"/>
      </object_component>
      <object_component id="oc-39">
         <name>.debug_line</name>
         <load_address>0x2b4</load_address>
         <run_address>0x2b4</run_address>
         <size>0x3f2</size>
         <input_file_ref idref="fl-2"/>
      </object_component>
      <object_component id="oc-13b">
         <name>.debug_line</name>
         <load_address>0x6a6</load_address>
         <run_address>0x6a6</run_address>
         <size>0xa5</size>
         <input_file_ref idref="fl-2"/>
      </object_component>
      <object_component id="oc-d1">
         <name>.debug_line</name>
         <load_address>0x74b</load_address>
         <run_address>0x74b</run_address>
         <size>0x7d</size>
         <input_file_ref idref="fl-2"/>
      </object_component>
      <object_component id="oc-159">
         <name>.debug_line</name>
         <load_address>0x7c8</load_address>
         <run_address>0x7c8</run_address>
         <size>0x97</size>
         <input_file_ref idref="fl-2"/>
      </object_component>
      <object_component id="oc-145">
         <name>.debug_line</name>
         <load_address>0x85f</load_address>
         <run_address>0x85f</run_address>
         <size>0xa9</size>
         <input_file_ref idref="fl-2"/>
      </object_component>
      <object_component id="oc-16c">
         <name>.debug_line</name>
         <load_address>0x908</load_address>
         <run_address>0x908</run_address>
         <size>0xa6</size>
         <input_file_ref idref="fl-2"/>
      </object_component>
      <object_component id="oc-171">
         <name>.debug_line</name>
         <load_address>0x9ae</load_address>
         <run_address>0x9ae</run_address>
         <size>0xa7</size>
         <input_file_ref idref="fl-2"/>
      </object_component>
      <object_component id="oc-4a">
         <name>.debug_line</name>
         <load_address>0xa55</load_address>
         <run_address>0xa55</run_address>
         <size>0x20</size>
         <input_file_ref idref="fl-2"/>
      </object_component>
      <object_component id="oc-94">
         <name>.debug_line</name>
         <load_address>0xa75</load_address>
         <run_address>0xa75</run_address>
         <size>0xa9</size>
         <input_file_ref idref="fl-2"/>
      </object_component>
      <object_component id="oc-14a">
         <name>.debug_line</name>
         <load_address>0xb1e</load_address>
         <run_address>0xb1e</run_address>
         <size>0x81</size>
         <input_file_ref idref="fl-2"/>
      </object_component>
      <object_component id="oc-9e">
         <name>.debug_line</name>
         <load_address>0xb9f</load_address>
         <run_address>0xb9f</run_address>
         <size>0x7e</size>
         <input_file_ref idref="fl-2"/>
      </object_component>
      <object_component id="oc-ca">
         <name>.debug_line</name>
         <load_address>0xc1d</load_address>
         <run_address>0xc1d</run_address>
         <size>0x99</size>
         <input_file_ref idref="fl-2"/>
      </object_component>
      <object_component id="oc-136">
         <name>.debug_line</name>
         <load_address>0xcb6</load_address>
         <run_address>0xcb6</run_address>
         <size>0x79</size>
         <input_file_ref idref="fl-2"/>
      </object_component>
      <object_component id="oc-99">
         <name>.debug_line</name>
         <load_address>0xd2f</load_address>
         <run_address>0xd2f</run_address>
         <size>0xb8</size>
         <input_file_ref idref="fl-2"/>
      </object_component>
      <object_component id="oc-140">
         <name>.debug_line</name>
         <load_address>0xde7</load_address>
         <run_address>0xde7</run_address>
         <size>0xa5</size>
         <input_file_ref idref="fl-2"/>
      </object_component>
      <object_component id="oc-cd">
         <name>.debug_line</name>
         <load_address>0xe8c</load_address>
         <run_address>0xe8c</run_address>
         <size>0x41</size>
         <input_file_ref idref="fl-3"/>
      </object_component>
      <object_component id="oc-3f">
         <name>.debug_line</name>
         <load_address>0xecd</load_address>
         <run_address>0xecd</run_address>
         <size>0x41</size>
         <input_file_ref idref="fl-3"/>
      </object_component>
      <object_component id="oc-2c">
         <name>.debug_line</name>
         <load_address>0xf0e</load_address>
         <run_address>0xf0e</run_address>
         <size>0xa1</size>
         <input_file_ref idref="fl-3"/>
      </object_component>
      <object_component id="oc-226">
         <name>.debug_line</name>
         <load_address>0xfaf</load_address>
         <run_address>0xfaf</run_address>
         <size>0x24b</size>
         <input_file_ref idref="fl-4"/>
      </object_component>
      <object_component id="oc-165">
         <name>.debug_line</name>
         <load_address>0x11fa</load_address>
         <run_address>0x11fa</run_address>
         <size>0x79</size>
         <input_file_ref idref="fl-4"/>
      </object_component>
      <object_component id="oc-1d5">
         <name>.debug_line</name>
         <load_address>0x1273</load_address>
         <run_address>0x1273</run_address>
         <size>0xa9</size>
         <input_file_ref idref="fl-4"/>
      </object_component>
      <object_component id="oc-22a">
         <name>.debug_line</name>
         <load_address>0x131c</load_address>
         <run_address>0x131c</run_address>
         <size>0x45</size>
         <input_file_ref idref="fl-4"/>
      </object_component>
      <object_component id="oc-22f">
         <name>.debug_line</name>
         <load_address>0x1361</load_address>
         <run_address>0x1361</run_address>
         <size>0xad</size>
         <input_file_ref idref="fl-4"/>
      </object_component>
      <object_component id="oc-1c6">
         <name>.debug_line</name>
         <load_address>0x140e</load_address>
         <run_address>0x140e</run_address>
         <size>0xa7</size>
         <input_file_ref idref="fl-4"/>
      </object_component>
      <object_component id="oc-224">
         <name>.debug_line</name>
         <load_address>0x14b5</load_address>
         <run_address>0x14b5</run_address>
         <size>0x20</size>
         <input_file_ref idref="fl-5"/>
      </object_component>
      <object_component id="oc-112">
         <name>.debug_line</name>
         <load_address>0x14d5</load_address>
         <run_address>0x14d5</run_address>
         <size>0xf0</size>
         <input_file_ref idref="fl-5"/>
      </object_component>
      <object_component id="oc-1f6">
         <name>.debug_line</name>
         <load_address>0x15c5</load_address>
         <run_address>0x15c5</run_address>
         <size>0x24b</size>
         <input_file_ref idref="fl-6"/>
      </object_component>
      <object_component id="oc-b7">
         <name>.debug_line</name>
         <load_address>0x1810</load_address>
         <run_address>0x1810</run_address>
         <size>0x73c</size>
         <input_file_ref idref="fl-6"/>
      </object_component>
      <object_component id="oc-1fa">
         <name>.debug_line</name>
         <load_address>0x1f4c</load_address>
         <run_address>0x1f4c</run_address>
         <size>0x3e</size>
         <input_file_ref idref="fl-6"/>
      </object_component>
      <object_component id="oc-15f">
         <name>.debug_line</name>
         <load_address>0x1f8a</load_address>
         <run_address>0x1f8a</run_address>
         <size>0xa6</size>
         <input_file_ref idref="fl-6"/>
      </object_component>
      <object_component id="oc-1cb">
         <name>.debug_line</name>
         <load_address>0x2030</load_address>
         <run_address>0x2030</run_address>
         <size>0x82</size>
         <input_file_ref idref="fl-6"/>
      </object_component>
      <object_component id="oc-1c2">
         <name>.debug_line</name>
         <load_address>0x20b2</load_address>
         <run_address>0x20b2</run_address>
         <size>0x21f</size>
         <input_file_ref idref="fl-7"/>
      </object_component>
      <object_component id="oc-101">
         <name>.debug_line</name>
         <load_address>0x22d1</load_address>
         <run_address>0x22d1</run_address>
         <size>0x3e</size>
         <input_file_ref idref="fl-7"/>
      </object_component>
      <object_component id="oc-1e2">
         <name>.debug_line</name>
         <load_address>0x230f</load_address>
         <run_address>0x230f</run_address>
         <size>0x3e</size>
         <input_file_ref idref="fl-7"/>
      </object_component>
      <object_component id="oc-1ee">
         <name>.debug_line</name>
         <load_address>0x234d</load_address>
         <run_address>0x234d</run_address>
         <size>0x3e</size>
         <input_file_ref idref="fl-7"/>
      </object_component>
      <object_component id="oc-1f0">
         <name>.debug_line</name>
         <load_address>0x238b</load_address>
         <run_address>0x238b</run_address>
         <size>0x3e</size>
         <input_file_ref idref="fl-7"/>
      </object_component>
      <object_component id="oc-1ec">
         <name>.debug_line</name>
         <load_address>0x23c9</load_address>
         <run_address>0x23c9</run_address>
         <size>0x3e</size>
         <input_file_ref idref="fl-7"/>
      </object_component>
      <object_component id="oc-1e8">
         <name>.debug_line</name>
         <load_address>0x2407</load_address>
         <run_address>0x2407</run_address>
         <size>0x3e</size>
         <input_file_ref idref="fl-7"/>
      </object_component>
      <object_component id="oc-1e4">
         <name>.debug_line</name>
         <load_address>0x2445</load_address>
         <run_address>0x2445</run_address>
         <size>0x3e</size>
         <input_file_ref idref="fl-7"/>
      </object_component>
      <object_component id="oc-1e6">
         <name>.debug_line</name>
         <load_address>0x2483</load_address>
         <run_address>0x2483</run_address>
         <size>0x3e</size>
         <input_file_ref idref="fl-7"/>
      </object_component>
      <object_component id="oc-1ea">
         <name>.debug_line</name>
         <load_address>0x24c1</load_address>
         <run_address>0x24c1</run_address>
         <size>0x3e</size>
         <input_file_ref idref="fl-7"/>
      </object_component>
      <object_component id="oc-86">
         <name>.debug_line</name>
         <load_address>0x24ff</load_address>
         <run_address>0x24ff</run_address>
         <size>0xb3c</size>
         <input_file_ref idref="fl-7"/>
      </object_component>
      <object_component id="oc-106">
         <name>.debug_line</name>
         <load_address>0x303b</load_address>
         <run_address>0x303b</run_address>
         <size>0xa5</size>
         <input_file_ref idref="fl-7"/>
      </object_component>
      <object_component id="oc-1d0">
         <name>.debug_line</name>
         <load_address>0x30e0</load_address>
         <run_address>0x30e0</run_address>
         <size>0x3e</size>
         <input_file_ref idref="fl-7"/>
      </object_component>
      <object_component id="oc-132">
         <name>.debug_line</name>
         <load_address>0x311e</load_address>
         <run_address>0x311e</run_address>
         <size>0xd8</size>
         <input_file_ref idref="fl-9"/>
      </object_component>
      <object_component id="oc-109">
         <name>.debug_line</name>
         <load_address>0x31f6</load_address>
         <run_address>0x31f6</run_address>
         <size>0x53</size>
         <input_file_ref idref="fl-9"/>
      </object_component>
      <object_component id="oc-130">
         <name>.debug_line</name>
         <load_address>0x3249</load_address>
         <run_address>0x3249</run_address>
         <size>0x53</size>
         <input_file_ref idref="fl-9"/>
      </object_component>
      <object_component id="oc-37">
         <name>.debug_line</name>
         <load_address>0x329c</load_address>
         <run_address>0x329c</run_address>
         <size>0x192</size>
         <input_file_ref idref="fl-9"/>
      </object_component>
      <object_component id="oc-2f">
         <name>.debug_line</name>
         <load_address>0x342e</load_address>
         <run_address>0x342e</run_address>
         <size>0xe8</size>
         <input_file_ref idref="fl-a"/>
      </object_component>
      <object_component id="oc-222">
         <name>.debug_line</name>
         <load_address>0x3516</load_address>
         <run_address>0x3516</run_address>
         <size>0xa5</size>
         <input_file_ref idref="fl-b"/>
      </object_component>
      <object_component id="oc-220">
         <name>.debug_line</name>
         <load_address>0x35bb</load_address>
         <run_address>0x35bb</run_address>
         <size>0x50</size>
         <input_file_ref idref="fl-b"/>
      </object_component>
      <object_component id="oc-21e">
         <name>.debug_line</name>
         <load_address>0x360b</load_address>
         <run_address>0x360b</run_address>
         <size>0x50</size>
         <input_file_ref idref="fl-b"/>
      </object_component>
      <object_component id="oc-10b">
         <name>.debug_line</name>
         <load_address>0x365b</load_address>
         <run_address>0x365b</run_address>
         <size>0xd5</size>
         <input_file_ref idref="fl-b"/>
      </object_component>
      <object_component id="oc-b1">
         <name>.debug_line</name>
         <load_address>0x3730</load_address>
         <run_address>0x3730</run_address>
         <size>0xfa</size>
         <input_file_ref idref="fl-c"/>
      </object_component>
      <object_component id="oc-1f2">
         <name>.debug_line</name>
         <load_address>0x382a</load_address>
         <run_address>0x382a</run_address>
         <size>0x97</size>
         <input_file_ref idref="fl-d"/>
      </object_component>
      <object_component id="oc-a4">
         <name>.debug_line</name>
         <load_address>0x38c1</load_address>
         <run_address>0x38c1</run_address>
         <size>0x12f</size>
         <input_file_ref idref="fl-d"/>
      </object_component>
      <object_component id="oc-151">
         <name>.debug_line</name>
         <load_address>0x39f0</load_address>
         <run_address>0x39f0</run_address>
         <size>0x4b</size>
         <input_file_ref idref="fl-d"/>
      </object_component>
      <object_component id="oc-1f4">
         <name>.debug_line</name>
         <load_address>0x3a3b</load_address>
         <run_address>0x3a3b</run_address>
         <size>0x20</size>
         <input_file_ref idref="fl-e"/>
      </object_component>
      <object_component id="oc-ab">
         <name>.debug_line</name>
         <load_address>0x3a5b</load_address>
         <run_address>0x3a5b</run_address>
         <size>0x37f</size>
         <input_file_ref idref="fl-e"/>
      </object_component>
      <object_component id="oc-50">
         <name>.debug_line</name>
         <load_address>0x3dda</load_address>
         <run_address>0x3dda</run_address>
         <size>0x88</size>
         <input_file_ref idref="fl-ca"/>
      </object_component>
      <object_component id="oc-ec">
         <name>.debug_line</name>
         <load_address>0x3e62</load_address>
         <run_address>0x3e62</run_address>
         <size>0x79</size>
         <input_file_ref idref="fl-cb"/>
      </object_component>
      <object_component id="oc-180">
         <name>.debug_line</name>
         <load_address>0x3edb</load_address>
         <run_address>0x3edb</run_address>
         <size>0x92</size>
         <input_file_ref idref="fl-ce"/>
      </object_component>
      <object_component id="oc-60">
         <name>.debug_line</name>
         <load_address>0x3f6d</load_address>
         <run_address>0x3f6d</run_address>
         <size>0x53</size>
         <input_file_ref idref="fl-ce"/>
      </object_component>
      <object_component id="oc-e5">
         <name>.debug_line</name>
         <load_address>0x3fc0</load_address>
         <run_address>0x3fc0</run_address>
         <size>0x34</size>
         <input_file_ref idref="fl-ce"/>
      </object_component>
      <object_component id="oc-17d">
         <name>.debug_line</name>
         <load_address>0x3ff4</load_address>
         <run_address>0x3ff4</run_address>
         <size>0x92</size>
         <input_file_ref idref="fl-ce"/>
      </object_component>
      <object_component id="oc-e0">
         <name>.debug_line</name>
         <load_address>0x4086</load_address>
         <run_address>0x4086</run_address>
         <size>0x20</size>
         <input_file_ref idref="fl-cf"/>
      </object_component>
      <object_component id="oc-20">
         <name>.debug_line</name>
         <load_address>0x40a6</load_address>
         <run_address>0x40a6</run_address>
         <size>0x55</size>
         <input_file_ref idref="fl-cf"/>
      </object_component>
      <object_component id="oc-55">
         <name>.debug_line</name>
         <load_address>0x40fb</load_address>
         <run_address>0x40fb</run_address>
         <size>0x3a</size>
         <input_file_ref idref="fl-cf"/>
      </object_component>
      <object_component id="oc-dd">
         <name>.debug_line</name>
         <load_address>0x4135</load_address>
         <run_address>0x4135</run_address>
         <size>0x92</size>
         <input_file_ref idref="fl-cf"/>
      </object_component>
      <object_component id="oc-179">
         <name>.debug_line</name>
         <load_address>0x41c7</load_address>
         <run_address>0x41c7</run_address>
         <size>0x20</size>
         <input_file_ref idref="fl-d0"/>
      </object_component>
      <object_component id="oc-19">
         <name>.debug_line</name>
         <load_address>0x41e7</load_address>
         <run_address>0x41e7</run_address>
         <size>0xa9</size>
         <input_file_ref idref="fl-d0"/>
      </object_component>
      <object_component id="oc-45">
         <name>.debug_line</name>
         <load_address>0x4290</load_address>
         <run_address>0x4290</run_address>
         <size>0x3a</size>
         <input_file_ref idref="fl-d0"/>
      </object_component>
      <object_component id="oc-176">
         <name>.debug_line</name>
         <load_address>0x42ca</load_address>
         <run_address>0x42ca</run_address>
         <size>0x9a</size>
         <input_file_ref idref="fl-d0"/>
      </object_component>
      <object_component id="oc-d6">
         <name>.debug_line</name>
         <load_address>0x4364</load_address>
         <run_address>0x4364</run_address>
         <size>0x96</size>
         <input_file_ref idref="fl-d0"/>
      </object_component>
      <object_component id="oc-7d">
         <name>.debug_line</name>
         <load_address>0x43fa</load_address>
         <run_address>0x43fa</run_address>
         <size>0x33</size>
         <input_file_ref idref="fl-d1"/>
      </object_component>
      <object_component id="oc-6f">
         <name>.debug_line</name>
         <load_address>0x442d</load_address>
         <run_address>0x442d</run_address>
         <size>0x45</size>
         <input_file_ref idref="fl-d1"/>
      </object_component>
      <object_component id="oc-240">
         <name>.debug_line</name>
         <load_address>0x4472</load_address>
         <run_address>0x4472</run_address>
         <size>0xbf</size>
         <input_file_ref idref="fl-d3"/>
      </object_component>
      <object_component id="oc-191">
         <name>.debug_line</name>
         <load_address>0x4531</load_address>
         <run_address>0x4531</run_address>
         <size>0x6f</size>
         <input_file_ref idref="fl-d3"/>
      </object_component>
      <object_component id="oc-244">
         <name>.debug_line</name>
         <load_address>0x45a0</load_address>
         <run_address>0x45a0</run_address>
         <size>0x2e</size>
         <input_file_ref idref="fl-d3"/>
      </object_component>
      <object_component id="oc-258">
         <name>.debug_line</name>
         <load_address>0x45ce</load_address>
         <run_address>0x45ce</run_address>
         <size>0x9a</size>
         <input_file_ref idref="fl-d3"/>
      </object_component>
      <object_component id="oc-249">
         <name>.debug_line</name>
         <load_address>0x4668</load_address>
         <run_address>0x4668</run_address>
         <size>0x97</size>
         <input_file_ref idref="fl-d3"/>
      </object_component>
      <object_component id="oc-24e">
         <name>.debug_line</name>
         <load_address>0x46ff</load_address>
         <run_address>0x46ff</run_address>
         <size>0x93</size>
         <input_file_ref idref="fl-d3"/>
      </object_component>
      <object_component id="oc-ef">
         <name>.debug_line</name>
         <load_address>0x4792</load_address>
         <run_address>0x4792</run_address>
         <size>0x40</size>
         <input_file_ref idref="fl-d4"/>
      </object_component>
      <object_component id="oc-188">
         <name>.debug_line</name>
         <load_address>0x47d2</load_address>
         <run_address>0x47d2</run_address>
         <size>0x3c</size>
         <input_file_ref idref="fl-d6"/>
      </object_component>
      <object_component id="oc-3d">
         <name>.debug_frame</name>
         <load_address>0x0</load_address>
         <run_address>0x0</run_address>
         <size>0x1c8</size>
         <input_file_ref idref="fl-2"/>
      </object_component>
      <object_component id="oc-2b">
         <name>.debug_frame</name>
         <load_address>0x1c8</load_address>
         <run_address>0x1c8</run_address>
         <size>0x90</size>
         <input_file_ref idref="fl-3"/>
      </object_component>
      <object_component id="oc-111">
         <name>.debug_frame</name>
         <load_address>0x258</load_address>
         <run_address>0x258</run_address>
         <size>0xb8</size>
         <input_file_ref idref="fl-5"/>
      </object_component>
      <object_component id="oc-b3">
         <name>.debug_frame</name>
         <load_address>0x310</load_address>
         <run_address>0x310</run_address>
         <size>0x314</size>
         <input_file_ref idref="fl-6"/>
      </object_component>
      <object_component id="oc-8a">
         <name>.debug_frame</name>
         <load_address>0x624</load_address>
         <run_address>0x624</run_address>
         <size>0x56c</size>
         <input_file_ref idref="fl-7"/>
      </object_component>
      <object_component id="oc-33">
         <name>.debug_frame</name>
         <load_address>0xb90</load_address>
         <run_address>0xb90</run_address>
         <size>0x110</size>
         <input_file_ref idref="fl-9"/>
      </object_component>
      <object_component id="oc-10f">
         <name>.debug_frame</name>
         <load_address>0xca0</load_address>
         <run_address>0xca0</run_address>
         <size>0xa0</size>
         <input_file_ref idref="fl-b"/>
      </object_component>
      <object_component id="oc-b0">
         <name>.debug_frame</name>
         <load_address>0xd40</load_address>
         <run_address>0xd40</run_address>
         <size>0xec</size>
         <input_file_ref idref="fl-c"/>
      </object_component>
      <object_component id="oc-a5">
         <name>.debug_frame</name>
         <load_address>0xe2c</load_address>
         <run_address>0xe2c</run_address>
         <size>0xb8</size>
         <input_file_ref idref="fl-d"/>
      </object_component>
      <object_component id="oc-a7">
         <name>.debug_frame</name>
         <load_address>0xee4</load_address>
         <run_address>0xee4</run_address>
         <size>0x200</size>
         <input_file_ref idref="fl-e"/>
      </object_component>
      <object_component id="oc-61">
         <name>.debug_frame</name>
         <load_address>0x10e4</load_address>
         <run_address>0x10e4</run_address>
         <size>0x54</size>
         <input_file_ref idref="fl-ce"/>
      </object_component>
      <object_component id="oc-1c">
         <name>.debug_frame</name>
         <load_address>0x1138</load_address>
         <run_address>0x1138</run_address>
         <size>0x54</size>
         <input_file_ref idref="fl-cf"/>
      </object_component>
      <object_component id="oc-1a">
         <name>.debug_frame</name>
         <load_address>0x118c</load_address>
         <run_address>0x118c</run_address>
         <size>0x60</size>
         <input_file_ref idref="fl-d0"/>
      </object_component>
      <object_component id="oc-6c">
         <name>.debug_frame</name>
         <load_address>0x11ec</load_address>
         <run_address>0x11ec</run_address>
         <size>0x50</size>
         <input_file_ref idref="fl-d1"/>
      </object_component>
      <object_component id="oc-194">
         <name>.debug_frame</name>
         <load_address>0x123c</load_address>
         <run_address>0x123c</run_address>
         <size>0x5c</size>
         <input_file_ref idref="fl-d3"/>
      </object_component>
      <object_component id="oc-f3">
         <name>.debug_frame</name>
         <load_address>0x1298</load_address>
         <run_address>0x1298</run_address>
         <size>0x54</size>
         <input_file_ref idref="fl-d4"/>
      </object_component>
      <object_component id="oc-185">
         <name>.debug_frame</name>
         <load_address>0x12ec</load_address>
         <run_address>0x12ec</run_address>
         <size>0x54</size>
         <input_file_ref idref="fl-d6"/>
      </object_component>
      <object_component id="oc-167">
         <name>.debug_abbrev</name>
         <load_address>0x0</load_address>
         <run_address>0x0</run_address>
         <size>0x122</size>
         <input_file_ref idref="fl-2"/>
      </object_component>
      <object_component id="oc-c6">
         <name>.debug_abbrev</name>
         <load_address>0x122</load_address>
         <run_address>0x122</run_address>
         <size>0x139</size>
         <input_file_ref idref="fl-2"/>
      </object_component>
      <object_component id="oc-13a">
         <name>.debug_abbrev</name>
         <load_address>0x25b</load_address>
         <run_address>0x25b</run_address>
         <size>0x9f</size>
         <input_file_ref idref="fl-2"/>
      </object_component>
      <object_component id="oc-d0">
         <name>.debug_abbrev</name>
         <load_address>0x2fa</load_address>
         <run_address>0x2fa</run_address>
         <size>0x69</size>
         <input_file_ref idref="fl-2"/>
      </object_component>
      <object_component id="oc-158">
         <name>.debug_abbrev</name>
         <load_address>0x363</load_address>
         <run_address>0x363</run_address>
         <size>0x49</size>
         <input_file_ref idref="fl-2"/>
      </object_component>
      <object_component id="oc-144">
         <name>.debug_abbrev</name>
         <load_address>0x3ac</load_address>
         <run_address>0x3ac</run_address>
         <size>0x70</size>
         <input_file_ref idref="fl-2"/>
      </object_component>
      <object_component id="oc-16b">
         <name>.debug_abbrev</name>
         <load_address>0x41c</load_address>
         <run_address>0x41c</run_address>
         <size>0x33</size>
         <input_file_ref idref="fl-2"/>
      </object_component>
      <object_component id="oc-170">
         <name>.debug_abbrev</name>
         <load_address>0x44f</load_address>
         <run_address>0x44f</run_address>
         <size>0x24</size>
         <input_file_ref idref="fl-2"/>
      </object_component>
      <object_component id="oc-49">
         <name>.debug_abbrev</name>
         <load_address>0x473</load_address>
         <run_address>0x473</run_address>
         <size>0x1f</size>
         <input_file_ref idref="fl-2"/>
      </object_component>
      <object_component id="oc-93">
         <name>.debug_abbrev</name>
         <load_address>0x492</load_address>
         <run_address>0x492</run_address>
         <size>0x24</size>
         <input_file_ref idref="fl-2"/>
      </object_component>
      <object_component id="oc-149">
         <name>.debug_abbrev</name>
         <load_address>0x4b6</load_address>
         <run_address>0x4b6</run_address>
         <size>0x5c</size>
         <input_file_ref idref="fl-2"/>
      </object_component>
      <object_component id="oc-9d">
         <name>.debug_abbrev</name>
         <load_address>0x512</load_address>
         <run_address>0x512</run_address>
         <size>0x24</size>
         <input_file_ref idref="fl-2"/>
      </object_component>
      <object_component id="oc-c9">
         <name>.debug_abbrev</name>
         <load_address>0x536</load_address>
         <run_address>0x536</run_address>
         <size>0x35</size>
         <input_file_ref idref="fl-2"/>
      </object_component>
      <object_component id="oc-135">
         <name>.debug_abbrev</name>
         <load_address>0x56b</load_address>
         <run_address>0x56b</run_address>
         <size>0x24</size>
         <input_file_ref idref="fl-2"/>
      </object_component>
      <object_component id="oc-98">
         <name>.debug_abbrev</name>
         <load_address>0x58f</load_address>
         <run_address>0x58f</run_address>
         <size>0x24</size>
         <input_file_ref idref="fl-2"/>
      </object_component>
      <object_component id="oc-13f">
         <name>.debug_abbrev</name>
         <load_address>0x5b3</load_address>
         <run_address>0x5b3</run_address>
         <size>0x61</size>
         <input_file_ref idref="fl-2"/>
      </object_component>
      <object_component id="oc-cc">
         <name>.debug_abbrev</name>
         <load_address>0x614</load_address>
         <run_address>0x614</run_address>
         <size>0x7c</size>
         <input_file_ref idref="fl-3"/>
      </object_component>
      <object_component id="oc-3e">
         <name>.debug_abbrev</name>
         <load_address>0x690</load_address>
         <run_address>0x690</run_address>
         <size>0x29</size>
         <input_file_ref idref="fl-3"/>
      </object_component>
      <object_component id="oc-7e">
         <name>.debug_abbrev</name>
         <load_address>0x6b9</load_address>
         <run_address>0x6b9</run_address>
         <size>0x79</size>
         <input_file_ref idref="fl-3"/>
      </object_component>
      <object_component id="oc-225">
         <name>.debug_abbrev</name>
         <load_address>0x732</load_address>
         <run_address>0x732</run_address>
         <size>0x111</size>
         <input_file_ref idref="fl-4"/>
      </object_component>
      <object_component id="oc-164">
         <name>.debug_abbrev</name>
         <load_address>0x843</load_address>
         <run_address>0x843</run_address>
         <size>0x5a</size>
         <input_file_ref idref="fl-4"/>
      </object_component>
      <object_component id="oc-1d4">
         <name>.debug_abbrev</name>
         <load_address>0x89d</load_address>
         <run_address>0x89d</run_address>
         <size>0x70</size>
         <input_file_ref idref="fl-4"/>
      </object_component>
      <object_component id="oc-229">
         <name>.debug_abbrev</name>
         <load_address>0x90d</load_address>
         <run_address>0x90d</run_address>
         <size>0x4b</size>
         <input_file_ref idref="fl-4"/>
      </object_component>
      <object_component id="oc-22e">
         <name>.debug_abbrev</name>
         <load_address>0x958</load_address>
         <run_address>0x958</run_address>
         <size>0x24</size>
         <input_file_ref idref="fl-4"/>
      </object_component>
      <object_component id="oc-1c5">
         <name>.debug_abbrev</name>
         <load_address>0x97c</load_address>
         <run_address>0x97c</run_address>
         <size>0x33</size>
         <input_file_ref idref="fl-4"/>
      </object_component>
      <object_component id="oc-223">
         <name>.debug_abbrev</name>
         <load_address>0x9af</load_address>
         <run_address>0x9af</run_address>
         <size>0x88</size>
         <input_file_ref idref="fl-5"/>
      </object_component>
      <object_component id="oc-1df">
         <name>.debug_abbrev</name>
         <load_address>0xa37</load_address>
         <run_address>0xa37</run_address>
         <size>0x9b</size>
         <input_file_ref idref="fl-5"/>
      </object_component>
      <object_component id="oc-1f5">
         <name>.debug_abbrev</name>
         <load_address>0xad2</load_address>
         <run_address>0xad2</run_address>
         <size>0x129</size>
         <input_file_ref idref="fl-6"/>
      </object_component>
      <object_component id="oc-15b">
         <name>.debug_abbrev</name>
         <load_address>0xbfb</load_address>
         <run_address>0xbfb</run_address>
         <size>0x10c</size>
         <input_file_ref idref="fl-6"/>
      </object_component>
      <object_component id="oc-1f9">
         <name>.debug_abbrev</name>
         <load_address>0xd07</load_address>
         <run_address>0xd07</run_address>
         <size>0x70</size>
         <input_file_ref idref="fl-6"/>
      </object_component>
      <object_component id="oc-15e">
         <name>.debug_abbrev</name>
         <load_address>0xd77</load_address>
         <run_address>0xd77</run_address>
         <size>0x24</size>
         <input_file_ref idref="fl-6"/>
      </object_component>
      <object_component id="oc-1ca">
         <name>.debug_abbrev</name>
         <load_address>0xd9b</load_address>
         <run_address>0xd9b</run_address>
         <size>0x33</size>
         <input_file_ref idref="fl-6"/>
      </object_component>
      <object_component id="oc-1c1">
         <name>.debug_abbrev</name>
         <load_address>0xdce</load_address>
         <run_address>0xdce</run_address>
         <size>0x11c</size>
         <input_file_ref idref="fl-7"/>
      </object_component>
      <object_component id="oc-100">
         <name>.debug_abbrev</name>
         <load_address>0xeea</load_address>
         <run_address>0xeea</run_address>
         <size>0x3d</size>
         <input_file_ref idref="fl-7"/>
      </object_component>
      <object_component id="oc-1e1">
         <name>.debug_abbrev</name>
         <load_address>0xf27</load_address>
         <run_address>0xf27</run_address>
         <size>0x27</size>
         <input_file_ref idref="fl-7"/>
      </object_component>
      <object_component id="oc-1ed">
         <name>.debug_abbrev</name>
         <load_address>0xf4e</load_address>
         <run_address>0xf4e</run_address>
         <size>0x27</size>
         <input_file_ref idref="fl-7"/>
      </object_component>
      <object_component id="oc-1ef">
         <name>.debug_abbrev</name>
         <load_address>0xf75</load_address>
         <run_address>0xf75</run_address>
         <size>0x27</size>
         <input_file_ref idref="fl-7"/>
      </object_component>
      <object_component id="oc-1eb">
         <name>.debug_abbrev</name>
         <load_address>0xf9c</load_address>
         <run_address>0xf9c</run_address>
         <size>0x27</size>
         <input_file_ref idref="fl-7"/>
      </object_component>
      <object_component id="oc-1e7">
         <name>.debug_abbrev</name>
         <load_address>0xfc3</load_address>
         <run_address>0xfc3</run_address>
         <size>0x27</size>
         <input_file_ref idref="fl-7"/>
      </object_component>
      <object_component id="oc-1e3">
         <name>.debug_abbrev</name>
         <load_address>0xfea</load_address>
         <run_address>0xfea</run_address>
         <size>0x27</size>
         <input_file_ref idref="fl-7"/>
      </object_component>
      <object_component id="oc-1e5">
         <name>.debug_abbrev</name>
         <load_address>0x1011</load_address>
         <run_address>0x1011</run_address>
         <size>0x27</size>
         <input_file_ref idref="fl-7"/>
      </object_component>
      <object_component id="oc-1e9">
         <name>.debug_abbrev</name>
         <load_address>0x1038</load_address>
         <run_address>0x1038</run_address>
         <size>0x29</size>
         <input_file_ref idref="fl-7"/>
      </object_component>
      <object_component id="oc-12e">
         <name>.debug_abbrev</name>
         <load_address>0x1061</load_address>
         <run_address>0x1061</run_address>
         <size>0x10c</size>
         <input_file_ref idref="fl-7"/>
      </object_component>
      <object_component id="oc-105">
         <name>.debug_abbrev</name>
         <load_address>0x116d</load_address>
         <run_address>0x116d</run_address>
         <size>0x90</size>
         <input_file_ref idref="fl-7"/>
      </object_component>
      <object_component id="oc-1cf">
         <name>.debug_abbrev</name>
         <load_address>0x11fd</load_address>
         <run_address>0x11fd</run_address>
         <size>0x4b</size>
         <input_file_ref idref="fl-7"/>
      </object_component>
      <object_component id="oc-131">
         <name>.debug_abbrev</name>
         <load_address>0x1248</load_address>
         <run_address>0x1248</run_address>
         <size>0xb2</size>
         <input_file_ref idref="fl-9"/>
      </object_component>
      <object_component id="oc-108">
         <name>.debug_abbrev</name>
         <load_address>0x12fa</load_address>
         <run_address>0x12fa</run_address>
         <size>0x3d</size>
         <input_file_ref idref="fl-9"/>
      </object_component>
      <object_component id="oc-12f">
         <name>.debug_abbrev</name>
         <load_address>0x1337</load_address>
         <run_address>0x1337</run_address>
         <size>0x27</size>
         <input_file_ref idref="fl-9"/>
      </object_component>
      <object_component id="oc-8f">
         <name>.debug_abbrev</name>
         <load_address>0x135e</load_address>
         <run_address>0x135e</run_address>
         <size>0x10c</size>
         <input_file_ref idref="fl-9"/>
      </object_component>
[...]
         <value>0x2279</value>
         <object_component_ref idref="oc-b2"/>
      </symbol>
      <symbol id="sm-295">
         <name>xQueueReceiveFromISR</name>
         <value>0x2cb1</value>
         <object_component_ref idref="oc-b2"/>
      </symbol>
      <symbol id="sm-296">
         <name>uxQueueSpacesAvailable</name>
         <value>0x2e93</value>
         <object_component_ref idref="oc-b2"/>
      </symbol>
      <symbol id="sm-297">
         <name>xQueueSemaphoreTake</name>
         <value>0x29cb</value>
         <object_component_ref idref="oc-b2"/>
      </symbol>
      <symbol id="sm-298">
         <name>xQueueGiveFromISR</name>
         <value>0x2755</value>
         <object_component_ref idref="oc-b2"/>
      </symbol>
      <symbol id="sm-299">
         <name>uxQueueMessagesWaitingFromISR</name>
         <value>0x2ec7</value>
         <object_component_ref idref="oc-b2"/>
      </symbol>
      <symbol id="sm-29a">
         <name>vQueueDelete</name>
         <value>0x2ef1</value>
         <object_component_ref idref="oc-b2"/>
      </symbol>
      <symbol id="sm-29b">
         <name>xQueuePeek</name>
         <value>0x2b59</value>
         <object_component_ref idref="oc-b2"/>
      </symbol>
      <symbol id="sm-29c">
         <name>xQueueReceive</name>
         <value>0x2879</value>
         <object_component_ref idref="oc-b2"/>
      </symbol>
      <symbol id="sm-4f8">
         <name>vTaskDelay</name>
         <value>0x685</value>
         <object_component_ref idref="oc-85"/>
      </symbol>
      <symbol id="sm-4f9">
         <name>vTaskSuspendAll</name>
         <value>0xaaf</value>
         <object_component_ref idref="oc-85"/>
      </symbol>
      <symbol id="sm-4fa">
         <name>vTaskPlaceOnEventList</name>
         <value>0xfad</value>
         <object_component_ref idref="oc-85"/>
      </symbol>
      <symbol id="sm-4fb">
         <name>pcTaskGetName</name>
         <value>0xc97</value>
         <object_component_ref idref="oc-85"/>
      </symbol>
      <symbol id="sm-4fc">
         <name>xTaskCheckForTimeOut</name>
         <value>0x1395</value>
         <object_component_ref idref="oc-85"/>
      </symbol>
      <symbol id="sm-4fd">
         <name>vTaskGenericNotifyGiveFromISR</name>
         <value>0x1f21</value>
         <object_component_ref idref="oc-85"/>
      </symbol>
      <symbol id="sm-4fe">
         <name>vTaskRemoveFromUnorderedEventList</name>
         <value>0x11fd</value>
         <object_component_ref idref="oc-85"/>
      </symbol>
      <symbol id="sm-4ff">
         <name>xTaskPriorityDisinherit</name>
         <value>0x169d</value>
         <object_component_ref idref="oc-85"/>
      </symbol>
      <symbol id="sm-500">
         <name>vTaskStartScheduler</name>
         <value>0xa29</value>
         <object_component_ref idref="oc-85"/>
      </symbol>
      <symbol id="sm-501">
         <name>vTaskInternalSetTimeOutState</name>
         <value>0x136d</value>
         <object_component_ref idref="oc-85"/>
      </symbol>
      <symbol id="sm-502">
         <name>pvTaskIncrementMutexHeldCount</name>
         <value>0x191f</value>
         <object_component_ref idref="oc-85"/>
      </symbol>
      <symbol id="sm-503">
         <name>xTaskGenericNotifyStateClear</name>
         <value>0x20d1</value>
         <object_component_ref idref="oc-85"/>
      </symbol>
      <symbol id="sm-504">
         <name>xTaskGenericNotify</name>
         <value>0x1ae1</value>
         <object_component_ref idref="oc-85"/>
      </symbol>
      <symbol id="sm-505">
         <name>vTaskPriorityDisinheritAfterTimeout</name>
         <value>0x17b1</value>
         <object_component_ref idref="oc-85"/>
      </symbol>
      <symbol id="sm-506">
         <name>xTaskCreate</name>
         <value>0x26d</value>
         <object_component_ref idref="oc-85"/>
      </symbol>
      <symbol id="sm-507">
         <name>xTaskDelayUntil</name>
         <value>0x593</value>
         <object_component_ref idref="oc-85"/>
      </symbol>
      <symbol id="sm-508">
         <name>vTaskEndScheduler</name>
         <value>0xa93</value>
         <object_component_ref idref="oc-85"/>
      </symbol>
      <symbol id="sm-509">
         <name>vTaskMissedYield</name>
         <value>0x1441</value>
         <object_component_ref idref="oc-85"/>
      </symbol>
      <symbol id="sm-50a">
         <name>uxTaskGetNumberOfTasks</name>
         <value>0xc91</value>
         <object_component_ref idref="oc-85"/>
      </symbol>
      <symbol id="sm-50b">
         <name>xTaskCatchUpTicks</name>
         <value>0xce5</value>
         <object_component_ref idref="oc-85"/>
      </symbol>
      <symbol id="sm-50c">
         <name>xTaskGenericNotifyFromISR</name>
         <value>0x1ccd</value>
         <object_component_ref idref="oc-85"/>
      </symbol>
      <symbol id="sm-50d">
         <name>xTaskResumeAll</name>
         <value>0xac1</value>
         <object_component_ref idref="oc-85"/>
      </symbol>
      <symbol id="sm-50e">
         <name>xTaskGetTickCount</name>
         <value>0xc69</value>
         <object_component_ref idref="oc-85"/>
      </symbol>
      <symbol id="sm-50f">
         <name>ulTaskGenericNotifyTake</name>
         <value>0x1937</value>
         <object_component_ref idref="oc-85"/>
      </symbol>
      <symbol id="sm-510">
         <name>vTaskDelete</name>
         <value>0x4bf</value>
         <object_component_ref idref="oc-85"/>
      </symbol>
      <symbol id="sm-511">
         <name>ulTaskGenericNotifyValueClear</name>
         <value>0x2139</value>
         <object_component_ref idref="oc-85"/>
      </symbol>
      <symbol id="sm-512">
         <name>xTaskGenericNotifyWait</name>
         <value>0x19f5</value>
         <object_component_ref idref="oc-85"/>
      </symbol>
      <symbol id="sm-513">
         <name>pxCurrentTCB</name>
         <value>0x20001f70</value>
         <object_component_ref idref="oc-7f"/>
      </symbol>
      <symbol id="sm-514">
         <name>vTaskSuspend</name>
         <value>0x6e9</value>
         <object_component_ref idref="oc-85"/>
      </symbol>
      <symbol id="sm-515">
         <name>xTaskGetTickCountFromISR</name>
         <value>0xc79</value>
         <object_component_ref idref="oc-85"/>
      </symbol>
      <symbol id="sm-516">
         <name>vTaskResume</name>
         <value>0x849</value>
         <object_component_ref idref="oc-85"/>
      </symbol>
      <symbol id="sm-517">
         <name>uxTopUsedPriority</name>
         <value>0x4e50</value>
         <object_component_ref idref="oc-122"/>
      </symbol>
      <symbol id="sm-518">
         <name>vTaskSetTimeOutState</name>
         <value>0x133b</value>
         <object_component_ref idref="oc-85"/>
      </symbol>
      <symbol id="sm-519">
         <name>xTaskIncrementTick</name>
         <value>0xd4d</value>
         <object_component_ref idref="oc-85"/>
      </symbol>
      <symbol id="sm-51a">
         <name>vTaskSwitchContext</name>
         <value>0xf23</value>
         <object_component_ref idref="oc-85"/>
      </symbol>
      <symbol id="sm-51b">
         <name>uxTaskResetEventItemValue</name>
         <value>0x18fd</value>
         <object_component_ref idref="oc-85"/>
      </symbol>
      <symbol id="sm-51c">
         <name>xTaskResumeFromISR</name>
         <value>0x921</value>
         <object_component_ref idref="oc-85"/>
      </symbol>
      <symbol id="sm-51d">
         <name>xTaskGetCurrentTaskHandle</name>
         <value>0x154d</value>
         <object_component_ref idref="oc-85"/>
      </symbol>
      <symbol id="sm-51e">
         <name>vTaskPlaceOnUnorderedEventList</name>
         <value>0xff1</value>
         <object_component_ref idref="oc-85"/>
      </symbol>
      <symbol id="sm-51f">
         <name>xTaskRemoveFromEventList</name>
         <value>0x109d</value>
         <object_component_ref idref="oc-85"/>
      </symbol>
      <symbol id="sm-520">
         <name>xTaskPriorityInherit</name>
         <value>0x1565</value>
         <object_component_ref idref="oc-85"/>
      </symbol>
      <symbol id="sm-572">
         <name>ulMaxSyscallInterruptPriority</name>
         <value>0x4e48</value>
         <object_component_ref idref="oc-82"/>
      </symbol>
      <symbol id="sm-573">
         <name>vPortSetupTimerInterrupt</name>
         <value>0x479d</value>
         <object_component_ref idref="oc-32"/>
      </symbol>
      <symbol id="sm-574">
         <name>vPortEndScheduler</name>
         <value>0x46e5</value>
         <object_component_ref idref="oc-32"/>
      </symbol>
      <symbol id="sm-575">
         <name>xPortSysTickHandler</name>
         <value>0x4777</value>
         <object_component_ref idref="oc-32"/>
      </symbol>
      <symbol id="sm-576">
         <name>vPortValidateInterruptPriority</name>
         <value>0x47b7</value>
         <object_component_ref idref="oc-32"/>
      </symbol>
      <symbol id="sm-577">
         <name>pxPortInitialiseStack</name>
         <value>0x45a1</value>
         <object_component_ref idref="oc-32"/>
      </symbol>
      <symbol id="sm-578">
         <name>vPortExitCritical</name>
         <value>0x474b</value>
         <object_component_ref idref="oc-32"/>
      </symbol>
      <symbol id="sm-579">
         <name>xPortStartScheduler</name>
         <value>0x462d</value>
         <object_component_ref idref="oc-32"/>
      </symbol>
      <symbol id="sm-57a">
         <name>vPortEnterCritical</name>
         <value>0x4709</value>
         <object_component_ref idref="oc-32"/>
      </symbol>
      <symbol id="sm-589">
         <name>vPortStartFirstTask</name>
         <value>0x4b1d</value>
         <object_component_ref idref="oc-2d"/>
      </symbol>
      <symbol id="sm-58a">
         <name>ulPortGetIPSR</name>
         <value>0x4a85</value>
         <object_component_ref idref="oc-2d"/>
      </symbol>
      <symbol id="sm-58b">
         <name>vPortEnableVFP</name>
         <value>0x4b41</value>
         <object_component_ref idref="oc-2d"/>
      </symbol>
      <symbol id="sm-58c">
         <name>xPortPendSVHandler</name>
         <value>0x4a9d</value>
         <object_component_ref idref="oc-2d"/>
      </symbol>
      <symbol id="sm-58d">
         <name>vPortSVCHandler</name>
         <value>0x4afd</value>
         <object_component_ref idref="oc-2d"/>
      </symbol>
      <symbol id="sm-5b7">
         <name>vPortInitialiseBlocks</name>
         <value>0x4c01</value>
         <object_component_ref idref="oc-10a"/>
      </symbol>
      <symbol id="sm-5b8">
         <name>xPortGetFreeHeapSize</name>
         <value>0x4c09</value>
         <object_component_ref idref="oc-10a"/>
      </symbol>
      <symbol id="sm-5b9">
         <name>pvPortMalloc</name>
         <value>0x4b51</value>
         <object_component_ref idref="oc-10a"/>
      </symbol>
      <symbol id="sm-5ba">
         <name>vPortFree</name>
         <value>0x4bdd</value>
         <object_component_ref idref="oc-10a"/>
      </symbol>
      <symbol id="sm-5cc">
         <name>HAL_TurnOnMotorACCLK_WISE</name>
         <value>0x49f9</value>
         <object_component_ref idref="oc-ac"/>
      </symbol>
      <symbol id="sm-5cd">
         <name>HAL_MotorsInit</name>
         <value>0x4981</value>
         <object_component_ref idref="oc-ac"/>
      </symbol>
      <symbol id="sm-5ce">
         <name>HAL_TurnOnMotorBCLK_WISE</name>
         <value>0x4a29</value>
         <object_component_ref idref="oc-ac"/>
      </symbol>
      <symbol id="sm-5cf">
         <name>HAL_TurnOnMotorBCCLK_WISE</name>
         <value>0x4a41</value>
         <object_component_ref idref="oc-ac"/>
      </symbol>
      <symbol id="sm-5d0">
         <name>HAL_TurnOnMotorACLK_WISE</name>
         <value>0x49e1</value>
         <object_component_ref idref="oc-ac"/>
      </symbol>
      <symbol id="sm-5d1">
         <name>HAL_TurnOffMotorA</name>
         <value>0x4a11</value>
         <object_component_ref idref="oc-ac"/>
      </symbol>
      <symbol id="sm-5d2">
         <name>HAL_TurnOffMotorB</name>
         <value>0x4a59</value>
         <object_component_ref idref="oc-ac"/>
      </symbol>
      <symbol id="sm-617">
         <name>HAL_Jam_Lock_Switches_Init</name>
         <value>0x4415</value>
         <object_component_ref idref="oc-a0"/>
      </symbol>
      <symbol id="sm-618">
         <name>HAL_Limit_Switches_Init</name>
         <value>0x4391</value>
         <object_component_ref idref="oc-a0"/>
      </symbol>
      <symbol id="sm-619">
         <name>HAL_Window_Switches_Init</name>
         <value>0x4499</value>
         <object_component_ref idref="oc-a0"/>
      </symbol>
      <symbol id="sm-61a">
         <name>read_SWT</name>
         <value>0x4363</value>
         <object_component_ref idref="oc-a0"/>
      </symbol>
      <symbol id="sm-61b">
         <name>read_swt</name>
         <value>0x42d5</value>
         <object_component_ref idref="oc-a0"/>
      </symbol>
      <symbol id="sm-66f">
         <name>MCAL_GPIO_WritePin</name>
         <value>0x4033</value>
         <object_component_ref idref="oc-a6"/>
      </symbol>
      <symbol id="sm-670">
         <name>GPIO_SW1GetState</name>
         <value>0x41d9</value>
         <object_component_ref idref="oc-a6"/>
      </symbol>
      <symbol id="sm-671">
         <name>GPIO_GreenLedOn</name>
         <value>0x4165</value>
         <object_component_ref idref="oc-a6"/>
      </symbol>
      <symbol id="sm-672">
         <name>GPIO_BlueLedToggle</name>
         <value>0x41c1</value>
         <object_component_ref idref="oc-a6"/>
      </symbol>
      <symbol id="sm-673">
         <name>MCAL_GPIO_WritePort</name>
         <value>0x406f</value>
         <object_component_ref idref="oc-a6"/>
      </symbol>
      <symbol id="sm-674">
         <name>GPIO_SW2GetState</name>
         <value>0x41e3</value>
         <object_component_ref idref="oc-a6"/>
      </symbol>
      <symbol id="sm-675">
         <name>GPIO_SW2EdgeTriggeredInterruptInit</name>
         <value>0x423b</value>
         <object_component_ref idref="oc-a6"/>
      </symbol>
      <symbol id="sm-676">
         <name>MCAL_GPIO_ReadPin</name>
         <value>0x40b1</value>
         <object_component_ref idref="oc-a6"/>
      </symbol>
      <symbol id="sm-677">
         <name>MCAL_GPIO_Pin_Init</name>
         <value>0x3dc5</value>
         <object_component_ref idref="oc-a6"/>
      </symbol>
      <symbol id="sm-678">
         <name>GPIO_BuiltinButtonsLedsInit</name>
         <value>0x40d9</value>
         <object_component_ref idref="oc-a6"/>
      </symbol>
      <symbol id="sm-679">
         <name>GPIO_TurnOffAll</name>
         <value>0x4195</value>
         <object_component_ref idref="oc-a6"/>
      </symbol>
      <symbol id="sm-67a">
         <name>MCAL_GPIO_Init</name>
         <value>0x3da1</value>
         <object_component_ref idref="oc-a6"/>
      </symbol>
      <symbol id="sm-67b">
         <name>GPIO_RedLedToggle</name>
         <value>0x41b5</value>
         <object_component_ref idref="oc-a6"/>
      </symbol>
      <symbol id="sm-67c">
         <name>MCAL_GPIO_TogglePin</name>
         <value>0x4087</value>
         <object_component_ref idref="oc-a6"/>
      </symbol>
      <symbol id="sm-67d">
         <name>GPIO_BlueLedOff</name>
         <value>0x417d</value>
         <object_component_ref idref="oc-a6"/>
      </symbol>
      <symbol id="sm-67e">
         <name>GPIO_SW1EdgeTriggeredInterruptInit</name>
         <value>0x41ed</value>
         <object_component_ref idref="oc-a6"/>
      </symbol>
      <symbol id="sm-67f">
         <name>GPIO_GreenLedOff</name>
         <value>0x4189</value>
         <object_component_ref idref="oc-a6"/>
      </symbol>
      <symbol id="sm-680">
         <name>GPIO_GreenLedToggle</name>
         <value>0x41cd</value>
         <object_component_ref idref="oc-a6"/>
      </symbol>
      <symbol id="sm-681">
         <name>GPIO_RedLedOff</name>
         <value>0x4171</value>
         <object_component_ref idref="oc-a6"/>
      </symbol>
      <symbol id="sm-682">
         <name>GPIO_BlueLedOn</name>
         <value>0x4159</value>
         <object_component_ref idref="oc-a6"/>
      </symbol>
      <symbol id="sm-683">
         <name>GPIO_RedLedOn</name>
         <value>0x414d</value>
         <object_component_ref idref="oc-a6"/>
      </symbol>
      <symbol id="sm-6a0">
         <name>memcpy</name>
         <value>0x4c21</value>
         <object_component_ref idref="oc-4c"/>
      </symbol>
      <symbol id="sm-6a1">
         <name>__aeabi_memcpy</name>
         <value>0x4c21</value>
         <object_component_ref idref="oc-4c"/>
      </symbol>
      <symbol id="sm-6a2">
         <name>__aeabi_memcpy8</name>
         <value>0x4c21</value>
         <object_component_ref idref="oc-4c"/>
      </symbol>
      <symbol id="sm-6a3">
         <name>__aeabi_memcpy4</name>
         <value>0x4c21</value>
         <object_component_ref idref="oc-4c"/>
      </symbol>
      <symbol id="sm-6b2">
         <name>__aeabi_memset</name>
         <value>0x4cbf</value>
         <object_component_ref idref="oc-e8"/>
      </symbol>
      <symbol id="sm-6b3">
         <name>memset</name>
         <value>0x4cc5</value>
         <object_component_ref idref="oc-e8"/>
      </symbol>
      <symbol id="sm-6b4">
         <name>__aeabi_memset8</name>
         <value>0x4cbf</value>
         <object_component_ref idref="oc-e8"/>
      </symbol>
      <symbol id="sm-6b5">
         <name>__aeabi_memset4</name>
         <value>0x4cbf</value>
         <object_component_ref idref="oc-e8"/>
      </symbol>
      <symbol id="sm-6b6">
         <name>__aeabi_memclr8</name>
         <value>0x4cbd</value>
         <object_component_ref idref="oc-e8"/>
      </symbol>
      <symbol id="sm-6b7">
         <name>__aeabi_memclr4</name>
         <value>0x4cbd</value>
         <object_component_ref idref="oc-e8"/>
      </symbol>
      <symbol id="sm-6b8">
         <name>__aeabi_memclr</name>
         <value>0x4cbd</value>
         <object_component_ref idref="oc-e8"/>
      </symbol>
      <symbol id="sm-6d1">
         <name>__TI_zero_init</name>
         <value>0x4e27</value>
         <object_component_ref idref="oc-5e"/>
      </symbol>
      <symbol id="sm-6e8">
         <name>__TI_decompress_none</name>
         <value>0x4e19</value>
         <object_component_ref idref="oc-1b"/>
      </symbol>
      <symbol id="sm-70b">
         <name>__TI_decompress_lzss</name>
         <value>0x4d37</value>
         <object_component_ref idref="oc-15"/>
      </symbol>
      <symbol id="sm-71e">
         <name>__stack</name>
         <value>0x20001d70</value>
         <object_component_ref idref="oc-24"/>
      </symbol>
      <symbol id="sm-71f">
         <name>_c_int00_noargs</name>
         <value>0x4de5</value>
         <object_component_ref idref="oc-6a"/>
      </symbol>
      <symbol id="sm-748">
         <name>__TI_auto_init_nobinit_nopinit</name>
         <value>0x4da1</value>
         <object_component_ref idref="oc-18f"/>
      </symbol>
      <symbol id="sm-752">
         <name>_system_pre_init</name>
         <value>0x4e3f</value>
         <object_component_ref idref="oc-ee"/>
      </symbol>
      <symbol id="sm-75e">
         <name>C$$EXIT</name>
         <value>0x4e43</value>
         <object_component_ref idref="oc-183"/>
      </symbol>
      <symbol id="sm-75f">
         <name>abort</name>
         <value>0x4e43</value>
         <object_component_ref idref="oc-183"/>
      </symbol>
      <symbol id="sm-762">
         <name>__TI_static_base__</name>
         <value>0x0</value>
      </symbol>
      <symbol id="sm-765">
         <name>__mpu_init</name>
         <value>0x0</value>
      </symbol>
      <symbol id="sm-766">
         <name>_system_post_cinit</name>
         <value>0x0</value>
      </symbol>
   </symbol_table>
   <title>Link successful</title>
</link_info>
