******************************************************************************
                  TI ARM Linker PC v20.2.7                     
******************************************************************************
>> Linked Fri May 10 00:44:58 2024

OUTPUT FILE NAME:   <Power_Window_Controls.out>
ENTRY POINT SYMBOL: "_c_int00_noargs"  address: 00004df1


MEMORY CONFIGURATION

         name            origin    length      used     unused   attr    fill
----------------------  --------  ---------  --------  --------  ----  --------
  FLASH                 00000000   00040000  00004e96  0003b16a  R  X
  SRAM                  20000000   00008000  00001fb8  00006048  RW X


SEGMENT ALLOCATION MAP

run origin  load origin   length   init length attrs members
----------  ----------- ---------- ----------- ----- -------
00000000    00000000    00004e98   00004e98    r-x
  00000000    00000000    0000026c   0000026c    r-- .intvecs
  0000026c    0000026c    00004be6   00004be6    r-x .text
  00004e54    00004e54    0000000c   0000000c    r-- .const
  00004e60    00004e60    00000038   00000038    r-- .cinit
20000000    20000000    00001fb8   00000000    rw-
  20000000    20000000    00001d70   00000000    rw- .bss
  20001d70    20001d70    00000200   00000000    rw- .stack
  20001f70    20001f70    00000048   00000000    rw- .data


SECTION ALLOCATION MAP

 output                                  attributes/
section   page    origin      length       input sections
--------  ----  ----------  ----------   ----------------
.intvecs   0    00000000    0000026c     
                  00000000    0000026c     tm4c123gh6pm_startup_ccs.obj (.intvecs)

.text      0    0000026c    00004be6     
                  0000026c    0000200c     tasks.obj (.text)
                  00002278    00000f1a     queue.obj (.text)
                  00003192    00000002     --HOLE-- [fill = 0]
                  00003194    00000c18     main.obj (.text)
                  00003dac    00000534     gpio.obj (.text)
                  000042e0    000002cc     window_control.obj (.text)
                  000045ac    000002b4     port.obj (.text)
                  00004860    0000012a     list.obj (.text)
                  0000498a    00000002     --HOLE-- [fill = 0]
                  0000498c    000000f4     motors.obj (.text)
                  00004a80    000000da     portasm.obj (.text)
                  00004b5a    00000002     --HOLE-- [fill = 0]
                  00004b5c    000000d0     heap_1.obj (.text)
                  00004c2c    0000009c     rtsv7M4_T_le_v4SPD16_eabi.lib : memcpy_t2.asm.obj (.text)
                  00004cc8    0000007a                                   : memset_t2.asm.obj (.text)
                  00004d42    00000068                                   : copy_decompress_lzss.c.obj (.text:decompress:lzss:__TI_decompress_lzss)
                  00004daa    00000002     --HOLE-- [fill = 0]
                  00004dac    00000044                                   : autoinit.c.obj (.text:__TI_auto_init_nobinit_nopinit:__TI_auto_init_nobinit_nopinit)
                  00004df0    00000034                                   : boot_cortex_m.c.obj (.text:_c_int00_noargs:_c_int00_noargs)
                  00004e24    0000000e                                   : copy_decompress_none.c.obj (.text:decompress:none:__TI_decompress_none)
                  00004e32    0000000c                                   : copy_zero_init.c.obj (.text:decompress:ZI:__TI_zero_init)
                  00004e3e    0000000c     tm4c123gh6pm_startup_ccs.obj (.text)
                  00004e4a    00000004     rtsv7M4_T_le_v4SPD16_eabi.lib : pre_init.c.obj (.text:_system_pre_init)
                  00004e4e    00000004                                   : exit.c.obj (.text:abort:abort)

.const     0    00004e54    0000000c     
                  00004e54    00000008     port.obj (.const)
                  00004e5c    00000004     tasks.obj (.const)

.cinit     0    00004e60    00000038     
                  00004e60    00000012     (.cinit..data.load) [load image, compression = lzss]
                  00004e72    00000002     --HOLE-- [fill = 0]
                  00004e74    0000000c     (__TI_handler_table)
                  00004e80    00000008     (.cinit..bss.load) [load image, compression = zero_init]
                  00004e88    00000010     (__TI_cinit_table)

.init_array 
*          0    00000000    00000000     UNINITIALIZED

.bss       0    20000000    00001d70     UNINITIALIZED
                  20000000    00001c70     heap_1.obj (.bss:ucHeap)
                  20001c70    00000064     tasks.obj (.bss:pxReadyTasksLists)
                  20001cd4    00000014     tasks.obj (.bss:xDelayedTaskList1)
                  20001ce8    00000014     tasks.obj (.bss:xDelayedTaskList2)
                  20001cfc    00000014     tasks.obj (.bss:xPendingReadyList)
                  20001d10    00000014     tasks.obj (.bss:xSuspendedTaskList)
                  20001d24    00000014     tasks.obj (.bss:xTasksWaitingTermination)
                  20001d38    00000008     tasks.obj (.bss)
                  20001d40    00000004     (.common:mutex)
                  20001d44    00000004     (.common:qDriverFlag)
                  20001d48    00000004     (.common:qDriverModeFlag)
                  20001d4c    00000004     (.common:qJamFlag)
                  20001d50    00000004     (.common:qLimitDownFlag)
                  20001d54    00000004     (.common:qLimitUpFlag)
                  20001d58    00000004     (.common:qLockFlag)
                  20001d5c    00000004     (.common:sDriverDown)
                  20001d60    00000004     (.common:sDriverUp)
                  20001d64    00000004     (.common:sJam)
                  20001d68    00000004     (.common:sPassengerDown)
                  20001d6c    00000004     (.common:sPassengerUp)

.data      0    20001f70    00000048     UNINITIALIZED
                  20001f70    00000034     tasks.obj (.data)
                  20001fa4    0000000c     port.obj (.data)
                  20001fb0    00000008     heap_1.obj (.data)

.stack     0    20001d70    00000200     UNINITIALIZED
                  20001d70    00000004     rtsv7M4_T_le_v4SPD16_eabi.lib : boot_cortex_m.c.obj (.stack)
                  20001d74    000001fc     --HOLE--

__llvm_prf_cnts 
*          0    20000000    00000000     UNINITIALIZED

MODULE SUMMARY

       Module                         code    ro data   rw data
       ------                         ----    -------   -------
    .\
       main.obj                       3096    0         48     
       tm4c123gh6pm_startup_ccs.obj   12      620       0      
    +--+------------------------------+-------+---------+---------+
       Total:                         3108    620       48     
                                                               
    .\FreeRTOS\Source\
       tasks.obj                      8204    4         260    
       queue.obj                      3866    0         0      
       list.obj                       298     0         0      
    +--+------------------------------+-------+---------+---------+
       Total:                         12368   4         260    
                                                               
    .\FreeRTOS\Source\portable\CCS\ARM_CM4F\
       port.obj                       692     8         12     
       portasm.obj                    218     0         0      
    +--+------------------------------+-------+---------+---------+
       Total:                         910     8         12     
                                                               
    .\FreeRTOS\Source\portable\MemMang\
       heap_1.obj                     208     0         7288   
    +--+------------------------------+-------+---------+---------+
       Total:                         208     0         7288   
                                                               
    .\HAL\Motors\
       motors.obj                     244     0         0      
    +--+------------------------------+-------+---------+---------+
       Total:                         244     0         0      
                                                               
    .\HAL\Window_Controls\
       window_control.obj             716     0         0      
    +--+------------------------------+-------+---------+---------+
       Total:                         716     0         0      
                                                               
    .\MCAL\GPIO\
       gpio.obj                       1332    0         0      
    +--+------------------------------+-------+---------+---------+
       Total:                         1332    0         0      
                                                               
    D:\ASU\4-Senior1\ti\ccs1270\ccs\tools\compiler\ti-cgt-arm_20.2.7.LTS\lib\rtsv7M4_T_le_v4SPD16_eabi.lib
       memcpy_t2.asm.obj              156     0         0      
       memset_t2.asm.obj              122     0         0      
       copy_decompress_lzss.c.obj     104     0         0      
       autoinit.c.obj                 68      0         0      
       boot_cortex_m.c.obj            52      0         0      
       copy_decompress_none.c.obj     14      0         0      
       copy_zero_init.c.obj           12      0         0      
       exit.c.obj                     4       0         0      
       pre_init.c.obj                 4       0         0      
    +--+------------------------------+-------+---------+---------+
       Total:                         536     0         0      
                                                               
       Stack:                         0       0         512    
       Linker Generated:              0       54        0      
    +--+------------------------------+-------+---------+---------+
       Grand Total:                   19422   686       8120   


LINKER GENERATED COPY TABLES

__TI_cinit_table @ 00004e88 records: 2, size/record: 8, table size: 16
	.data: load addr=00004e60, load size=00000012 bytes, run addr=20001f70, run size=00000048 bytes, compression=lzss
	.bss: load addr=00004e80, load size=00000008 bytes, run addr=20000000, run size=00001d70 bytes, compression=zero_init


LINKER GENERATED HANDLER TABLE

__TI_handler_table @ 00004e74 records: 3, size/record: 4, table size: 12
	index: 0, handler: __TI_decompress_lzss
	index: 1, handler: __TI_decompress_none
	index: 2, handler: __TI_zero_init


GLOBAL SYMBOLS: SORTED ALPHABETICALLY BY Name 

address   name                               
-------   ----                               
00004e4f  C$$EXIT                            
00003219  Delay_MS                           
00003abd  GPIOA_Handler                      
00003b39  GPIOB_Handler                      
00003bd1  GPIOC_Handler                      
00003d45  GPIOF_Handler                      
00004189  GPIO_BlueLedOff                    
00004165  GPIO_BlueLedOn                     
000041cd  GPIO_BlueLedToggle                 
000040e5  GPIO_BuiltinButtonsLedsInit        
00004195  GPIO_GreenLedOff                   
00004171  GPIO_GreenLedOn                    
000041d9  GPIO_GreenLedToggle                
0000417d  GPIO_RedLedOff                     
00004159  GPIO_RedLedOn                      
000041c1  GPIO_RedLedToggle                  
000041f9  GPIO_SW1EdgeTriggeredInterruptInit 
000041e5  GPIO_SW1GetState                   
00004247  GPIO_SW2EdgeTriggeredInterruptInit 
000041ef  GPIO_SW2GetState                   
000041a1  GPIO_TurnOffAll                    
00004421  HAL_Jam_Lock_Switches_Init         
0000439d  HAL_Limit_Switches_Init            
0000498d  HAL_MotorsInit                     
00004a1d  HAL_TurnOffMotorA                  
00004a65  HAL_TurnOffMotorB                  
00004a05  HAL_TurnOnMotorACCLK_WISE          
000049ed  HAL_TurnOnMotorACLK_WISE           
00004a4d  HAL_TurnOnMotorBCCLK_WISE          
00004a35  HAL_TurnOnMotorBCLK_WISE           
000044a5  HAL_Window_Switches_Init           
00003dad  MCAL_GPIO_Init                     
00003dd1  MCAL_GPIO_Pin_Init                 
000040bd  MCAL_GPIO_ReadPin                  
00004093  MCAL_GPIO_TogglePin                
0000403f  MCAL_GPIO_WritePin                 
0000407b  MCAL_GPIO_WritePort                
00004e3f  ResetISR                           
20001f70  __STACK_END                        
00000200  __STACK_SIZE                       
20001f70  __STACK_TOP                        
00004e88  __TI_CINIT_Base                    
00004e98  __TI_CINIT_Limit                   
00004e74  __TI_Handler_Table_Base            
00004e80  __TI_Handler_Table_Limit           
00004dad  __TI_auto_init_nobinit_nopinit     
00004d43  __TI_decompress_lzss               
00004e25  __TI_decompress_none               
ffffffff  __TI_pprof_out_hndl                
ffffffff  __TI_prof_data_size                
ffffffff  __TI_prof_data_start               
00000000  __TI_static_base__                 
00004e33  __TI_zero_init                     
00004cc9  __aeabi_memclr                     
00004cc9  __aeabi_memclr4                    
00004cc9  __aeabi_memclr8                    
00004c2d  __aeabi_memcpy                     
00004c2d  __aeabi_memcpy4                    
00004c2d  __aeabi_memcpy8                    
00004ccb  __aeabi_memset                     
00004ccb  __aeabi_memset4                    
00004ccb  __aeabi_memset8                    
ffffffff  __binit__                          
ffffffff  __c_args__                         
UNDEFED   __mpu_init                         
20001d70  __stack                            
20000000  __start___llvm_prf_cnts            
20000000  __stop___llvm_prf_cnts             
00004df1  _c_int00_noargs                    
UNDEFED   _system_post_cinit                 
00004e4b  _system_pre_init                   
00004e4f  abort                              
ffffffff  binit                              
00000000  g_pfnVectors                       
00003195  main                               
00004c2d  memcpy                             
00004cd1  memset                             
20001d40  mutex                              
00000c97  pcTaskGetName                      
00004b5d  pvPortMalloc                       
0000191f  pvTaskIncrementMutexHeldCount      
20001f70  pxCurrentTCB                       
000045ad  pxPortInitialiseStack              
20001d44  qDriverFlag                        
20001d48  qDriverModeFlag                    
20001d4c  qJamFlag                           
20001d50  qLimitDownFlag                     
20001d54  qLimitUpFlag                       
20001d58  qLockFlag                          
0000436f  read_SWT                           
000042e1  read_swt                           
20001d5c  sDriverDown                        
20001d60  sDriverUp                          
20001d64  sJam                               
20001d68  sPassengerDown                     
20001d6c  sPassengerUp                       
00004e54  ulMaxSyscallInterruptPriority      
00004a91  ulPortGetIPSR                      
00001937  ulTaskGenericNotifyTake            
00002139  ulTaskGenericNotifyValueClear      
00004943  uxListRemove                       
00002e69  uxQueueMessagesWaiting             
00002ec7  uxQueueMessagesWaitingFromISR      
00002e93  uxQueueSpacesAvailable             
00000c91  uxTaskGetNumberOfTasks             
000018fd  uxTaskResetEventItemValue          
00004e5c  uxTopUsedPriority                  
00003949  vDriverWindowDownTask              
000037ed  vDriverWindowUpTask                
00003391  vInitTask                          
00003a51  vJamClearingTask                   
00004861  vListInitialise                    
00004891  vListInitialiseItem                
000048dd  vListInsert                        
000048a1  vListInsertEnd                     
00003679  vPassengerWindowDownTask           
000034a5  vPassengerWindowUpTask             
00004b4d  vPortEnableVFP                     
000046f1  vPortEndScheduler                  
00004715  vPortEnterCritical                 
00004757  vPortExitCritical                  
00004be9  vPortFree                          
00004c0d  vPortInitialiseBlocks              
00004b09  vPortSVCHandler                    
000047a9  vPortSetupTimerInterrupt           
00004b29  vPortStartFirstTask                
000047c3  vPortValidateInterruptPriority     
00002ef1  vQueueDelete                       
00000685  vTaskDelay                         
000004bf  vTaskDelete                        
00000a93  vTaskEndScheduler                  
00001f21  vTaskGenericNotifyGiveFromISR      
0000136d  vTaskInternalSetTimeOutState       
00001441  vTaskMissedYield                   
00000fad  vTaskPlaceOnEventList              
00000ff1  vTaskPlaceOnUnorderedEventList     
000017b1  vTaskPriorityDisinheritAfterTimeout
000011fd  vTaskRemoveFromUnorderedEventList  
00000849  vTaskResume                        
0000133b  vTaskSetTimeOutState               
00000a29  vTaskStartScheduler                
000006e9  vTaskSuspend                       
00000aaf  vTaskSuspendAll                    
00000f23  vTaskSwitchContext                 
00004c15  xPortGetFreeHeapSize               
00004aa9  xPortPendSVHandler                 
00004639  xPortStartScheduler                
00004783  xPortSysTickHandler                
0000245f  xQueueCreateMutex                  
00002379  xQueueGenericCreate                
00002279  xQueueGenericReset                 
0000248b  xQueueGenericSend                  
0000261d  xQueueGenericSendFromISR           
00002755  xQueueGiveFromISR                  
000030ff  xQueueIsQueueEmptyFromISR          
00003159  xQueueIsQueueFullFromISR           
00002b59  xQueuePeek                         
00002db7  xQueuePeekFromISR                  
00002879  xQueueReceive                      
00002cb1  xQueueReceiveFromISR               
000029cb  xQueueSemaphoreTake                
00000ce5  xTaskCatchUpTicks                  
00001395  xTaskCheckForTimeOut               
0000026d  xTaskCreate                        
00000593  xTaskDelayUntil                    
00001ae1  xTaskGenericNotify                 
00001ccd  xTaskGenericNotifyFromISR          
000020d1  xTaskGenericNotifyStateClear       
000019f5  xTaskGenericNotifyWait             
0000154d  xTaskGetCurrentTaskHandle          
00000c69  xTaskGetTickCount                  
00000c79  xTaskGetTickCountFromISR           
00000d4d  xTaskIncrementTick                 
0000169d  xTaskPriorityDisinherit            
00001565  xTaskPriorityInherit               
0000109d  xTaskRemoveFromEventList           
00000ac1  xTaskResumeAll                     
00000921  xTaskResumeFromISR                 


GLOBAL SYMBOLS: SORTED BY Symbol Address 

address   name                               
-------   ----                               
00000000  __TI_static_base__                 
00000000  g_pfnVectors                       
00000200  __STACK_SIZE                       
0000026d  xTaskCreate                        
000004bf  vTaskDelete                        
00000593  xTaskDelayUntil                    
00000685  vTaskDelay                         
000006e9  vTaskSuspend                       
00000849  vTaskResume                        
00000921  xTaskResumeFromISR                 
00000a29  vTaskStartScheduler                
00000a93  vTaskEndScheduler                  
00000aaf  vTaskSuspendAll                    
00000ac1  xTaskResumeAll                     
00000c69  xTaskGetTickCount                  
00000c79  xTaskGetTickCountFromISR           
00000c91  uxTaskGetNumberOfTasks             
00000c97  pcTaskGetName                      
00000ce5  xTaskCatchUpTicks                  
00000d4d  xTaskIncrementTick                 
00000f23  vTaskSwitchContext                 
00000fad  vTaskPlaceOnEventList              
00000ff1  vTaskPlaceOnUnorderedEventList     
0000109d  xTaskRemoveFromEventList           
000011fd  vTaskRemoveFromUnorderedEventList  
0000133b  vTaskSetTimeOutState               
0000136d  vTaskInternalSetTimeOutState       
00001395  xTaskCheckForTimeOut               
00001441  vTaskMissedYield                   
0000154d  xTaskGetCurrentTaskHandle          
00001565  xTaskPriorityInherit               
0000169d  xTaskPriorityDisinherit            
000017b1  vTaskPriorityDisinheritAfterTimeout
000018fd  uxTaskResetEventItemValue          
0000191f  pvTaskIncrementMutexHeldCount      
00001937  ulTaskGenericNotifyTake            
000019f5  xTaskGenericNotifyWait             
00001ae1  xTaskGenericNotify                 
00001ccd  xTaskGenericNotifyFromISR          
00001f21  vTaskGenericNotifyGiveFromISR      
000020d1  xTaskGenericNotifyStateClear       
00002139  ulTaskGenericNotifyValueClear      
00002279  xQueueGenericReset                 
00002379  xQueueGenericCreate                
0000245f  xQueueCreateMutex                  
0000248b  xQueueGenericSend                  
0000261d  xQueueGenericSendFromISR           
00002755  xQueueGiveFromISR                  
00002879  xQueueReceive                      
000029cb  xQueueSemaphoreTake                
00002b59  xQueuePeek                         
00002cb1  xQueueReceiveFromISR               
00002db7  xQueuePeekFromISR                  
00002e69  uxQueueMessagesWaiting             
00002e93  uxQueueSpacesAvailable             
00002ec7  uxQueueMessagesWaitingFromISR      
00002ef1  vQueueDelete                       
000030ff  xQueueIsQueueEmptyFromISR          
00003159  xQueueIsQueueFullFromISR           
00003195  main                               
00003219  Delay_MS                           
00003391  vInitTask                          
000034a5  vPassengerWindowUpTask             
00003679  vPassengerWindowDownTask           
000037ed  vDriverWindowUpTask                
00003949  vDriverWindowDownTask              
00003a51  vJamClearingTask                   
00003abd  GPIOA_Handler                      
00003b39  GPIOB_Handler                      
00003bd1  GPIOC_Handler                      
00003d45  GPIOF_Handler                      
00003dad  MCAL_GPIO_Init                     
00003dd1  MCAL_GPIO_Pin_Init                 
0000403f  MCAL_GPIO_WritePin                 
0000407b  MCAL_GPIO_WritePort                
00004093  MCAL_GPIO_TogglePin                
000040bd  MCAL_GPIO_ReadPin                  
000040e5  GPIO_BuiltinButtonsLedsInit        
00004159  GPIO_RedLedOn                      
00004165  GPIO_BlueLedOn                     
00004171  GPIO_GreenLedOn                    
0000417d  GPIO_RedLedOff                     
00004189  GPIO_BlueLedOff                    
00004195  GPIO_GreenLedOff                   
000041a1  GPIO_TurnOffAll                    
000041c1  GPIO_RedLedToggle                  
000041cd  GPIO_BlueLedToggle                 
000041d9  GPIO_GreenLedToggle                
000041e5  GPIO_SW1GetState                   
000041ef  GPIO_SW2GetState                   
000041f9  GPIO_SW1EdgeTriggeredInterruptInit 
00004247  GPIO_SW2EdgeTriggeredInterruptInit 
000042e1  read_swt                           
0000436f  read_SWT                           
0000439d  HAL_Limit_Switches_Init            
00004421  HAL_Jam_Lock_Switches_Init         
000044a5  HAL_Window_Switches_Init           
000045ad  pxPortInitialiseStack              
00004639  xPortStartScheduler                
000046f1  vPortEndScheduler                  
00004715  vPortEnterCritical                 
00004757  vPortExitCritical                  
00004783  xPortSysTickHandler                
000047a9  vPortSetupTimerInterrupt           
000047c3  vPortValidateInterruptPriority     
00004861  vListInitialise                    
00004891  vListInitialiseItem                
000048a1  vListInsertEnd                     
000048dd  vListInsert                        
00004943  uxListRemove                       
0000498d  HAL_MotorsInit                     
000049ed  HAL_TurnOnMotorACLK_WISE           
00004a05  HAL_TurnOnMotorACCLK_WISE          
00004a1d  HAL_TurnOffMotorA                  
00004a35  HAL_TurnOnMotorBCLK_WISE           
00004a4d  HAL_TurnOnMotorBCCLK_WISE          
00004a65  HAL_TurnOffMotorB                  
00004a91  ulPortGetIPSR                      
00004aa9  xPortPendSVHandler                 
00004b09  vPortSVCHandler                    
00004b29  vPortStartFirstTask                
00004b4d  vPortEnableVFP                     
00004b5d  pvPortMalloc                       
00004be9  vPortFree                          
00004c0d  vPortInitialiseBlocks              
00004c15  xPortGetFreeHeapSize               
00004c2d  __aeabi_memcpy                     
00004c2d  __aeabi_memcpy4                    
00004c2d  __aeabi_memcpy8                    
00004c2d  memcpy                             
00004cc9  __aeabi_memclr                     
00004cc9  __aeabi_memclr4                    
00004cc9  __aeabi_memclr8                    
00004ccb  __aeabi_memset                     
00004ccb  __aeabi_memset4                    
00004ccb  __aeabi_memset8                    
00004cd1  memset                             
00004d43  __TI_decompress_lzss               
00004dad  __TI_auto_init_nobinit_nopinit     
00004df1  _c_int00_noargs                    
00004e25  __TI_decompress_none               
00004e33  __TI_zero_init                     
00004e3f  ResetISR                           
00004e4b  _system_pre_init                   
00004e4f  C$$EXIT                            
00004e4f  abort                              
00004e54  ulMaxSyscallInterruptPriority      
00004e5c  uxTopUsedPriority                  
00004e74  __TI_Handler_Table_Base            
00004e80  __TI_Handler_Table_Limit           
00004e88  __TI_CINIT_Base                    
00004e98  __TI_CINIT_Limit                   
20000000  __start___llvm_prf_cnts            
20000000  __stop___llvm_prf_cnts             
20001d40  mutex                              
20001d44  qDriverFlag                        
20001d48  qDriverModeFlag                    
20001d4c  qJamFlag                           
20001d50  qLimitDownFlag                     
20001d54  qLimitUpFlag                       
20001d58  qLockFlag                          
20001d5c  sDriverDown                        
20001d60  sDriverUp                          
20001d64  sJam                               
20001d68  sPassengerDown                     
20001d6c  sPassengerUp                       
20001d70  __stack                            
20001f70  __STACK_END                        
20001f70  __STACK_TOP                        
20001f70  pxCurrentTCB                       
ffffffff  __TI_pprof_out_hndl                
ffffffff  __TI_prof_data_size                
ffffffff  __TI_prof_data_start               
ffffffff  __binit__                          
ffffffff  __c_args__                         
ffffffff  binit                              
UNDEFED   __mpu_init                         
UNDEFED   _system_post_cinit                 

[178 symbols]
