******************************************************************************
                  TI ARM Linker PC v20.2.7                     
******************************************************************************
>> Linked Tue May  7 18:07:39 2024

OUTPUT FILE NAME:   <Code.out>
ENTRY POINT SYMBOL: "_c_int00_noargs"  address: 00002a89


MEMORY CONFIGURATION

         name            origin    length      used     unused   attr    fill
----------------------  --------  ---------  --------  --------  ----  --------
  FLASH                 00000000   00040000  00002b62  0003d49e  R  X
  SRAM                  20000000   00008000  000012ec  00006d14  RW X


SEGMENT ALLOCATION MAP

run origin  load origin   length   init length attrs members
----------  ----------- ---------- ----------- ----- -------
00000000    00000000    00002b68   00002b68    r-x
  00000000    00000000    0000026c   0000026c    r-- .intvecs
  0000026c    0000026c    000028b2   000028b2    r-x .text
  00002b20    00002b20    0000000c   0000000c    r-- .const
  00002b30    00002b30    00000038   00000038    r-- .cinit
20000000    20000000    000012ec   00000000    rw-
  20000000    20000000    000010a8   00000000    rw- .bss
  200010a8    200010a8    00000200   00000000    rw- .stack
  200012a8    200012a8    00000044   00000000    rw- .data


SECTION ALLOCATION MAP

 output                                  attributes/
section   page    origin      length       input sections
--------  ----  ----------  ----------   ----------------
.intvecs   0    00000000    0000026c     
                  00000000    0000026c     tm4c123gh6pm_startup_ccs.obj (.intvecs)

.text      0    0000026c    000028b2     
                  0000026c    0000168c     tasks.obj (.text)
                  000018f8    0000054c     gpio.obj (.text)
                  00001e44    000002cc     window_control.obj (.text)
                  00002110    000002b4     port.obj (.text)
                  000023c4    00000134     main.obj (.text)
                  000024f8    0000012a     list.obj (.text)
                  00002622    00000002     --HOLE-- [fill = 0]
                  00002624    000000f4     motors.obj (.text)
                  00002718    000000da     portasm.obj (.text)
                  000027f2    00000002     --HOLE-- [fill = 0]
                  000027f4    000000d0     heap_1.obj (.text)
                  000028c4    0000009c     rtsv7M4_T_le_v4SPD16_eabi.lib : memcpy_t2.asm.obj (.text)
                  00002960    0000007a                                   : memset_t2.asm.obj (.text)
                  000029da    00000068                                   : copy_decompress_lzss.c.obj (.text:decompress:lzss:__TI_decompress_lzss)
                  00002a42    00000002     --HOLE-- [fill = 0]
                  00002a44    00000044                                   : autoinit.c.obj (.text:__TI_auto_init_nobinit_nopinit:__TI_auto_init_nobinit_nopinit)
                  00002a88    00000034                                   : boot_cortex_m.c.obj (.text:_c_int00_noargs:_c_int00_noargs)
                  00002abc    00000018     driverlib.lib : gpio.obj (.text:GPIOUnlockPin)
                  00002ad4    00000010                   : interrupt.obj (.text:IntMasterEnable)
                  00002ae4    0000000e     rtsv7M4_T_le_v4SPD16_eabi.lib : copy_decompress_none.c.obj (.text:decompress:none:__TI_decompress_none)
                  00002af2    0000000c     driverlib.lib : cpu.obj (.text:CPUcpsie)
                  00002afe    0000000c     rtsv7M4_T_le_v4SPD16_eabi.lib : copy_zero_init.c.obj (.text:decompress:ZI:__TI_zero_init)
                  00002b0a    0000000c     tm4c123gh6pm_startup_ccs.obj (.text)
                  00002b16    00000004     rtsv7M4_T_le_v4SPD16_eabi.lib : pre_init.c.obj (.text:_system_pre_init)
                  00002b1a    00000004                                   : exit.c.obj (.text:abort:abort)

.const     0    00002b20    0000000c     
                  00002b20    00000008     port.obj (.const)
                  00002b28    00000004     tasks.obj (.const)

.cinit     0    00002b30    00000038     
                  00002b30    00000012     (.cinit..data.load) [load image, compression = lzss]
                  00002b42    00000002     --HOLE-- [fill = 0]
                  00002b44    0000000c     (__TI_handler_table)
                  00002b50    00000008     (.cinit..bss.load) [load image, compression = zero_init]
                  00002b58    00000010     (__TI_cinit_table)

.init_array 
*          0    00000000    00000000     UNINITIALIZED

.bss       0    20000000    000010a8     UNINITIALIZED
                  20000000    00001000     heap_1.obj (.bss:ucHeap)
                  20001000    00000064     tasks.obj (.bss:pxReadyTasksLists)
                  20001064    00000014     tasks.obj (.bss:xDelayedTaskList1)
                  20001078    00000014     tasks.obj (.bss:xDelayedTaskList2)
                  2000108c    00000014     tasks.obj (.bss:xPendingReadyList)
                  200010a0    00000008     tasks.obj (.bss)

.data      0    200012a8    00000044     UNINITIALIZED
                  200012a8    00000030     tasks.obj (.data)
                  200012d8    0000000c     port.obj (.data)
                  200012e4    00000008     heap_1.obj (.data)

.stack     0    200010a8    00000200     UNINITIALIZED
                  200010a8    00000004     rtsv7M4_T_le_v4SPD16_eabi.lib : boot_cortex_m.c.obj (.stack)
                  200010ac    000001fc     --HOLE--

__llvm_prf_cnts 
*          0    20000000    00000000     UNINITIALIZED

MODULE SUMMARY

       Module                         code    ro data   rw data
       ------                         ----    -------   -------
    .\
       main.obj                       308     0         0      
    +--+------------------------------+-------+---------+---------+
       Total:                         308     0         0      
                                                               
    .\FreeRTOS\Source\
       tasks.obj                      5772    4         216    
       list.obj                       298     0         0      
    +--+------------------------------+-------+---------+---------+
       Total:                         6070    4         216    
                                                               
    .\FreeRTOS\Source\portable\CCS\ARM_CM4F\
       port.obj                       692     8         12     
       portasm.obj                    218     0         0      
    +--+------------------------------+-------+---------+---------+
       Total:                         910     8         12     
                                                               
    .\FreeRTOS\Source\portable\MemMang\
       heap_1.obj                     208     0         4104   
    +--+------------------------------+-------+---------+---------+
       Total:                         208     0         4104   
                                                               
    .\HAL\Motors\
       motors.obj                     244     0         0      
    +--+------------------------------+-------+---------+---------+
       Total:                         244     0         0      
                                                               
    .\HAL\Window_Controls\
       window_control.obj             716     0         0      
    +--+------------------------------+-------+---------+---------+
       Total:                         716     0         0      
                                                               
    .\MCAL\GPIO\
       gpio.obj                       1356    0         0      
    +--+------------------------------+-------+---------+---------+
       Total:                         1356    0         0      
                                                               
    .\targetConfigs\
       tm4c123gh6pm_startup_ccs.obj   12      620       0      
    +--+------------------------------+-------+---------+---------+
       Total:                         12      620       0      
                                                               
    D:/ASU/4-Senior1/Fall 23/CSE211 Introduction to Embedded Systems/Tivaware/driverlib/ccs/Debug/driverlib.lib
       gpio.obj                       24      0         0      
       interrupt.obj                  16      0         0      
       cpu.obj                        12      0         0      
    +--+------------------------------+-------+---------+---------+
       Total:                         52      0         0      
                                                               
    D:\ASU\4-Senior1\ti\ccs1270\ccs\tools\compiler\ti-cgt-arm_20.2.7.LTS\lib\rtsv7M4_T_le_v4SPD16_eabi.lib
       memcpy_t2.asm.obj              156     0         0      
       memset_t2.asm.obj              122     0         0      
       copy_decompress_lzss.c.obj     104     0         0      
       autoinit.c.obj                 68      0         0      
       boot_cortex_m.c.obj            52      0         0      
       copy_decompress_none.c.obj     14      0         0      
       copy_zero_init.c.obj           12      0         0      
       exit.c.obj                     4       0         0      
       pre_init.c.obj                 4       0         0      
    +--+------------------------------+-------+---------+---------+
       Total:                         536     0         0      
                                                               
       Stack:                         0       0         512    
       Linker Generated:              0       54        0      
    +--+------------------------------+-------+---------+---------+
       Grand Total:                   10412   686       4844   


LINKER GENERATED COPY TABLES

__TI_cinit_table @ 00002b58 records: 2, size/record: 8, table size: 16
	.data: load addr=00002b30, load size=00000012 bytes, run addr=200012a8, run size=00000044 bytes, compression=lzss
	.bss: load addr=00002b50, load size=00000008 bytes, run addr=20000000, run size=000010a8 bytes, compression=zero_init


LINKER GENERATED HANDLER TABLE

__TI_handler_table @ 00002b44 records: 3, size/record: 4, table size: 12
	index: 0, handler: __TI_decompress_lzss
	index: 1, handler: __TI_decompress_none
	index: 2, handler: __TI_zero_init


GLOBAL SYMBOLS: SORTED ALPHABETICALLY BY Name 

address   name                              
-------   ----                              
00002b1b  C$$EXIT                           
00002af3  CPUcpsie                          
0000241b  GPIOA_Handler                     
0000244d  GPIOB_Handler                     
0000247f  GPIOC_Handler                     
00002abd  GPIOUnlockPin                     
00001d39  GPIO_BlueLedOff                   
00001d15  GPIO_BlueLedOn                    
00001d5d  GPIO_BlueLedToggle                
000018f9  GPIO_BuiltinButtonsLedsInit       
00001d45  GPIO_GreenLedOff                  
00001d21  GPIO_GreenLedOn                   
00001d69  GPIO_GreenLedToggle               
0000196d  GPIO_LEDInit                      
00001d2d  GPIO_RedLedOff                    
00001d09  GPIO_RedLedOn                     
00001d51  GPIO_RedLedToggle                 
00001d89  GPIO_SW1EdgeTriggeredInterruptInit
00001d75  GPIO_SW1GetState                  
00001dd7  GPIO_SW2EdgeTriggeredInterruptInit
00001d7f  GPIO_SW2GetState                  
00001f85  HAL_Jam_Lock_Switches_Init        
00001f01  HAL_Limit_Switches_Init           
00002625  HAL_MotorsInit                    
000026b5  HAL_TurnOffMotorA                 
000026fd  HAL_TurnOffMotorB                 
0000269d  HAL_TurnOnMotorACCLK_WISE         
00002685  HAL_TurnOnMotorACLK_WISE          
000026e5  HAL_TurnOnMotorBCCLK_WISE         
000026cd  HAL_TurnOnMotorBCLK_WISE          
00002009  HAL_Window_Switches_Init          
00002ad5  IntMasterEnable                   
0000199b  MCAL_GPIO_Init                    
000019d9  MCAL_GPIO_Pin_Init                
00001ce1  MCAL_GPIO_ReadPin                 
00001cbd  MCAL_GPIO_TogglePin               
00001c69  MCAL_GPIO_WritePin                
00001ca5  MCAL_GPIO_WritePort               
00002b0b  ResetISR                          
200012a8  __STACK_END                       
00000200  __STACK_SIZE                      
200012a8  __STACK_TOP                       
00002b58  __TI_CINIT_Base                   
00002b68  __TI_CINIT_Limit                  
00002b44  __TI_Handler_Table_Base           
00002b50  __TI_Handler_Table_Limit          
00002a45  __TI_auto_init_nobinit_nopinit    
000029db  __TI_decompress_lzss              
00002ae5  __TI_decompress_none              
ffffffff  __TI_pprof_out_hndl               
ffffffff  __TI_prof_data_size               
ffffffff  __TI_prof_data_start              
00000000  __TI_static_base__                
00002aff  __TI_zero_init                    
00002961  __aeabi_memclr                    
00002961  __aeabi_memclr4                   
00002961  __aeabi_memclr8                   
000028c5  __aeabi_memcpy                    
000028c5  __aeabi_memcpy4                   
000028c5  __aeabi_memcpy8                   
00002963  __aeabi_memset                    
00002963  __aeabi_memset4                   
00002963  __aeabi_memset8                   
ffffffff  __binit__                         
ffffffff  __c_args__                        
UNDEFED   __mpu_init                        
200010a8  __stack                           
20000000  __start___llvm_prf_cnts           
20000000  __stop___llvm_prf_cnts            
00002a89  _c_int00_noargs                   
UNDEFED   _system_post_cinit                
00002b17  _system_pre_init                  
00002b1b  abort                             
ffffffff  binit                             
00000000  g_pfnVectors                      
000023c5  main                              
000028c5  memcpy                            
00002969  memset                            
0000078f  pcTaskGetName                     
000027f5  pvPortMalloc                      
200012a8  pxCurrentTCB                      
00002111  pxPortInitialiseStack             
00001ed3  read_SWT                          
00001e45  read_swt                          
00002b20  ulMaxSyscallInterruptPriority     
00002729  ulPortGetIPSR                     
00000ffd  ulTaskGenericNotifyTake           
00001811  ulTaskGenericNotifyValueClear     
000025db  uxListRemove                      
00000789  uxTaskGetNumberOfTasks            
00000fdb  uxTaskResetEventItemValue         
00002b28  uxTopUsedPriority                 
000024f9  vListInitialise                   
00002529  vListInitialiseItem               
00002575  vListInsert                       
00002539  vListInsertEnd                    
000023d9  vPeriodicGreenLedTask             
000027e5  vPortEnableVFP                    
00002255  vPortEndScheduler                 
00002279  vPortEnterCritical                
000022bb  vPortExitCritical                 
00002881  vPortFree                         
000028a5  vPortInitialiseBlocks             
000027a1  vPortSVCHandler                   
0000230d  vPortSetupTimerInterrupt          
000027c1  vPortStartFirstTask               
00002327  vPortValidateInterruptPriority    
000004b9  vTaskDelay                        
00000575  vTaskEndScheduler                 
000015f9  vTaskGenericNotifyGiveFromISR     
00000e59  vTaskInternalSetTimeOutState      
00000f1d  vTaskMissedYield                  
00000a99  vTaskPlaceOnEventList             
00000add  vTaskPlaceOnUnorderedEventList    
00000ce9  vTaskRemoveFromUnorderedEventList 
00000e27  vTaskSetTimeOutState              
0000050b  vTaskStartScheduler               
00000591  vTaskSuspendAll                   
00000a0d  vTaskSwitchContext                
000028ad  xPortGetFreeHeapSize              
00002741  xPortPendSVHandler                
0000219d  xPortStartScheduler               
000022e7  xPortSysTickHandler               
000007d9  xTaskCatchUpTicks                 
00000e7d  xTaskCheckForTimeOut              
0000026d  xTaskCreate                       
000011bd  xTaskGenericNotify                
000013a3  xTaskGenericNotifyFromISR         
000017a9  xTaskGenericNotifyStateClear      
000010bd  xTaskGenericNotifyWait            
00000fcb  xTaskGetCurrentTaskHandle         
00000761  xTaskGetTickCount                 
00000775  xTaskGetTickCountFromISR          
00000831  xTaskIncrementTick                
00000b89  xTaskRemoveFromEventList          
000005a9  xTaskResumeAll                    


GLOBAL SYMBOLS: SORTED BY Symbol Address 

address   name                              
-------   ----                              
00000000  __TI_static_base__                
00000000  g_pfnVectors                      
00000200  __STACK_SIZE                      
0000026d  xTaskCreate                       
000004b9  vTaskDelay                        
0000050b  vTaskStartScheduler               
00000575  vTaskEndScheduler                 
00000591  vTaskSuspendAll                   
000005a9  xTaskResumeAll                    
00000761  xTaskGetTickCount                 
00000775  xTaskGetTickCountFromISR          
00000789  uxTaskGetNumberOfTasks            
0000078f  pcTaskGetName                     
000007d9  xTaskCatchUpTicks                 
00000831  xTaskIncrementTick                
00000a0d  vTaskSwitchContext                
00000a99  vTaskPlaceOnEventList             
00000add  vTaskPlaceOnUnorderedEventList    
00000b89  xTaskRemoveFromEventList          
00000ce9  vTaskRemoveFromUnorderedEventList 
00000e27  vTaskSetTimeOutState              
00000e59  vTaskInternalSetTimeOutState      
00000e7d  xTaskCheckForTimeOut              
00000f1d  vTaskMissedYield                  
00000fcb  xTaskGetCurrentTaskHandle         
00000fdb  uxTaskResetEventItemValue         
00000ffd  ulTaskGenericNotifyTake           
000010bd  xTaskGenericNotifyWait            
000011bd  xTaskGenericNotify                
000013a3  xTaskGenericNotifyFromISR         
000015f9  vTaskGenericNotifyGiveFromISR     
000017a9  xTaskGenericNotifyStateClear      
00001811  ulTaskGenericNotifyValueClear     
000018f9  GPIO_BuiltinButtonsLedsInit       
0000196d  GPIO_LEDInit                      
0000199b  MCAL_GPIO_Init                    
000019d9  MCAL_GPIO_Pin_Init                
00001c69  MCAL_GPIO_WritePin                
00001ca5  MCAL_GPIO_WritePort               
00001cbd  MCAL_GPIO_TogglePin               
00001ce1  MCAL_GPIO_ReadPin                 
00001d09  GPIO_RedLedOn                     
00001d15  GPIO_BlueLedOn                    
00001d21  GPIO_GreenLedOn                   
00001d2d  GPIO_RedLedOff                    
00001d39  GPIO_BlueLedOff                   
00001d45  GPIO_GreenLedOff                  
00001d51  GPIO_RedLedToggle                 
00001d5d  GPIO_BlueLedToggle                
00001d69  GPIO_GreenLedToggle               
00001d75  GPIO_SW1GetState                  
00001d7f  GPIO_SW2GetState                  
00001d89  GPIO_SW1EdgeTriggeredInterruptInit
00001dd7  GPIO_SW2EdgeTriggeredInterruptInit
00001e45  read_swt                          
00001ed3  read_SWT                          
00001f01  HAL_Limit_Switches_Init           
00001f85  HAL_Jam_Lock_Switches_Init        
00002009  HAL_Window_Switches_Init          
00002111  pxPortInitialiseStack             
0000219d  xPortStartScheduler               
00002255  vPortEndScheduler                 
00002279  vPortEnterCritical                
000022bb  vPortExitCritical                 
000022e7  xPortSysTickHandler               
0000230d  vPortSetupTimerInterrupt          
00002327  vPortValidateInterruptPriority    
000023c5  main                              
000023d9  vPeriodicGreenLedTask             
0000241b  GPIOA_Handler                     
0000244d  GPIOB_Handler                     
0000247f  GPIOC_Handler                     
000024f9  vListInitialise                   
00002529  vListInitialiseItem               
00002539  vListInsertEnd                    
00002575  vListInsert                       
000025db  uxListRemove                      
00002625  HAL_MotorsInit                    
00002685  HAL_TurnOnMotorACLK_WISE          
0000269d  HAL_TurnOnMotorACCLK_WISE         
000026b5  HAL_TurnOffMotorA                 
000026cd  HAL_TurnOnMotorBCLK_WISE          
000026e5  HAL_TurnOnMotorBCCLK_WISE         
000026fd  HAL_TurnOffMotorB                 
00002729  ulPortGetIPSR                     
00002741  xPortPendSVHandler                
000027a1  vPortSVCHandler                   
000027c1  vPortStartFirstTask               
000027e5  vPortEnableVFP                    
000027f5  pvPortMalloc                      
00002881  vPortFree                         
000028a5  vPortInitialiseBlocks             
000028ad  xPortGetFreeHeapSize              
000028c5  __aeabi_memcpy                    
000028c5  __aeabi_memcpy4                   
000028c5  __aeabi_memcpy8                   
000028c5  memcpy                            
00002961  __aeabi_memclr                    
00002961  __aeabi_memclr4                   
00002961  __aeabi_memclr8                   
00002963  __aeabi_memset                    
00002963  __aeabi_memset4                   
00002963  __aeabi_memset8                   
00002969  memset                            
000029db  __TI_decompress_lzss              
00002a45  __TI_auto_init_nobinit_nopinit    
00002a89  _c_int00_noargs                   
00002abd  GPIOUnlockPin                     
00002ad5  IntMasterEnable                   
00002ae5  __TI_decompress_none              
00002af3  CPUcpsie                          
00002aff  __TI_zero_init                    
00002b0b  ResetISR                          
00002b17  _system_pre_init                  
00002b1b  C$$EXIT                           
00002b1b  abort                             
00002b20  ulMaxSyscallInterruptPriority     
00002b28  uxTopUsedPriority                 
00002b44  __TI_Handler_Table_Base           
00002b50  __TI_Handler_Table_Limit          
00002b58  __TI_CINIT_Base                   
00002b68  __TI_CINIT_Limit                  
20000000  __start___llvm_prf_cnts           
20000000  __stop___llvm_prf_cnts            
200010a8  __stack                           
200012a8  __STACK_END                       
200012a8  __STACK_TOP                       
200012a8  pxCurrentTCB                      
ffffffff  __TI_pprof_out_hndl               
ffffffff  __TI_prof_data_size               
ffffffff  __TI_prof_data_start              
ffffffff  __binit__                         
ffffffff  __c_args__                        
ffffffff  binit                             
UNDEFED   __mpu_init                        
UNDEFED   _system_post_cinit                

[136 symbols]
